10.1.16.19 - - [29/Nov/2025:01:05:15 +0000]  "GET /sites/default/files/js/js_bju3-lsE4BPfGeCybUpJsPQjR4jeLZbnKiXHyXoqsDo.js?scope=header&delta=0&language=en&theme=claro&include=eJxdzlEOwyAIBuALWT3DTtKgEsPmhCAu3e3Xh5rGvcHHH_JHKruQYIjX4BI3w8MG1JB1CFR_y2bMNYKeIcV5hmT0wa1Sey2eCSoXD084VleWOMy4LWwQKyp24dbPf66jGbXSd1P4ztCC7moTZqu_3WNPIPjIb2o_Ll5a0A HTTP/1.1" 200 866 "https://dev-nord-staging.pantheonsite.io/admin/structure/paragraphs_type" "Mozilla/5.0 (Macintosh; Intel Mac OS X 10_15_7) AppleWebKit/537.36 (KHTML, like Gecko) Chrome/142.0.0.0 Safari/537.36" 0.000 "2a02:a58:8416:c500:dd21:85db:5890:145a, 2a02:a58:8416:c500:dd21:85db:5890:145a, 10.1.16.19"
10.1.16.19 - - [29/Nov/2025:01:05:15 +0000]  "GET /sites/default/files/css/css_hou3SyeO1TJKMyinmqK_7u6Dsiqp2BLJoIg3i4ysijQ.css?delta=2&language=en&theme=claro&include=eJxVj1kOgzAMRC8UyJGQsyhEcuPIi1R6-qYqAfHnefM-xhGByRekALiIHlhbcZGa5rcaoE9sHXC9yaJEGICHxHnWqQJSeSKmHkyV2h834hdg_WTXgaEw9F2me5MVq-gWrGLK7CSrjj2yKcMx5Qd0shNrNL3aM7tzpp9zTTJP6XevdfwkXyq8ZJk HTTP/1.1" 200 527 "https://dev-nord-staging.pantheonsite.io/admin/structure/paragraphs_type" "Mozilla/5.0 (Macintosh; Intel Mac OS X 10_15_7) AppleWebKit/537.36 (KHTML, like Gecko) Chrome/142.0.0.0 Safari/537.36" 0.000 "2a02:a58:8416:c500:dd21:85db:5890:145a, 2a02:a58:8416:c500:dd21:85db:5890:145a, 10.1.16.19"
10.1.18.20 - - [29/Nov/2025:01:05:15 +0000]  "GET /sites/default/files/css/css_pqJgvcI74G_NOS0E7KLuj7Uh5Ra9i1McIECGYDk-oqk.css?delta=0&language=en&theme=claro&include=eJxVj1kOgzAMRC8UyJGQsyhEcuPIi1R6-qYqAfHnefM-xhGByRekALiIHlhbcZGa5rcaoE9sHXC9yaJEGICHxHnWqQJSeSKmHkyV2h834hdg_WTXgaEw9F2me5MVq-gWrGLK7CSrjj2yKcMx5Qd0shNrNL3aM7tzpp9zTTJP6XevdfwkXyq8ZJk HTTP/1.1" 200 20837 "https://dev-nord-staging.pantheonsite.io/admin/structure/paragraphs_type" "Mozilla/5.0 (Macintosh; Intel Mac OS X 10_15_7) AppleWebKit/537.36 (KHTML, like Gecko) Chrome/142.0.0.0 Safari/537.36" 0.000 "2a02:a58:8416:c500:dd21:85db:5890:145a, 2a02:a58:8416:c500:dd21:85db:5890:145a, 10.1.18.20"
10.1.22.25 - - [29/Nov/2025:01:05:15 +0000]  "GET /core/misc/icons/bebebe/pencil.svg HTTP/1.1" 200 291 "https://dev-nord-staging.pantheonsite.io/sites/default/files/css/css_hou3SyeO1TJKMyinmqK_7u6Dsiqp2BLJoIg3i4ysijQ.css?delta=2&language=en&theme=claro&include=eJxVj1kOgzAMRC8UyJGQsyhEcuPIi1R6-qYqAfHnefM-xhGByRekALiIHlhbcZGa5rcaoE9sHXC9yaJEGICHxHnWqQJSeSKmHkyV2h834hdg_WTXgaEw9F2me5MVq-gWrGLK7CSrjj2yKcMx5Qd0shNrNL3aM7tzpp9zTTJP6XevdfwkXyq8ZJk" "Mozilla/5.0 (Macintosh; Intel Mac OS X 10_15_7) AppleWebKit/537.36 (KHTML, like Gecko) Chrome/142.0.0.0 Safari/537.36" 0.000 "2a02:a58:8416:c500:dd21:85db:5890:145a, 2a02:a58:8416:c500:dd21:85db:5890:145a, 10.1.22.25"
10.1.22.25 - - [29/Nov/2025:01:05:15 +0000]  "GET /sites/default/files/css/css_aoXVFWrwnP8Zrb9yKJvaYb-reCIuFWCf9wbgg49LUHs.css?delta=0&language=en&theme=claro&include=eJxLzMvLL81LTs1NzSspjk9LTU3RTykqLUjM0UvEkNEryc_PSUosAgAtZRTp&exclude=eJxdjmEOwjAIhS_UrWfwJAtjZBJZaYAa5-ndEqvGXzw-HvBQjXJR20D4SQkFTPMqOoMMHrtwWROensVaBRkBg-80HPyW_KoW2KLPep9CVWaw_K6pOVk3nXpk1OL_tpEcodJl2bgcP0vQIxpIX_ySod91ijgC-hQG-yfFL0wzr1PlSrmLF3NcXoQ HTTP/1.1" 304 0 "https://dev-nord-staging.pantheonsite.io/admin/structure/paragraphs_type" "Mozilla/5.0 (Macintosh; Intel Mac OS X 10_15_7) AppleWebKit/537.36 (KHTML, like Gecko) Chrome/142.0.0.0 Safari/537.36" 0.000 "2a02:a58:8416:c500:dd21:85db:5890:145a, 2a02:a58:8416:c500:dd21:85db:5890:145a, 10.1.22.25"
10.1.22.25 - - [29/Nov/2025:01:28:10 +0000]  "GET /admin/config HTTP/1.1" 302 326 "https://dev-nord-staging.pantheonsite.io/admin/config" "Mozilla/5.0 (Macintosh; Intel Mac OS X 10_15_7) AppleWebKit/537.36 (KHTML, like Gecko) Chrome/142.0.0.0 Safari/537.36" 0.016 "2a02:a58:8416:c500:dd21:85db:5890:145a, 2a02:a58:8416:c500:dd21:85db:5890:145a, 10.1.22.25"
10.1.17.23 - - [29/Nov/2025:01:28:10 +0000]  "GET /core/install.php HTTP/1.1" 200 4246 "https://dev-nord-staging.pantheonsite.io/admin/config" "Mozilla/5.0 (Macintosh; Intel Mac OS X 10_15_7) AppleWebKit/537.36 (KHTML, like Gecko) Chrome/142.0.0.0 Safari/537.36" 0.268 "2a02:a58:8416:c500:dd21:85db:5890:145a, 2a02:a58:8416:c500:dd21:85db:5890:145a, 10.1.17.23"
10.1.18.20 - - [29/Nov/2025:01:28:11 +0000]  "GET /core/assets/vendor/normalize-css/normalize.css?0 HTTP/1.1" 200 1973 "https://dev-nord-staging.pantheonsite.io/core/install.php" "Mozilla/5.0 (Macintosh; Intel Mac OS X 10_15_7) AppleWebKit/537.36 (KHTML, like Gecko) Chrome/142.0.0.0 Safari/537.36" 0.000 "2a02:a58:8416:c500:dd21:85db:5890:145a, 2a02:a58:8416:c500:dd21:85db:5890:145a, 10.1.18.20"
10.1.16.20 - - [29/Nov/2025:01:28:11 +0000]  "GET /core/modules/system/css/components/container-inline.module.css?0 HTTP/1.1" 200 180 "https://dev-nord-staging.pantheonsite.io/core/install.php" "Mozilla/5.0 (Macintosh; Intel Mac OS X 10_15_7) AppleWebKit/537.36 (KHTML, like Gecko) Chrome/142.0.0.0 Safari/537.36" 0.000 "2a02:a58:8416:c500:dd21:85db:5890:145a, 2a02:a58:8416:c500:dd21:85db:5890:145a, 10.1.16.20"
10.1.17.23 - - [29/Nov/2025:01:28:11 +0000]  "GET /core/modules/system/css/components/align.module.css?0 HTTP/1.1" 200 235 "https://dev-nord-staging.pantheonsite.io/core/install.php" "Mozilla/5.0 (Macintosh; Intel Mac OS X 10_15_7) AppleWebKit/537.36 (KHTML, like Gecko) Chrome/142.0.0.0 Safari/537.36" 0.000 "2a02:a58:8416:c500:dd21:85db:5890:145a, 2a02:a58:8416:c500:dd21:85db:5890:145a, 10.1.17.23"
10.1.19.28 - - [29/Nov/2025:01:28:11 +0000]  "GET /core/modules/system/css/components/clearfix.module.css?0 HTTP/1.1" 200 233 "https://dev-nord-staging.pantheonsite.io/core/install.php" "Mozilla/5.0 (Macintosh; Intel Mac OS X 10_15_7) AppleWebKit/537.36 (KHTML, like Gecko) Chrome/142.0.0.0 Safari/537.36" 0.000 "2a02:a58:8416:c500:dd21:85db:5890:145a, 2a02:a58:8416:c500:dd21:85db:5890:145a, 10.1.19.28"
10.1.16.20 - - [29/Nov/2025:01:28:11 +0000]  "GET /core/modules/system/css/components/hidden.module.css?0 HTTP/1.1" 200 683 "https://dev-nord-staging.pantheonsite.io/core/install.php" "Mozilla/5.0 (Macintosh; Intel Mac OS X 10_15_7) AppleWebKit/537.36 (KHTML, like Gecko) Chrome/142.0.0.0 Safari/537.36" 0.000 "2a02:a58:8416:c500:dd21:85db:5890:145a, 2a02:a58:8416:c500:dd21:85db:5890:145a, 10.1.16.20"
10.1.17.23 - - [29/Nov/2025:01:28:11 +0000]  "GET /core/modules/system/css/system.maintenance.css?0 HTTP/1.1" 200 441 "https://dev-nord-staging.pantheonsite.io/core/install.php" "Mozilla/5.0 (Macintosh; Intel Mac OS X 10_15_7) AppleWebKit/537.36 (KHTML, like Gecko) Chrome/142.0.0.0 Safari/537.36" 0.000 "2a02:a58:8416:c500:dd21:85db:5890:145a, 2a02:a58:8416:c500:dd21:85db:5890:145a, 10.1.17.23"
10.1.22.25 - - [29/Nov/2025:01:28:11 +0000]  "GET /core/modules/system/css/components/reset-appearance.module.css?0 HTTP/1.1" 200 198 "https://dev-nord-staging.pantheonsite.io/core/install.php" "Mozilla/5.0 (Macintosh; Intel Mac OS X 10_15_7) AppleWebKit/537.36 (KHTML, like Gecko) Chrome/142.0.0.0 Safari/537.36" 0.000 "2a02:a58:8416:c500:dd21:85db:5890:145a, 2a02:a58:8416:c500:dd21:85db:5890:145a, 10.1.22.25"
10.1.18.20 - - [29/Nov/2025:01:28:11 +0000]  "GET /core/themes/claro/css/base/elements.css?0 HTTP/1.1" 200 1422 "https://dev-nord-staging.pantheonsite.io/core/install.php" "Mozilla/5.0 (Macintosh; Intel Mac OS X 10_15_7) AppleWebKit/537.36 (KHTML, like Gecko) Chrome/142.0.0.0 Safari/537.36" 0.000 "2a02:a58:8416:c500:dd21:85db:5890:145a, 2a02:a58:8416:c500:dd21:85db:5890:145a, 10.1.18.20"
10.1.22.25 - - [29/Nov/2025:01:28:11 +0000]  "GET /core/modules/system/css/components/item-list.module.css?0 HTTP/1.1" 200 168 "https://dev-nord-staging.pantheonsite.io/core/install.php" "Mozilla/5.0 (Macintosh; Intel Mac OS X 10_15_7) AppleWebKit/537.36 (KHTML, like Gecko) Chrome/142.0.0.0 Safari/537.36" 0.000 "2a02:a58:8416:c500:dd21:85db:5890:145a, 2a02:a58:8416:c500:dd21:85db:5890:145a, 10.1.22.25"
10.1.19.28 - - [29/Nov/2025:01:28:11 +0000]  "GET /core/themes/claro/css/base/variables.css?0 HTTP/1.1" 200 3477 "https://dev-nord-staging.pantheonsite.io/core/install.php" "Mozilla/5.0 (Macintosh; Intel Mac OS X 10_15_7) AppleWebKit/537.36 (KHTML, like Gecko) Chrome/142.0.0.0 Safari/537.36" 0.000 "2a02:a58:8416:c500:dd21:85db:5890:145a, 2a02:a58:8416:c500:dd21:85db:5890:145a, 10.1.19.28"
10.1.22.25 - - [29/Nov/2025:01:28:11 +0000]  "GET /core/modules/system/css/components/position-container.module.css?0 HTTP/1.1" 200 105 "https://dev-nord-staging.pantheonsite.io/core/install.php" "Mozilla/5.0 (Macintosh; Intel Mac OS X 10_15_7) AppleWebKit/537.36 (KHTML, like Gecko) Chrome/142.0.0.0 Safari/537.36" 0.000 "2a02:a58:8416:c500:dd21:85db:5890:145a, 2a02:a58:8416:c500:dd21:85db:5890:145a, 10.1.22.25"
10.1.18.19 - - [29/Nov/2025:01:28:11 +0000]  "GET /core/themes/claro/css/base/typography.css?0 HTTP/1.1" 200 339 "https://dev-nord-staging.pantheonsite.io/core/install.php" "Mozilla/5.0 (Macintosh; Intel Mac OS X 10_15_7) AppleWebKit/537.36 (KHTML, like Gecko) Chrome/142.0.0.0 Safari/537.36" 0.000 "2a02:a58:8416:c500:dd21:85db:5890:145a, 2a02:a58:8416:c500:dd21:85db:5890:145a, 10.1.18.19"
10.1.18.19 - - [29/Nov/2025:01:28:11 +0000]  "GET /core/modules/system/css/components/js.module.css?0 HTTP/1.1" 200 360 "https://dev-nord-staging.pantheonsite.io/core/install.php" "Mozilla/5.0 (Macintosh; Intel Mac OS X 10_15_7) AppleWebKit/537.36 (KHTML, like Gecko) Chrome/142.0.0.0 Safari/537.36" 0.000 "2a02:a58:8416:c500:dd21:85db:5890:145a, 2a02:a58:8416:c500:dd21:85db:5890:145a, 10.1.18.19"
10.1.17.23 - - [29/Nov/2025:01:28:11 +0000]  "GET /core/themes/claro/css/components/system-admin--admin-list.css?0 HTTP/1.1" 200 847 "https://dev-nord-staging.pantheonsite.io/core/install.php" "Mozilla/5.0 (Macintosh; Intel Mac OS X 10_15_7) AppleWebKit/537.36 (KHTML, like Gecko) Chrome/142.0.0.0 Safari/537.36" 0.000 "2a02:a58:8416:c500:dd21:85db:5890:145a, 2a02:a58:8416:c500:dd21:85db:5890:145a, 10.1.17.23"
10.1.19.28 - - [29/Nov/2025:01:28:11 +0000]  "GET /core/themes/claro/css/components/system-admin--links.css?0 HTTP/1.1" 200 379 "https://dev-nord-staging.pantheonsite.io/core/install.php" "Mozilla/5.0 (Macintosh; Intel Mac OS X 10_15_7) AppleWebKit/537.36 (KHTML, like Gecko) Chrome/142.0.0.0 Safari/537.36" 0.000 "2a02:a58:8416:c500:dd21:85db:5890:145a, 2a02:a58:8416:c500:dd21:85db:5890:145a, 10.1.19.28"
10.1.18.19 - - [29/Nov/2025:01:28:11 +0000]  "GET /core/themes/claro/css/layout/system-admin--layout.css?0 HTTP/1.1" 200 602 "https://dev-nord-staging.pantheonsite.io/core/install.php" "Mozilla/5.0 (Macintosh; Intel Mac OS X 10_15_7) AppleWebKit/537.36 (KHTML, like Gecko) Chrome/142.0.0.0 Safari/537.36" 0.000 "2a02:a58:8416:c500:dd21:85db:5890:145a, 2a02:a58:8416:c500:dd21:85db:5890:145a, 10.1.18.19"
10.1.18.19 - - [29/Nov/2025:01:28:11 +0000]  "GET /core/themes/claro/css/layout/card-list.css?0 HTTP/1.1" 200 835 "https://dev-nord-staging.pantheonsite.io/core/install.php" "Mozilla/5.0 (Macintosh; Intel Mac OS X 10_15_7) AppleWebKit/537.36 (KHTML, like Gecko) Chrome/142.0.0.0 Safari/537.36" 0.000 "2a02:a58:8416:c500:dd21:85db:5890:145a, 2a02:a58:8416:c500:dd21:85db:5890:145a, 10.1.18.19"
10.1.22.25 - - [29/Nov/2025:01:28:11 +0000]  "GET /core/themes/claro/css/layout/layout.css?0 HTTP/1.1" 200 319 "https://dev-nord-staging.pantheonsite.io/core/install.php" "Mozilla/5.0 (Macintosh; Intel Mac OS X 10_15_7) AppleWebKit/537.36 (KHTML, like Gecko) Chrome/142.0.0.0 Safari/537.36" 0.000 "2a02:a58:8416:c500:dd21:85db:5890:145a, 2a02:a58:8416:c500:dd21:85db:5890:145a, 10.1.22.25"
10.1.18.20 - - [29/Nov/2025:01:28:11 +0000]  "GET /core/themes/claro/css/layout/local-actions.css?0 HTTP/1.1" 200 439 "https://dev-nord-staging.pantheonsite.io/core/install.php" "Mozilla/5.0 (Macintosh; Intel Mac OS X 10_15_7) AppleWebKit/537.36 (KHTML, like Gecko) Chrome/142.0.0.0 Safari/537.36" 0.000 "2a02:a58:8416:c500:dd21:85db:5890:145a, 2a02:a58:8416:c500:dd21:85db:5890:145a, 10.1.18.20"
10.1.18.19 - - [29/Nov/2025:01:28:11 +0000]  "GET /core/themes/claro/css/classy/components/container-inline.css?0 HTTP/1.1" 200 203 "https://dev-nord-staging.pantheonsite.io/core/install.php" "Mozilla/5.0 (Macintosh; Intel Mac OS X 10_15_7) AppleWebKit/537.36 (KHTML, like Gecko) Chrome/142.0.0.0 Safari/537.36" 0.000 "2a02:a58:8416:c500:dd21:85db:5890:145a, 2a02:a58:8416:c500:dd21:85db:5890:145a, 10.1.18.19"
10.1.18.20 - - [29/Nov/2025:01:28:11 +0000]  "GET /core/themes/claro/css/components/system-admin--modules.css?0 HTTP/1.1" 200 1741 "https://dev-nord-staging.pantheonsite.io/core/install.php" "Mozilla/5.0 (Macintosh; Intel Mac OS X 10_15_7) AppleWebKit/537.36 (KHTML, like Gecko) Chrome/142.0.0.0 Safari/537.36" 0.000 "2a02:a58:8416:c500:dd21:85db:5890:145a, 2a02:a58:8416:c500:dd21:85db:5890:145a, 10.1.18.20"
10.1.16.19 - - [29/Nov/2025:01:28:11 +0000]  "GET /core/themes/claro/css/base/print.css?0 HTTP/1.1" 200 781 "https://dev-nord-staging.pantheonsite.io/core/install.php" "Mozilla/5.0 (Macintosh; Intel Mac OS X 10_15_7) AppleWebKit/537.36 (KHTML, like Gecko) Chrome/142.0.0.0 Safari/537.36" 0.000 "2a02:a58:8416:c500:dd21:85db:5890:145a, 2a02:a58:8416:c500:dd21:85db:5890:145a, 10.1.16.19"
10.1.16.19 - - [29/Nov/2025:01:28:11 +0000]  "GET /core/themes/claro/css/components/card.css?0 HTTP/1.1" 200 1083 "https://dev-nord-staging.pantheonsite.io/core/install.php" "Mozilla/5.0 (Macintosh; Intel Mac OS X 10_15_7) AppleWebKit/537.36 (KHTML, like Gecko) Chrome/142.0.0.0 Safari/537.36" 0.000 "2a02:a58:8416:c500:dd21:85db:5890:145a, 2a02:a58:8416:c500:dd21:85db:5890:145a, 10.1.16.19"
10.1.18.19 - - [29/Nov/2025:01:28:11 +0000]  "GET /core/themes/claro/css/classy/components/icons.css?0 HTTP/1.1" 200 281 "https://dev-nord-staging.pantheonsite.io/core/install.php" "Mozilla/5.0 (Macintosh; Intel Mac OS X 10_15_7) AppleWebKit/537.36 (KHTML, like Gecko) Chrome/142.0.0.0 Safari/537.36" 0.000 "2a02:a58:8416:c500:dd21:85db:5890:145a, 2a02:a58:8416:c500:dd21:85db:5890:145a, 10.1.18.19"
10.1.18.19 - - [29/Nov/2025:01:28:11 +0000]  "GET /core/themes/claro/css/classy/components/field.css?0 HTTP/1.1" 200 235 "https://dev-nord-staging.pantheonsite.io/core/install.php" "Mozilla/5.0 (Macintosh; Intel Mac OS X 10_15_7) AppleWebKit/537.36 (KHTML, like Gecko) Chrome/142.0.0.0 Safari/537.36" 0.000 "2a02:a58:8416:c500:dd21:85db:5890:145a, 2a02:a58:8416:c500:dd21:85db:5890:145a, 10.1.18.19"
10.1.17.23 - - [29/Nov/2025:01:28:11 +0000]  "GET /core/themes/claro/css/classy/components/exposed-filters.css?0 HTTP/1.1" 200 332 "https://dev-nord-staging.pantheonsite.io/core/install.php" "Mozilla/5.0 (Macintosh; Intel Mac OS X 10_15_7) AppleWebKit/537.36 (KHTML, like Gecko) Chrome/142.0.0.0 Safari/537.36" 0.000 "2a02:a58:8416:c500:dd21:85db:5890:145a, 2a02:a58:8416:c500:dd21:85db:5890:145a, 10.1.17.23"
10.1.19.28 - - [29/Nov/2025:01:28:11 +0000]  "GET /core/themes/claro/css/classy/components/inline-form.css?0 HTTP/1.1" 200 316 "https://dev-nord-staging.pantheonsite.io/core/install.php" "Mozilla/5.0 (Macintosh; Intel Mac OS X 10_15_7) AppleWebKit/537.36 (KHTML, like Gecko) Chrome/142.0.0.0 Safari/537.36" 0.000 "2a02:a58:8416:c500:dd21:85db:5890:145a, 2a02:a58:8416:c500:dd21:85db:5890:145a, 10.1.19.28"
10.1.17.23 - - [29/Nov/2025:01:28:11 +0000]  "GET /core/themes/claro/css/layout/breadcrumb.css?0 HTTP/1.1" 200 215 "https://dev-nord-staging.pantheonsite.io/core/install.php" "Mozilla/5.0 (Macintosh; Intel Mac OS X 10_15_7) AppleWebKit/537.36 (KHTML, like Gecko) Chrome/142.0.0.0 Safari/537.36" 0.000 "2a02:a58:8416:c500:dd21:85db:5890:145a, 2a02:a58:8416:c500:dd21:85db:5890:145a, 10.1.17.23"
10.1.19.28 - - [29/Nov/2025:01:28:11 +0000]  "GET /core/themes/claro/css/classy/components/menu.css?0 HTTP/1.1" 200 322 "https://dev-nord-staging.pantheonsite.io/core/install.php" "Mozilla/5.0 (Macintosh; Intel Mac OS X 10_15_7) AppleWebKit/537.36 (KHTML, like Gecko) Chrome/142.0.0.0 Safari/537.36" 0.000 "2a02:a58:8416:c500:dd21:85db:5890:145a, 2a02:a58:8416:c500:dd21:85db:5890:145a, 10.1.19.28"
10.1.22.25 - - [29/Nov/2025:01:28:11 +0000]  "GET /core/themes/claro/css/classy/components/link.css?0 HTTP/1.1" 200 181 "https://dev-nord-staging.pantheonsite.io/core/install.php" "Mozilla/5.0 (Macintosh; Intel Mac OS X 10_15_7) AppleWebKit/537.36 (KHTML, like Gecko) Chrome/142.0.0.0 Safari/537.36" 0.000 "2a02:a58:8416:c500:dd21:85db:5890:145a, 2a02:a58:8416:c500:dd21:85db:5890:145a, 10.1.22.25"
10.1.17.23 - - [29/Nov/2025:01:28:11 +0000]  "GET /core/themes/claro/css/components/system-admin--panel.css?0 HTTP/1.1" 200 381 "https://dev-nord-staging.pantheonsite.io/core/install.php" "Mozilla/5.0 (Macintosh; Intel Mac OS X 10_15_7) AppleWebKit/537.36 (KHTML, like Gecko) Chrome/142.0.0.0 Safari/537.36" 0.000 "2a02:a58:8416:c500:dd21:85db:5890:145a, 2a02:a58:8416:c500:dd21:85db:5890:145a, 10.1.17.23"
10.1.17.23 - - [29/Nov/2025:01:28:11 +0000]  "GET /core/themes/claro/css/classy/components/links.css?0 HTTP/1.1" 200 225 "https://dev-nord-staging.pantheonsite.io/core/install.php" "Mozilla/5.0 (Macintosh; Intel Mac OS X 10_15_7) AppleWebKit/537.36 (KHTML, like Gecko) Chrome/142.0.0.0 Safari/537.36" 0.000 "2a02:a58:8416:c500:dd21:85db:5890:145a, 2a02:a58:8416:c500:dd21:85db:5890:145a, 10.1.17.23"
10.1.18.19 - - [29/Nov/2025:01:28:11 +0000]  "GET /core/themes/claro/css/classy/components/textarea.css?0 HTTP/1.1" 200 160 "https://dev-nord-staging.pantheonsite.io/core/install.php" "Mozilla/5.0 (Macintosh; Intel Mac OS X 10_15_7) AppleWebKit/537.36 (KHTML, like Gecko) Chrome/142.0.0.0 Safari/537.36" 0.000 "2a02:a58:8416:c500:dd21:85db:5890:145a, 2a02:a58:8416:c500:dd21:85db:5890:145a, 10.1.18.19"
10.1.17.23 - - [29/Nov/2025:01:28:11 +0000]  "GET /core/themes/claro/css/classy/components/more-link.css?0 HTTP/1.1" 200 162 "https://dev-nord-staging.pantheonsite.io/core/install.php" "Mozilla/5.0 (Macintosh; Intel Mac OS X 10_15_7) AppleWebKit/537.36 (KHTML, like Gecko) Chrome/142.0.0.0 Safari/537.36" 0.000 "2a02:a58:8416:c500:dd21:85db:5890:145a, 2a02:a58:8416:c500:dd21:85db:5890:145a, 10.1.17.23"
10.1.19.28 - - [29/Nov/2025:01:28:11 +0000]  "GET /core/themes/claro/css/classy/components/ui-dialog.css?0 HTTP/1.1" 200 164 "https://dev-nord-staging.pantheonsite.io/core/install.php" "Mozilla/5.0 (Macintosh; Intel Mac OS X 10_15_7) AppleWebKit/537.36 (KHTML, like Gecko) Chrome/142.0.0.0 Safari/537.36" 0.000 "2a02:a58:8416:c500:dd21:85db:5890:145a, 2a02:a58:8416:c500:dd21:85db:5890:145a, 10.1.19.28"
10.1.22.25 - - [29/Nov/2025:01:28:11 +0000]  "GET /core/themes/claro/css/components/action-link.css?0 HTTP/1.1" 200 4087 "https://dev-nord-staging.pantheonsite.io/core/install.php" "Mozilla/5.0 (Macintosh; Intel Mac OS X 10_15_7) AppleWebKit/537.36 (KHTML, like Gecko) Chrome/142.0.0.0 Safari/537.36" 0.000 "2a02:a58:8416:c500:dd21:85db:5890:145a, 2a02:a58:8416:c500:dd21:85db:5890:145a, 10.1.22.25"
10.1.18.19 - - [29/Nov/2025:01:28:11 +0000]  "GET /core/themes/claro/css/components/container-inline.module.css?0 HTTP/1.1" 200 256 "https://dev-nord-staging.pantheonsite.io/core/install.php" "Mozilla/5.0 (Macintosh; Intel Mac OS X 10_15_7) AppleWebKit/537.36 (KHTML, like Gecko) Chrome/142.0.0.0 Safari/537.36" 0.000 "2a02:a58:8416:c500:dd21:85db:5890:145a, 2a02:a58:8416:c500:dd21:85db:5890:145a, 10.1.18.19"
10.1.19.28 - - [29/Nov/2025:01:28:11 +0000]  "GET /core/themes/claro/css/components/container-inline.css?0 HTTP/1.1" 200 245 "https://dev-nord-staging.pantheonsite.io/core/install.php" "Mozilla/5.0 (Macintosh; Intel Mac OS X 10_15_7) AppleWebKit/537.36 (KHTML, like Gecko) Chrome/142.0.0.0 Safari/537.36" 0.000 "2a02:a58:8416:c500:dd21:85db:5890:145a, 2a02:a58:8416:c500:dd21:85db:5890:145a, 10.1.19.28"
10.1.18.20 - - [29/Nov/2025:01:28:11 +0000]  "GET /core/themes/claro/css/components/content-header.css?0 HTTP/1.1" 200 260 "https://dev-nord-staging.pantheonsite.io/core/install.php" "Mozilla/5.0 (Macintosh; Intel Mac OS X 10_15_7) AppleWebKit/537.36 (KHTML, like Gecko) Chrome/142.0.0.0 Safari/537.36" 0.000 "2a02:a58:8416:c500:dd21:85db:5890:145a, 2a02:a58:8416:c500:dd21:85db:5890:145a, 10.1.18.20"
10.1.21.23 - - [29/Nov/2025:01:28:11 +0000]  "GET /core/themes/claro/css/classy/components/item-list.css?0 HTTP/1.1" 200 268 "https://dev-nord-staging.pantheonsite.io/core/install.php" "Mozilla/5.0 (Macintosh; Intel Mac OS X 10_15_7) AppleWebKit/537.36 (KHTML, like Gecko) Chrome/142.0.0.0 Safari/537.36" 0.000 "2a02:a58:8416:c500:dd21:85db:5890:145a, 2a02:a58:8416:c500:dd21:85db:5890:145a, 10.1.21.23"
10.1.22.25 - - [29/Nov/2025:01:28:11 +0000]  "GET /core/themes/claro/css/components/accordion.css?0 HTTP/1.1" 200 526 "https://dev-nord-staging.pantheonsite.io/core/install.php" "Mozilla/5.0 (Macintosh; Intel Mac OS X 10_15_7) AppleWebKit/537.36 (KHTML, like Gecko) Chrome/142.0.0.0 Safari/537.36" 0.000 "2a02:a58:8416:c500:dd21:85db:5890:145a, 2a02:a58:8416:c500:dd21:85db:5890:145a, 10.1.22.25"
10.1.19.28 - - [29/Nov/2025:01:28:11 +0000]  "GET /core/themes/claro/css/components/breadcrumb.css?0 HTTP/1.1" 200 709 "https://dev-nord-staging.pantheonsite.io/core/install.php" "Mozilla/5.0 (Macintosh; Intel Mac OS X 10_15_7) AppleWebKit/537.36 (KHTML, like Gecko) Chrome/142.0.0.0 Safari/537.36" 0.000 "2a02:a58:8416:c500:dd21:85db:5890:145a, 2a02:a58:8416:c500:dd21:85db:5890:145a, 10.1.19.28"
10.1.19.28 - - [29/Nov/2025:01:28:11 +0000]  "GET /core/themes/claro/css/components/ckeditor5.css?0 HTTP/1.1" 200 198 "https://dev-nord-staging.pantheonsite.io/core/install.php" "Mozilla/5.0 (Macintosh; Intel Mac OS X 10_15_7) AppleWebKit/537.36 (KHTML, like Gecko) Chrome/142.0.0.0 Safari/537.36" 0.000 "2a02:a58:8416:c500:dd21:85db:5890:145a, 2a02:a58:8416:c500:dd21:85db:5890:145a, 10.1.19.28"
10.1.18.20 - - [29/Nov/2025:01:28:11 +0000]  "GET /core/themes/claro/css/components/details.css?0 HTTP/1.1" 200 4237 "https://dev-nord-staging.pantheonsite.io/core/install.php" "Mozilla/5.0 (Macintosh; Intel Mac OS X 10_15_7) AppleWebKit/537.36 (KHTML, like Gecko) Chrome/142.0.0.0 Safari/537.36" 0.000 "2a02:a58:8416:c500:dd21:85db:5890:145a, 2a02:a58:8416:c500:dd21:85db:5890:145a, 10.1.18.20"
10.1.18.19 - - [29/Nov/2025:01:28:11 +0000]  "GET /core/themes/claro/css/components/divider.css?0 HTTP/1.1" 200 216 "https://dev-nord-staging.pantheonsite.io/core/install.php" "Mozilla/5.0 (Macintosh; Intel Mac OS X 10_15_7) AppleWebKit/537.36 (KHTML, like Gecko) Chrome/142.0.0.0 Safari/537.36" 0.000 "2a02:a58:8416:c500:dd21:85db:5890:145a, 2a02:a58:8416:c500:dd21:85db:5890:145a, 10.1.18.19"
10.1.18.20 - - [29/Nov/2025:01:28:11 +0000]  "GET /core/themes/claro/css/components/button.css?0 HTTP/1.1" 200 1429 "https://dev-nord-staging.pantheonsite.io/core/install.php" "Mozilla/5.0 (Macintosh; Intel Mac OS X 10_15_7) AppleWebKit/537.36 (KHTML, like Gecko) Chrome/142.0.0.0 Safari/537.36" 0.000 "2a02:a58:8416:c500:dd21:85db:5890:145a, 2a02:a58:8416:c500:dd21:85db:5890:145a, 10.1.18.20"
10.1.17.23 - - [29/Nov/2025:01:28:11 +0000]  "GET /core/themes/claro/css/components/messages.css?0 HTTP/1.1" 200 1249 "https://dev-nord-staging.pantheonsite.io/core/install.php" "Mozilla/5.0 (Macintosh; Intel Mac OS X 10_15_7) AppleWebKit/537.36 (KHTML, like Gecko) Chrome/142.0.0.0 Safari/537.36" 0.000 "2a02:a58:8416:c500:dd21:85db:5890:145a, 2a02:a58:8416:c500:dd21:85db:5890:145a, 10.1.17.23"
10.1.19.28 - - [29/Nov/2025:01:28:11 +0000]  "GET /core/themes/claro/css/components/fieldset.css?0 HTTP/1.1" 200 1062 "https://dev-nord-staging.pantheonsite.io/core/install.php" "Mozilla/5.0 (Macintosh; Intel Mac OS X 10_15_7) AppleWebKit/537.36 (KHTML, like Gecko) Chrome/142.0.0.0 Safari/537.36" 0.000 "2a02:a58:8416:c500:dd21:85db:5890:145a, 2a02:a58:8416:c500:dd21:85db:5890:145a, 10.1.19.28"
10.1.18.20 - - [29/Nov/2025:01:28:11 +0000]  "GET /core/themes/claro/css/components/form--field-multiple.css?0 HTTP/1.1" 200 254 "https://dev-nord-staging.pantheonsite.io/core/install.php" "Mozilla/5.0 (Macintosh; Intel Mac OS X 10_15_7) AppleWebKit/537.36 (KHTML, like Gecko) Chrome/142.0.0.0 Safari/537.36" 0.000 "2a02:a58:8416:c500:dd21:85db:5890:145a, 2a02:a58:8416:c500:dd21:85db:5890:145a, 10.1.18.20"
10.1.19.28 - - [29/Nov/2025:01:28:11 +0000]  "GET /core/themes/claro/css/components/help.css?0 HTTP/1.1" 200 218 "https://dev-nord-staging.pantheonsite.io/core/install.php" "Mozilla/5.0 (Macintosh; Intel Mac OS X 10_15_7) AppleWebKit/537.36 (KHTML, like Gecko) Chrome/142.0.0.0 Safari/537.36" 0.000 "2a02:a58:8416:c500:dd21:85db:5890:145a, 2a02:a58:8416:c500:dd21:85db:5890:145a, 10.1.19.28"
10.1.18.20 - - [29/Nov/2025:01:28:11 +0000]  "GET /core/themes/claro/css/components/entity-meta.css?0 HTTP/1.1" 200 689 "https://dev-nord-staging.pantheonsite.io/core/install.php" "Mozilla/5.0 (Macintosh; Intel Mac OS X 10_15_7) AppleWebKit/537.36 (KHTML, like Gecko) Chrome/142.0.0.0 Safari/537.36" 0.000 "2a02:a58:8416:c500:dd21:85db:5890:145a, 2a02:a58:8416:c500:dd21:85db:5890:145a, 10.1.18.20"
10.1.18.19 - - [29/Nov/2025:01:28:11 +0000]  "GET /core/themes/claro/css/components/form--managed-file.css?0 HTTP/1.1" 200 1984 "https://dev-nord-staging.pantheonsite.io/core/install.php" "Mozilla/5.0 (Macintosh; Intel Mac OS X 10_15_7) AppleWebKit/537.36 (KHTML, like Gecko) Chrome/142.0.0.0 Safari/537.36" 0.000 "2a02:a58:8416:c500:dd21:85db:5890:145a, 2a02:a58:8416:c500:dd21:85db:5890:145a, 10.1.18.19"
10.1.16.20 - - [29/Nov/2025:01:28:11 +0000]  "GET /core/themes/claro/css/components/form--select.css?0 HTTP/1.1" 200 714 "https://dev-nord-staging.pantheonsite.io/core/install.php" "Mozilla/5.0 (Macintosh; Intel Mac OS X 10_15_7) AppleWebKit/537.36 (KHTML, like Gecko) Chrome/142.0.0.0 Safari/537.36" 0.000 "2a02:a58:8416:c500:dd21:85db:5890:145a, 2a02:a58:8416:c500:dd21:85db:5890:145a, 10.1.16.20"
10.1.18.20 - - [29/Nov/2025:01:28:11 +0000]  "GET /core/themes/claro/css/components/form--text.css?0 HTTP/1.1" 200 1404 "https://dev-nord-staging.pantheonsite.io/core/install.php" "Mozilla/5.0 (Macintosh; Intel Mac OS X 10_15_7) AppleWebKit/537.36 (KHTML, like Gecko) Chrome/142.0.0.0 Safari/537.36" 0.000 "2a02:a58:8416:c500:dd21:85db:5890:145a, 2a02:a58:8416:c500:dd21:85db:5890:145a, 10.1.18.20"
10.1.17.23 - - [29/Nov/2025:01:28:11 +0000]  "GET /core/themes/claro/css/components/form.css?0 HTTP/1.1" 200 1767 "https://dev-nord-staging.pantheonsite.io/core/install.php" "Mozilla/5.0 (Macintosh; Intel Mac OS X 10_15_7) AppleWebKit/537.36 (KHTML, like Gecko) Chrome/142.0.0.0 Safari/537.36" 0.000 "2a02:a58:8416:c500:dd21:85db:5890:145a, 2a02:a58:8416:c500:dd21:85db:5890:145a, 10.1.17.23"
10.1.22.25 - - [29/Nov/2025:01:28:11 +0000]  "GET /core/themes/claro/css/components/image-preview.css?0 HTTP/1.1" 200 518 "https://dev-nord-staging.pantheonsite.io/core/install.php" "Mozilla/5.0 (Macintosh; Intel Mac OS X 10_15_7) AppleWebKit/537.36 (KHTML, like Gecko) Chrome/142.0.0.0 Safari/537.36" 0.000 "2a02:a58:8416:c500:dd21:85db:5890:145a, 2a02:a58:8416:c500:dd21:85db:5890:145a, 10.1.22.25"
10.1.16.19 - - [29/Nov/2025:01:28:11 +0000]  "GET /core/themes/claro/css/components/page-title.css?0 HTTP/1.1" 200 434 "https://dev-nord-staging.pantheonsite.io/core/install.php" "Mozilla/5.0 (Macintosh; Intel Mac OS X 10_15_7) AppleWebKit/537.36 (KHTML, like Gecko) Chrome/142.0.0.0 Safari/537.36" 0.000 "2a02:a58:8416:c500:dd21:85db:5890:145a, 2a02:a58:8416:c500:dd21:85db:5890:145a, 10.1.16.19"
10.1.16.19 - - [29/Nov/2025:01:28:11 +0000]  "GET /core/themes/claro/css/components/node.css?0 HTTP/1.1" 200 183 "https://dev-nord-staging.pantheonsite.io/core/install.php" "Mozilla/5.0 (Macintosh; Intel Mac OS X 10_15_7) AppleWebKit/537.36 (KHTML, like Gecko) Chrome/142.0.0.0 Safari/537.36" 0.000 "2a02:a58:8416:c500:dd21:85db:5890:145a, 2a02:a58:8416:c500:dd21:85db:5890:145a, 10.1.16.19"
10.1.19.28 - - [29/Nov/2025:01:28:11 +0000]  "GET /core/themes/claro/css/components/menus-and-lists.css?0 HTTP/1.1" 200 412 "https://dev-nord-staging.pantheonsite.io/core/install.php" "Mozilla/5.0 (Macintosh; Intel Mac OS X 10_15_7) AppleWebKit/537.36 (KHTML, like Gecko) Chrome/142.0.0.0 Safari/537.36" 0.000 "2a02:a58:8416:c500:dd21:85db:5890:145a, 2a02:a58:8416:c500:dd21:85db:5890:145a, 10.1.19.28"
10.1.18.19 - - [29/Nov/2025:01:28:11 +0000]  "GET /core/themes/claro/css/components/modules-page.css?0 HTTP/1.1" 200 455 "https://dev-nord-staging.pantheonsite.io/core/install.php" "Mozilla/5.0 (Macintosh; Intel Mac OS X 10_15_7) AppleWebKit/537.36 (KHTML, like Gecko) Chrome/142.0.0.0 Safari/537.36" 0.000 "2a02:a58:8416:c500:dd21:85db:5890:145a, 2a02:a58:8416:c500:dd21:85db:5890:145a, 10.1.18.19"
10.1.22.25 - - [29/Nov/2025:01:28:11 +0000]  "GET /core/themes/claro/css/components/pager.css?0 HTTP/1.1" 200 1443 "https://dev-nord-staging.pantheonsite.io/core/install.php" "Mozilla/5.0 (Macintosh; Intel Mac OS X 10_15_7) AppleWebKit/537.36 (KHTML, like Gecko) Chrome/142.0.0.0 Safari/537.36" 0.000 "2a02:a58:8416:c500:dd21:85db:5890:145a, 2a02:a58:8416:c500:dd21:85db:5890:145a, 10.1.22.25"
10.1.22.25 - - [29/Nov/2025:01:28:11 +0000]  "GET /core/themes/claro/css/components/skip-link.css?0 HTTP/1.1" 200 559 "https://dev-nord-staging.pantheonsite.io/core/install.php" "Mozilla/5.0 (Macintosh; Intel Mac OS X 10_15_7) AppleWebKit/537.36 (KHTML, like Gecko) Chrome/142.0.0.0 Safari/537.36" 0.000 "2a02:a58:8416:c500:dd21:85db:5890:145a, 2a02:a58:8416:c500:dd21:85db:5890:145a, 10.1.22.25"
10.1.18.20 - - [29/Nov/2025:01:28:11 +0000]  "GET /core/themes/claro/css/components/tableselect.css?0 HTTP/1.1" 200 1107 "https://dev-nord-staging.pantheonsite.io/core/install.php" "Mozilla/5.0 (Macintosh; Intel Mac OS X 10_15_7) AppleWebKit/537.36 (KHTML, like Gecko) Chrome/142.0.0.0 Safari/537.36" 0.000 "2a02:a58:8416:c500:dd21:85db:5890:145a, 2a02:a58:8416:c500:dd21:85db:5890:145a, 10.1.18.20"
10.1.22.25 - - [29/Nov/2025:01:28:11 +0000]  "GET /core/themes/claro/css/components/tables.css?0 HTTP/1.1" 200 1800 "https://dev-nord-staging.pantheonsite.io/core/install.php" "Mozilla/5.0 (Macintosh; Intel Mac OS X 10_15_7) AppleWebKit/537.36 (KHTML, like Gecko) Chrome/142.0.0.0 Safari/537.36" 0.000 "2a02:a58:8416:c500:dd21:85db:5890:145a, 2a02:a58:8416:c500:dd21:85db:5890:145a, 10.1.22.25"
10.1.16.20 - - [29/Nov/2025:01:28:11 +0000]  "GET /core/themes/claro/css/components/table--file-multiple-widget.css?0 HTTP/1.1" 200 948 "https://dev-nord-staging.pantheonsite.io/core/install.php" "Mozilla/5.0 (Macintosh; Intel Mac OS X 10_15_7) AppleWebKit/537.36 (KHTML, like Gecko) Chrome/142.0.0.0 Safari/537.36" 0.000 "2a02:a58:8416:c500:dd21:85db:5890:145a, 2a02:a58:8416:c500:dd21:85db:5890:145a, 10.1.16.20"
10.1.19.28 - - [29/Nov/2025:01:28:11 +0000]  "GET /core/misc/touchevents-test.js?v=11.2.8 HTTP/1.1" 200 195 "https://dev-nord-staging.pantheonsite.io/core/install.php" "Mozilla/5.0 (Macintosh; Intel Mac OS X 10_15_7) AppleWebKit/537.36 (KHTML, like Gecko) Chrome/142.0.0.0 Safari/537.36" 0.000 "2a02:a58:8416:c500:dd21:85db:5890:145a, 2a02:a58:8416:c500:dd21:85db:5890:145a, 10.1.19.28"
10.1.21.23 - - [29/Nov/2025:01:28:11 +0000]  "GET /core/themes/claro/css/theme/install-page.css?0 HTTP/1.1" 200 683 "https://dev-nord-staging.pantheonsite.io/core/install.php" "Mozilla/5.0 (Macintosh; Intel Mac OS X 10_15_7) AppleWebKit/537.36 (KHTML, like Gecko) Chrome/142.0.0.0 Safari/537.36" 0.000 "2a02:a58:8416:c500:dd21:85db:5890:145a, 2a02:a58:8416:c500:dd21:85db:5890:145a, 10.1.21.23"
10.1.18.20 - - [29/Nov/2025:01:28:11 +0000]  "GET /core/themes/claro/css/components/tabs.css?0 HTTP/1.1" 200 1824 "https://dev-nord-staging.pantheonsite.io/core/install.php" "Mozilla/5.0 (Macintosh; Intel Mac OS X 10_15_7) AppleWebKit/537.36 (KHTML, like Gecko) Chrome/142.0.0.0 Safari/537.36" 0.000 "2a02:a58:8416:c500:dd21:85db:5890:145a, 2a02:a58:8416:c500:dd21:85db:5890:145a, 10.1.18.20"
10.1.16.20 - - [29/Nov/2025:01:28:11 +0000]  "GET /core/themes/claro/css/components/search-admin-settings.css?0 HTTP/1.1" 200 294 "https://dev-nord-staging.pantheonsite.io/core/install.php" "Mozilla/5.0 (Macintosh; Intel Mac OS X 10_15_7) AppleWebKit/537.36 (KHTML, like Gecko) Chrome/142.0.0.0 Safari/537.36" 0.000 "2a02:a58:8416:c500:dd21:85db:5890:145a, 2a02:a58:8416:c500:dd21:85db:5890:145a, 10.1.16.20"
10.1.21.23 - - [29/Nov/2025:01:28:11 +0000]  "GET /core/themes/claro/css/theme/maintenance-page.css?0 HTTP/1.1" 200 1826 "https://dev-nord-staging.pantheonsite.io/core/install.php" "Mozilla/5.0 (Macintosh; Intel Mac OS X 10_15_7) AppleWebKit/537.36 (KHTML, like Gecko) Chrome/142.0.0.0 Safari/537.36" 0.000 "2a02:a58:8416:c500:dd21:85db:5890:145a, 2a02:a58:8416:c500:dd21:85db:5890:145a, 10.1.21.23"
10.1.19.28 - - [29/Nov/2025:01:28:11 +0000]  "GET /core/themes/claro/css/theme/colors.css?0 HTTP/1.1" 200 260 "https://dev-nord-staging.pantheonsite.io/core/install.php" "Mozilla/5.0 (Macintosh; Intel Mac OS X 10_15_7) AppleWebKit/537.36 (KHTML, like Gecko) Chrome/142.0.0.0 Safari/537.36" 0.000 "2a02:a58:8416:c500:dd21:85db:5890:145a, 2a02:a58:8416:c500:dd21:85db:5890:145a, 10.1.19.28"
10.1.22.25 - - [29/Nov/2025:01:28:11 +0000]  "GET /core/misc/drupalSettingsLoader.js?v=11.2.8 HTTP/1.1" 200 404 "https://dev-nord-staging.pantheonsite.io/core/install.php" "Mozilla/5.0 (Macintosh; Intel Mac OS X 10_15_7) AppleWebKit/537.36 (KHTML, like Gecko) Chrome/142.0.0.0 Safari/537.36" 0.000 "2a02:a58:8416:c500:dd21:85db:5890:145a, 2a02:a58:8416:c500:dd21:85db:5890:145a, 10.1.22.25"
10.1.19.28 - - [29/Nov/2025:01:28:11 +0000]  "GET /core/assets/vendor/once/once.min.js?v=1.0.1 HTTP/1.1" 200 730 "https://dev-nord-staging.pantheonsite.io/core/install.php" "Mozilla/5.0 (Macintosh; Intel Mac OS X 10_15_7) AppleWebKit/537.36 (KHTML, like Gecko) Chrome/142.0.0.0 Safari/537.36" 0.000 "2a02:a58:8416:c500:dd21:85db:5890:145a, 2a02:a58:8416:c500:dd21:85db:5890:145a, 10.1.19.28"
10.1.17.23 - - [29/Nov/2025:01:28:11 +0000]  "GET /core/assets/vendor/jquery/jquery.min.js?v=4.0.0-rc.1 HTTP/1.1" 200 32227 "https://dev-nord-staging.pantheonsite.io/core/install.php" "Mozilla/5.0 (Macintosh; Intel Mac OS X 10_15_7) AppleWebKit/537.36 (KHTML, like Gecko) Chrome/142.0.0.0 Safari/537.36" 0.000 "2a02:a58:8416:c500:dd21:85db:5890:145a, 2a02:a58:8416:c500:dd21:85db:5890:145a, 10.1.17.23"
10.1.18.19 - - [29/Nov/2025:01:28:11 +0000]  "GET /core/misc/states.js?v=11.2.8 HTTP/1.1" 200 7690 "https://dev-nord-staging.pantheonsite.io/core/install.php" "Mozilla/5.0 (Macintosh; Intel Mac OS X 10_15_7) AppleWebKit/537.36 (KHTML, like Gecko) Chrome/142.0.0.0 Safari/537.36" 0.000 "2a02:a58:8416:c500:dd21:85db:5890:145a, 2a02:a58:8416:c500:dd21:85db:5890:145a, 10.1.18.19"
10.1.18.19 - - [29/Nov/2025:01:28:11 +0000]  "GET /core/misc/announce.js?v=11.2.8 HTTP/1.1" 200 1844 "https://dev-nord-staging.pantheonsite.io/core/install.php" "Mozilla/5.0 (Macintosh; Intel Mac OS X 10_15_7) AppleWebKit/537.36 (KHTML, like Gecko) Chrome/142.0.0.0 Safari/537.36" 0.000 "2a02:a58:8416:c500:dd21:85db:5890:145a, 2a02:a58:8416:c500:dd21:85db:5890:145a, 10.1.18.19"
10.1.16.19 - - [29/Nov/2025:01:28:11 +0000]  "GET /core/misc/debounce.js?v=11.2.8 HTTP/1.1" 200 709 "https://dev-nord-staging.pantheonsite.io/core/install.php" "Mozilla/5.0 (Macintosh; Intel Mac OS X 10_15_7) AppleWebKit/537.36 (KHTML, like Gecko) Chrome/142.0.0.0 Safari/537.36" 0.000 "2a02:a58:8416:c500:dd21:85db:5890:145a, 2a02:a58:8416:c500:dd21:85db:5890:145a, 10.1.16.19"
10.1.19.28 - - [29/Nov/2025:01:28:11 +0000]  "GET /core/themes/claro/js/messages.js?0 HTTP/1.1" 200 605 "https://dev-nord-staging.pantheonsite.io/core/install.php" "Mozilla/5.0 (Macintosh; Intel Mac OS X 10_15_7) AppleWebKit/537.36 (KHTML, like Gecko) Chrome/142.0.0.0 Safari/537.36" 0.000 "2a02:a58:8416:c500:dd21:85db:5890:145a, 2a02:a58:8416:c500:dd21:85db:5890:145a, 10.1.19.28"
10.1.19.28 - - [29/Nov/2025:01:28:11 +0000]  "GET /core/misc/drupal.init.js?v=11.2.8 HTTP/1.1" 200 520 "https://dev-nord-staging.pantheonsite.io/core/install.php" "Mozilla/5.0 (Macintosh; Intel Mac OS X 10_15_7) AppleWebKit/537.36 (KHTML, like Gecko) Chrome/142.0.0.0 Safari/537.36" 0.000 "2a02:a58:8416:c500:dd21:85db:5890:145a, 2a02:a58:8416:c500:dd21:85db:5890:145a, 10.1.19.28"
10.1.16.20 - - [29/Nov/2025:01:28:11 +0000]  "GET /core/misc/message.js?v=11.2.8 HTTP/1.1" 200 2793 "https://dev-nord-staging.pantheonsite.io/core/install.php" "Mozilla/5.0 (Macintosh; Intel Mac OS X 10_15_7) AppleWebKit/537.36 (KHTML, like Gecko) Chrome/142.0.0.0 Safari/537.36" 0.000 "2a02:a58:8416:c500:dd21:85db:5890:145a, 2a02:a58:8416:c500:dd21:85db:5890:145a, 10.1.16.20"
10.1.21.23 - - [29/Nov/2025:01:28:11 +0000]  "GET /core/themes/claro/js/mobile.install.js?v=11.2.8 HTTP/1.1" 200 448 "https://dev-nord-staging.pantheonsite.io/core/install.php" "Mozilla/5.0 (Macintosh; Intel Mac OS X 10_15_7) AppleWebKit/537.36 (KHTML, like Gecko) Chrome/142.0.0.0 Safari/537.36" 0.000 "2a02:a58:8416:c500:dd21:85db:5890:145a, 2a02:a58:8416:c500:dd21:85db:5890:145a, 10.1.21.23"
10.1.21.23 - - [29/Nov/2025:01:28:11 +0000]  "GET /core/themes/claro/css/components/form--checkbox-radio.css?0 HTTP/1.1" 200 1475 "https://dev-nord-staging.pantheonsite.io/core/install.php" "Mozilla/5.0 (Macintosh; Intel Mac OS X 10_15_7) AppleWebKit/537.36 (KHTML, like Gecko) Chrome/142.0.0.0 Safari/537.36" 0.000 "2a02:a58:8416:c500:dd21:85db:5890:145a, 2a02:a58:8416:c500:dd21:85db:5890:145a, 10.1.21.23"
10.1.21.23 - - [29/Nov/2025:01:28:11 +0000]  "GET /core/misc/drupal.js?v=11.2.8 HTTP/1.1" 200 7298 "https://dev-nord-staging.pantheonsite.io/core/install.php" "Mozilla/5.0 (Macintosh; Intel Mac OS X 10_15_7) AppleWebKit/537.36 (KHTML, like Gecko) Chrome/142.0.0.0 Safari/537.36" 0.000 "2a02:a58:8416:c500:dd21:85db:5890:145a, 2a02:a58:8416:c500:dd21:85db:5890:145a, 10.1.21.23"
10.1.18.19 - - [29/Nov/2025:01:28:14 +0000]  "GET /core/install.php HTTP/1.1" 200 4235 "https://dev-nord-staging.pantheonsite.io/admin/config" "Mozilla/5.0 (Macintosh; Intel Mac OS X 10_15_7) AppleWebKit/537.36 (KHTML, like Gecko) Chrome/142.0.0.0 Safari/537.36" 0.193 "2a02:a58:8416:c500:dd21:85db:5890:145a, 2a02:a58:8416:c500:dd21:85db:5890:145a, 10.1.18.19"
10.1.17.23 - - [29/Nov/2025:01:28:14 +0000]  "GET /core/modules/system/css/components/align.module.css?0 HTTP/1.1" 200 235 "https://dev-nord-staging.pantheonsite.io/core/install.php" "Mozilla/5.0 (Macintosh; Intel Mac OS X 10_15_7) AppleWebKit/537.36 (KHTML, like Gecko) Chrome/142.0.0.0 Safari/537.36" 0.000 "2a02:a58:8416:c500:dd21:85db:5890:145a, 2a02:a58:8416:c500:dd21:85db:5890:145a, 10.1.17.23"
10.1.16.19 - - [29/Nov/2025:01:28:14 +0000]  "GET /core/modules/system/css/components/container-inline.module.css?0 HTTP/1.1" 200 180 "https://dev-nord-staging.pantheonsite.io/core/install.php" "Mozilla/5.0 (Macintosh; Intel Mac OS X 10_15_7) AppleWebKit/537.36 (KHTML, like Gecko) Chrome/142.0.0.0 Safari/537.36" 0.000 "2a02:a58:8416:c500:dd21:85db:5890:145a, 2a02:a58:8416:c500:dd21:85db:5890:145a, 10.1.16.19"
10.1.22.25 - - [29/Nov/2025:01:28:14 +0000]  "GET /core/modules/system/css/components/clearfix.module.css?0 HTTP/1.1" 200 233 "https://dev-nord-staging.pantheonsite.io/core/install.php" "Mozilla/5.0 (Macintosh; Intel Mac OS X 10_15_7) AppleWebKit/537.36 (KHTML, like Gecko) Chrome/142.0.0.0 Safari/537.36" 0.000 "2a02:a58:8416:c500:dd21:85db:5890:145a, 2a02:a58:8416:c500:dd21:85db:5890:145a, 10.1.22.25"
10.1.19.28 - - [29/Nov/2025:01:28:14 +0000]  "GET /core/modules/system/css/components/js.module.css?0 HTTP/1.1" 200 360 "https://dev-nord-staging.pantheonsite.io/core/install.php" "Mozilla/5.0 (Macintosh; Intel Mac OS X 10_15_7) AppleWebKit/537.36 (KHTML, like Gecko) Chrome/142.0.0.0 Safari/537.36" 0.000 "2a02:a58:8416:c500:dd21:85db:5890:145a, 2a02:a58:8416:c500:dd21:85db:5890:145a, 10.1.19.28"
10.1.21.23 - - [29/Nov/2025:01:28:14 +0000]  "GET /core/assets/vendor/normalize-css/normalize.css?0 HTTP/1.1" 200 1973 "https://dev-nord-staging.pantheonsite.io/core/install.php" "Mozilla/5.0 (Macintosh; Intel Mac OS X 10_15_7) AppleWebKit/537.36 (KHTML, like Gecko) Chrome/142.0.0.0 Safari/537.36" 0.000 "2a02:a58:8416:c500:dd21:85db:5890:145a, 2a02:a58:8416:c500:dd21:85db:5890:145a, 10.1.21.23"
10.1.18.20 - - [29/Nov/2025:01:28:14 +0000]  "GET /core/modules/system/css/components/hidden.module.css?0 HTTP/1.1" 200 683 "https://dev-nord-staging.pantheonsite.io/core/install.php" "Mozilla/5.0 (Macintosh; Intel Mac OS X 10_15_7) AppleWebKit/537.36 (KHTML, like Gecko) Chrome/142.0.0.0 Safari/537.36" 0.000 "2a02:a58:8416:c500:dd21:85db:5890:145a, 2a02:a58:8416:c500:dd21:85db:5890:145a, 10.1.18.20"
10.1.19.28 - - [29/Nov/2025:01:28:14 +0000]  "GET /core/modules/system/css/components/item-list.module.css?0 HTTP/1.1" 200 168 "https://dev-nord-staging.pantheonsite.io/core/install.php" "Mozilla/5.0 (Macintosh; Intel Mac OS X 10_15_7) AppleWebKit/537.36 (KHTML, like Gecko) Chrome/142.0.0.0 Safari/537.36" 0.000 "2a02:a58:8416:c500:dd21:85db:5890:145a, 2a02:a58:8416:c500:dd21:85db:5890:145a, 10.1.19.28"
10.1.17.23 - - [29/Nov/2025:01:28:14 +0000]  "GET /core/modules/system/css/system.maintenance.css?0 HTTP/1.1" 200 441 "https://dev-nord-staging.pantheonsite.io/core/install.php" "Mozilla/5.0 (Macintosh; Intel Mac OS X 10_15_7) AppleWebKit/537.36 (KHTML, like Gecko) Chrome/142.0.0.0 Safari/537.36" 0.000 "2a02:a58:8416:c500:dd21:85db:5890:145a, 2a02:a58:8416:c500:dd21:85db:5890:145a, 10.1.17.23"
10.1.22.25 - - [29/Nov/2025:01:28:14 +0000]  "GET /core/modules/system/css/components/position-container.module.css?0 HTTP/1.1" 200 105 "https://dev-nord-staging.pantheonsite.io/core/install.php" "Mozilla/5.0 (Macintosh; Intel Mac OS X 10_15_7) AppleWebKit/537.36 (KHTML, like Gecko) Chrome/142.0.0.0 Safari/537.36" 0.000 "2a02:a58:8416:c500:dd21:85db:5890:145a, 2a02:a58:8416:c500:dd21:85db:5890:145a, 10.1.22.25"
10.1.16.19 - - [29/Nov/2025:01:28:14 +0000]  "GET /core/modules/system/css/components/reset-appearance.module.css?0 HTTP/1.1" 200 198 "https://dev-nord-staging.pantheonsite.io/core/install.php" "Mozilla/5.0 (Macintosh; Intel Mac OS X 10_15_7) AppleWebKit/537.36 (KHTML, like Gecko) Chrome/142.0.0.0 Safari/537.36" 0.000 "2a02:a58:8416:c500:dd21:85db:5890:145a, 2a02:a58:8416:c500:dd21:85db:5890:145a, 10.1.16.19"
10.1.22.25 - - [29/Nov/2025:01:28:14 +0000]  "GET /core/themes/claro/css/base/elements.css?0 HTTP/1.1" 200 1422 "https://dev-nord-staging.pantheonsite.io/core/install.php" "Mozilla/5.0 (Macintosh; Intel Mac OS X 10_15_7) AppleWebKit/537.36 (KHTML, like Gecko) Chrome/142.0.0.0 Safari/537.36" 0.000 "2a02:a58:8416:c500:dd21:85db:5890:145a, 2a02:a58:8416:c500:dd21:85db:5890:145a, 10.1.22.25"
10.1.21.23 - - [29/Nov/2025:01:28:14 +0000]  "GET /core/themes/claro/css/base/variables.css?0 HTTP/1.1" 200 3477 "https://dev-nord-staging.pantheonsite.io/core/install.php" "Mozilla/5.0 (Macintosh; Intel Mac OS X 10_15_7) AppleWebKit/537.36 (KHTML, like Gecko) Chrome/142.0.0.0 Safari/537.36" 0.000 "2a02:a58:8416:c500:dd21:85db:5890:145a, 2a02:a58:8416:c500:dd21:85db:5890:145a, 10.1.21.23"
10.1.21.23 - - [29/Nov/2025:01:28:14 +0000]  "GET /core/themes/claro/css/base/typography.css?0 HTTP/1.1" 200 339 "https://dev-nord-staging.pantheonsite.io/core/install.php" "Mozilla/5.0 (Macintosh; Intel Mac OS X 10_15_7) AppleWebKit/537.36 (KHTML, like Gecko) Chrome/142.0.0.0 Safari/537.36" 0.000 "2a02:a58:8416:c500:dd21:85db:5890:145a, 2a02:a58:8416:c500:dd21:85db:5890:145a, 10.1.21.23"
10.1.22.25 - - [29/Nov/2025:01:28:14 +0000]  "GET /core/themes/claro/css/layout/system-admin--layout.css?0 HTTP/1.1" 200 602 "https://dev-nord-staging.pantheonsite.io/core/install.php" "Mozilla/5.0 (Macintosh; Intel Mac OS X 10_15_7) AppleWebKit/537.36 (KHTML, like Gecko) Chrome/142.0.0.0 Safari/537.36" 0.000 "2a02:a58:8416:c500:dd21:85db:5890:145a, 2a02:a58:8416:c500:dd21:85db:5890:145a, 10.1.22.25"
10.1.18.20 - - [29/Nov/2025:01:28:14 +0000]  "GET /core/themes/claro/css/layout/breadcrumb.css?0 HTTP/1.1" 200 215 "https://dev-nord-staging.pantheonsite.io/core/install.php" "Mozilla/5.0 (Macintosh; Intel Mac OS X 10_15_7) AppleWebKit/537.36 (KHTML, like Gecko) Chrome/142.0.0.0 Safari/537.36" 0.000 "2a02:a58:8416:c500:dd21:85db:5890:145a, 2a02:a58:8416:c500:dd21:85db:5890:145a, 10.1.18.20"
10.1.17.23 - - [29/Nov/2025:01:28:14 +0000]  "GET /core/themes/claro/css/layout/local-actions.css?0 HTTP/1.1" 200 439 "https://dev-nord-staging.pantheonsite.io/core/install.php" "Mozilla/5.0 (Macintosh; Intel Mac OS X 10_15_7) AppleWebKit/537.36 (KHTML, like Gecko) Chrome/142.0.0.0 Safari/537.36" 0.000 "2a02:a58:8416:c500:dd21:85db:5890:145a, 2a02:a58:8416:c500:dd21:85db:5890:145a, 10.1.17.23"
10.1.16.19 - - [29/Nov/2025:01:28:14 +0000]  "GET /core/themes/claro/css/base/print.css?0 HTTP/1.1" 200 781 "https://dev-nord-staging.pantheonsite.io/core/install.php" "Mozilla/5.0 (Macintosh; Intel Mac OS X 10_15_7) AppleWebKit/537.36 (KHTML, like Gecko) Chrome/142.0.0.0 Safari/537.36" 0.000 "2a02:a58:8416:c500:dd21:85db:5890:145a, 2a02:a58:8416:c500:dd21:85db:5890:145a, 10.1.16.19"
10.1.22.25 - - [29/Nov/2025:01:28:14 +0000]  "GET /core/themes/claro/css/layout/layout.css?0 HTTP/1.1" 200 319 "https://dev-nord-staging.pantheonsite.io/core/install.php" "Mozilla/5.0 (Macintosh; Intel Mac OS X 10_15_7) AppleWebKit/537.36 (KHTML, like Gecko) Chrome/142.0.0.0 Safari/537.36" 0.000 "2a02:a58:8416:c500:dd21:85db:5890:145a, 2a02:a58:8416:c500:dd21:85db:5890:145a, 10.1.22.25"
10.1.19.28 - - [29/Nov/2025:01:28:14 +0000]  "GET /core/themes/claro/css/components/system-admin--modules.css?0 HTTP/1.1" 200 1741 "https://dev-nord-staging.pantheonsite.io/core/install.php" "Mozilla/5.0 (Macintosh; Intel Mac OS X 10_15_7) AppleWebKit/537.36 (KHTML, like Gecko) Chrome/142.0.0.0 Safari/537.36" 0.000 "2a02:a58:8416:c500:dd21:85db:5890:145a, 2a02:a58:8416:c500:dd21:85db:5890:145a, 10.1.19.28"
10.1.21.23 - - [29/Nov/2025:01:28:14 +0000]  "GET /core/themes/claro/css/components/system-admin--panel.css?0 HTTP/1.1" 200 381 "https://dev-nord-staging.pantheonsite.io/core/install.php" "Mozilla/5.0 (Macintosh; Intel Mac OS X 10_15_7) AppleWebKit/537.36 (KHTML, like Gecko) Chrome/142.0.0.0 Safari/537.36" 0.000 "2a02:a58:8416:c500:dd21:85db:5890:145a, 2a02:a58:8416:c500:dd21:85db:5890:145a, 10.1.21.23"
10.1.18.19 - - [29/Nov/2025:01:28:14 +0000]  "GET /core/themes/claro/css/layout/card-list.css?0 HTTP/1.1" 200 835 "https://dev-nord-staging.pantheonsite.io/core/install.php" "Mozilla/5.0 (Macintosh; Intel Mac OS X 10_15_7) AppleWebKit/537.36 (KHTML, like Gecko) Chrome/142.0.0.0 Safari/537.36" 0.000 "2a02:a58:8416:c500:dd21:85db:5890:145a, 2a02:a58:8416:c500:dd21:85db:5890:145a, 10.1.18.19"
10.1.16.19 - - [29/Nov/2025:01:28:14 +0000]  "GET /core/themes/claro/css/components/system-admin--admin-list.css?0 HTTP/1.1" 200 847 "https://dev-nord-staging.pantheonsite.io/core/install.php" "Mozilla/5.0 (Macintosh; Intel Mac OS X 10_15_7) AppleWebKit/537.36 (KHTML, like Gecko) Chrome/142.0.0.0 Safari/537.36" 0.000 "2a02:a58:8416:c500:dd21:85db:5890:145a, 2a02:a58:8416:c500:dd21:85db:5890:145a, 10.1.16.19"
10.1.17.23 - - [29/Nov/2025:01:28:14 +0000]  "GET /core/themes/claro/css/classy/components/exposed-filters.css?0 HTTP/1.1" 200 332 "https://dev-nord-staging.pantheonsite.io/core/install.php" "Mozilla/5.0 (Macintosh; Intel Mac OS X 10_15_7) AppleWebKit/537.36 (KHTML, like Gecko) Chrome/142.0.0.0 Safari/537.36" 0.000 "2a02:a58:8416:c500:dd21:85db:5890:145a, 2a02:a58:8416:c500:dd21:85db:5890:145a, 10.1.17.23"
10.1.19.28 - - [29/Nov/2025:01:28:14 +0000]  "GET /core/themes/claro/css/classy/components/inline-form.css?0 HTTP/1.1" 200 316 "https://dev-nord-staging.pantheonsite.io/core/install.php" "Mozilla/5.0 (Macintosh; Intel Mac OS X 10_15_7) AppleWebKit/537.36 (KHTML, like Gecko) Chrome/142.0.0.0 Safari/537.36" 0.000 "2a02:a58:8416:c500:dd21:85db:5890:145a, 2a02:a58:8416:c500:dd21:85db:5890:145a, 10.1.19.28"
10.1.19.28 - - [29/Nov/2025:01:28:14 +0000]  "GET /core/themes/claro/css/classy/components/item-list.css?0 HTTP/1.1" 200 268 "https://dev-nord-staging.pantheonsite.io/core/install.php" "Mozilla/5.0 (Macintosh; Intel Mac OS X 10_15_7) AppleWebKit/537.36 (KHTML, like Gecko) Chrome/142.0.0.0 Safari/537.36" 0.000 "2a02:a58:8416:c500:dd21:85db:5890:145a, 2a02:a58:8416:c500:dd21:85db:5890:145a, 10.1.19.28"
10.1.19.28 - - [29/Nov/2025:01:28:14 +0000]  "GET /core/themes/claro/css/classy/components/field.css?0 HTTP/1.1" 200 235 "https://dev-nord-staging.pantheonsite.io/core/install.php" "Mozilla/5.0 (Macintosh; Intel Mac OS X 10_15_7) AppleWebKit/537.36 (KHTML, like Gecko) Chrome/142.0.0.0 Safari/537.36" 0.000 "2a02:a58:8416:c500:dd21:85db:5890:145a, 2a02:a58:8416:c500:dd21:85db:5890:145a, 10.1.19.28"
10.1.22.25 - - [29/Nov/2025:01:28:14 +0000]  "GET /core/themes/claro/css/classy/components/link.css?0 HTTP/1.1" 200 181 "https://dev-nord-staging.pantheonsite.io/core/install.php" "Mozilla/5.0 (Macintosh; Intel Mac OS X 10_15_7) AppleWebKit/537.36 (KHTML, like Gecko) Chrome/142.0.0.0 Safari/537.36" 0.000 "2a02:a58:8416:c500:dd21:85db:5890:145a, 2a02:a58:8416:c500:dd21:85db:5890:145a, 10.1.22.25"
10.1.19.28 - - [29/Nov/2025:01:28:14 +0000]  "GET /core/themes/claro/css/classy/components/menu.css?0 HTTP/1.1" 200 322 "https://dev-nord-staging.pantheonsite.io/core/install.php" "Mozilla/5.0 (Macintosh; Intel Mac OS X 10_15_7) AppleWebKit/537.36 (KHTML, like Gecko) Chrome/142.0.0.0 Safari/537.36" 0.000 "2a02:a58:8416:c500:dd21:85db:5890:145a, 2a02:a58:8416:c500:dd21:85db:5890:145a, 10.1.19.28"
10.1.18.20 - - [29/Nov/2025:01:28:14 +0000]  "GET /core/themes/claro/css/classy/components/links.css?0 HTTP/1.1" 200 225 "https://dev-nord-staging.pantheonsite.io/core/install.php" "Mozilla/5.0 (Macintosh; Intel Mac OS X 10_15_7) AppleWebKit/537.36 (KHTML, like Gecko) Chrome/142.0.0.0 Safari/537.36" 0.000 "2a02:a58:8416:c500:dd21:85db:5890:145a, 2a02:a58:8416:c500:dd21:85db:5890:145a, 10.1.18.20"
10.1.19.28 - - [29/Nov/2025:01:28:14 +0000]  "GET /core/themes/claro/css/classy/components/more-link.css?0 HTTP/1.1" 200 162 "https://dev-nord-staging.pantheonsite.io/core/install.php" "Mozilla/5.0 (Macintosh; Intel Mac OS X 10_15_7) AppleWebKit/537.36 (KHTML, like Gecko) Chrome/142.0.0.0 Safari/537.36" 0.000 "2a02:a58:8416:c500:dd21:85db:5890:145a, 2a02:a58:8416:c500:dd21:85db:5890:145a, 10.1.19.28"
10.1.19.28 - - [29/Nov/2025:01:28:14 +0000]  "GET /core/themes/claro/css/components/container-inline.css?0 HTTP/1.1" 200 245 "https://dev-nord-staging.pantheonsite.io/core/install.php" "Mozilla/5.0 (Macintosh; Intel Mac OS X 10_15_7) AppleWebKit/537.36 (KHTML, like Gecko) Chrome/142.0.0.0 Safari/537.36" 0.000 "2a02:a58:8416:c500:dd21:85db:5890:145a, 2a02:a58:8416:c500:dd21:85db:5890:145a, 10.1.19.28"
