10.1.16.20 - - [28/Nov/2025:23:54:08 +0000]  "GET /sites/default/files/css/css_hou3SyeO1TJKMyinmqK_7u6Dsiqp2BLJoIg3i4ysijQ.css?delta=2&language=en&theme=claro&include=eJxVjtEKwzAIRX8obT5p2EQywcShBtZ9_TJIVvqm517xJAaVWFgO4M38ZGolJGmOb-_AMWt_Ae8X2VyED9BRUlxxJmApN-RwMGaFSZtoBaYPBqpQMEKu1IKh-3hoD1c41-UNBnuKeur-T-cepkdcPt1QV-k37zSk7Qt5OVfC HTTP/1.1" 200 527 "https://dev-nord-staging.pantheonsite.io/admin/config/media/image-styles/manage/t" "Mozilla/5.0 (Macintosh; Intel Mac OS X 10_15_7) AppleWebKit/537.36 (KHTML, like Gecko) Chrome/142.0.0.0 Safari/537.36" 0.000 "2a02:a58:8416:c500:6575:9612:54cc:5b08, 2a02:a58:8416:c500:6575:9612:54cc:5b08, 10.1.16.20"
10.1.18.20 - - [28/Nov/2025:23:54:09 +0000]  "GET /core/assets/vendor/jquery/jquery.min.js?v=4.0.0-rc.1 HTTP/1.1" 200 32227 "https://dev-nord-staging.pantheonsite.io/admin/config/media/image-styles/manage/t" "Mozilla/5.0 (Macintosh; Intel Mac OS X 10_15_7) AppleWebKit/537.36 (KHTML, like Gecko) Chrome/142.0.0.0 Safari/537.36" 0.000 "2a02:a58:8416:c500:6575:9612:54cc:5b08, 2a02:a58:8416:c500:6575:9612:54cc:5b08, 10.1.18.20"
10.1.18.19 - - [28/Nov/2025:23:54:09 +0000]  "GET /sites/default/files/css/css_aoXVFWrwnP8Zrb9yKJvaYb-reCIuFWCf9wbgg49LUHs.css?delta=0&language=en&theme=claro&include=eJxLzMvLL81LTs1NzSspjk9LTU3RTykqLUjM0UvEkNEryc_PSUosAgAtZRTp&exclude=eJxdjmEOwjAIhS_UrWfwJAtjZBJZaYAa5-ndEqvGXzw-HvBQjXJR20D4SQkFTPMqOoMMHrtwWROensVaBRkBg-80HPyW_KoW2KLPep9CVWaw_K6pOVk3nXpk1OL_tpEcodJl2bgcP0vQIxpIX_ySod91ijgC-hQG-yfFL0wzr1PlSrmLF3NcXoQ HTTP/1.1" 200 931 "https://dev-nord-staging.pantheonsite.io/admin/config/media/image-styles/manage/t" "Mozilla/5.0 (Macintosh; Intel Mac OS X 10_15_7) AppleWebKit/537.36 (KHTML, like Gecko) Chrome/142.0.0.0 Safari/537.36" 0.000 "2a02:a58:8416:c500:6575:9612:54cc:5b08, 2a02:a58:8416:c500:6575:9612:54cc:5b08, 10.1.18.19"
10.1.16.20 - - [28/Nov/2025:23:54:09 +0000]  "GET /sites/default/files/js/js_FAPtuWIgqdo6yBGIYZJtUGgTW82QlXO-n5LUp3qps_U.js?scope=footer&delta=1&language=en&theme=claro&include=eJxljl0OwyAMgy_UnzPsJJWBiGULAUE6dbdfH4omtjf7syXbcdwKF1rdJSaf1eiwHbKGuhfI8iWz5SwO9SxV6jG88YtmYX0OPDAkxwUPHANP8HdWmhWJhsDghEJF_KeVWsnazp2pkRlrbJtVvHtpgNP1cu1vf_xCzaPQLSTWD8CrY4I HTTP/1.1" 200 192140 "https://dev-nord-staging.pantheonsite.io/admin/config/media/image-styles/manage/t" "Mozilla/5.0 (Macintosh; Intel Mac OS X 10_15_7) AppleWebKit/537.36 (KHTML, like Gecko) Chrome/142.0.0.0 Safari/537.36" 0.000 "2a02:a58:8416:c500:6575:9612:54cc:5b08, 2a02:a58:8416:c500:6575:9612:54cc:5b08, 10.1.16.20"
10.1.16.19 - - [28/Nov/2025:23:54:09 +0000]  "GET /core/misc/icons/bebebe/pencil.svg HTTP/1.1" 200 291 "https://dev-nord-staging.pantheonsite.io/sites/default/files/css/css_hou3SyeO1TJKMyinmqK_7u6Dsiqp2BLJoIg3i4ysijQ.css?delta=2&language=en&theme=claro&include=eJxVjtEKwzAIRX8obT5p2EQywcShBtZ9_TJIVvqm517xJAaVWFgO4M38ZGolJGmOb-_AMWt_Ae8X2VyED9BRUlxxJmApN-RwMGaFSZtoBaYPBqpQMEKu1IKh-3hoD1c41-UNBnuKeur-T-cepkdcPt1QV-k37zSk7Qt5OVfC" "Mozilla/5.0 (Macintosh; Intel Mac OS X 10_15_7) AppleWebKit/537.36 (KHTML, like Gecko) Chrome/142.0.0.0 Safari/537.36" 0.000 "2a02:a58:8416:c500:6575:9612:54cc:5b08, 2a02:a58:8416:c500:6575:9612:54cc:5b08, 10.1.16.19"
10.1.16.19 - - [28/Nov/2025:23:54:12 +0000]  "GET /sites/default/files/css/css_iaGCK0VF_8PGyTNN0-2dybCpvB55K94ZRjU0DteiO4g.css?delta=0&language=en&theme=claro&include=eJxVTe0KwyAMfCFbH6mkNnRCZkpyQt3Tz4Fu7N99XxIyjafoTrI4muRyhqQFfKOSxMPqRbL-lAWqspP1kHEsak-S_OLgDPSubzBqs_YnBn-oIVV83cHDmIxzujrbDH3wmvu_vwHLt0PR HTTP/1.1" 200 17669 "https://dev-nord-staging.pantheonsite.io/admin/config/media" "Mozilla/5.0 (Macintosh; Intel Mac OS X 10_15_7) AppleWebKit/537.36 (KHTML, like Gecko) Chrome/142.0.0.0 Safari/537.36" 0.000 "2a02:a58:8416:c500:6575:9612:54cc:5b08, 2a02:a58:8416:c500:6575:9612:54cc:5b08, 10.1.16.19"
10.1.18.20 - - [28/Nov/2025:23:54:12 +0000]  "GET /admin/config/media HTTP/1.1" 200 8004 "https://dev-nord-staging.pantheonsite.io/admin/config/media/image-styles/manage/t" "Mozilla/5.0 (Macintosh; Intel Mac OS X 10_15_7) AppleWebKit/537.36 (KHTML, like Gecko) Chrome/142.0.0.0 Safari/537.36" 0.193 "2a02:a58:8416:c500:6575:9612:54cc:5b08, 2a02:a58:8416:c500:6575:9612:54cc:5b08, 10.1.18.20"
10.1.18.20 - - [28/Nov/2025:23:54:12 +0000]  "GET /sites/default/files/css/css_yinKzUAg7_S4eWGhLVVDSQe-649RrxvoKhQBoProuc8.css?delta=1&language=en&theme=claro&include=eJxVTe0KwyAMfCFbH6mkNnRCZkpyQt3Tz4Fu7N99XxIyjafoTrI4muRyhqQFfKOSxMPqRbL-lAWqspP1kHEsak-S_OLgDPSubzBqs_YnBn-oIVV83cHDmIxzujrbDH3wmvu_vwHLt0PR HTTP/1.1" 200 27993 "https://dev-nord-staging.pantheonsite.io/admin/config/media" "Mozilla/5.0 (Macintosh; Intel Mac OS X 10_15_7) AppleWebKit/537.36 (KHTML, like Gecko) Chrome/142.0.0.0 Safari/537.36" 0.000 "2a02:a58:8416:c500:6575:9612:54cc:5b08, 2a02:a58:8416:c500:6575:9612:54cc:5b08, 10.1.18.20"
10.1.17.23 - - [28/Nov/2025:23:54:12 +0000]  "GET /core/assets/vendor/jquery/jquery.min.js?v=4.0.0-rc.1 HTTP/1.1" 200 32227 "https://dev-nord-staging.pantheonsite.io/admin/config/media" "Mozilla/5.0 (Macintosh; Intel Mac OS X 10_15_7) AppleWebKit/537.36 (KHTML, like Gecko) Chrome/142.0.0.0 Safari/537.36" 0.000 "2a02:a58:8416:c500:6575:9612:54cc:5b08, 2a02:a58:8416:c500:6575:9612:54cc:5b08, 10.1.17.23"
10.1.22.25 - - [28/Nov/2025:23:54:12 +0000]  "GET /sites/default/files/css/css_hou3SyeO1TJKMyinmqK_7u6Dsiqp2BLJoIg3i4ysijQ.css?delta=2&language=en&theme=claro&include=eJxVTe0KwyAMfCFbH6mkNnRCZkpyQt3Tz4Fu7N99XxIyjafoTrI4muRyhqQFfKOSxMPqRbL-lAWqspP1kHEsak-S_OLgDPSubzBqs_YnBn-oIVV83cHDmIxzujrbDH3wmvu_vwHLt0PR HTTP/1.1" 200 527 "https://dev-nord-staging.pantheonsite.io/admin/config/media" "Mozilla/5.0 (Macintosh; Intel Mac OS X 10_15_7) AppleWebKit/537.36 (KHTML, like Gecko) Chrome/142.0.0.0 Safari/537.36" 0.000 "2a02:a58:8416:c500:6575:9612:54cc:5b08, 2a02:a58:8416:c500:6575:9612:54cc:5b08, 10.1.22.25"
10.1.16.20 - - [28/Nov/2025:23:54:12 +0000]  "GET /sites/default/files/js/js_bju3-lsE4BPfGeCybUpJsPQjR4jeLZbnKiXHyXoqsDo.js?scope=header&delta=0&language=en&theme=claro&include=eJxdjEsOgCAMBS_E5wyehBRoSCMWAsXo7XUhMbp7n8l4Sq5SReufoEJhwUMGZBvbqJDNu2gpJXtoN9Rw3hCEdtSZeFUdRYhTd9LgnMBnVI_CTtWvG-wBKi5xI74ADRo9uQ HTTP/1.1" 200 866 "https://dev-nord-staging.pantheonsite.io/admin/config/media" "Mozilla/5.0 (Macintosh; Intel Mac OS X 10_15_7) AppleWebKit/537.36 (KHTML, like Gecko) Chrome/142.0.0.0 Safari/537.36" 0.000 "2a02:a58:8416:c500:6575:9612:54cc:5b08, 2a02:a58:8416:c500:6575:9612:54cc:5b08, 10.1.16.20"
10.1.22.25 - - [28/Nov/2025:23:54:12 +0000]  "GET /core/misc/icons/bebebe/pencil.svg HTTP/1.1" 200 291 "https://dev-nord-staging.pantheonsite.io/sites/default/files/css/css_hou3SyeO1TJKMyinmqK_7u6Dsiqp2BLJoIg3i4ysijQ.css?delta=2&language=en&theme=claro&include=eJxVTe0KwyAMfCFbH6mkNnRCZkpyQt3Tz4Fu7N99XxIyjafoTrI4muRyhqQFfKOSxMPqRbL-lAWqspP1kHEsak-S_OLgDPSubzBqs_YnBn-oIVV83cHDmIxzujrbDH3wmvu_vwHLt0PR" "Mozilla/5.0 (Macintosh; Intel Mac OS X 10_15_7) AppleWebKit/537.36 (KHTML, like Gecko) Chrome/142.0.0.0 Safari/537.36" 0.000 "2a02:a58:8416:c500:6575:9612:54cc:5b08, 2a02:a58:8416:c500:6575:9612:54cc:5b08, 10.1.22.25"
10.1.21.23 - - [29/Nov/2025:00:30:10 +0000]  "GET /admin/config/media HTTP/1.1" 200 8004 "https://dev-nord-staging.pantheonsite.io/admin/config/media/image-styles/manage/t" "Mozilla/5.0 (Macintosh; Intel Mac OS X 10_15_7) AppleWebKit/537.36 (KHTML, like Gecko) Chrome/142.0.0.0 Safari/537.36" 0.276 "2a02:a58:8416:c500:dd21:85db:5890:145a, 2a02:a58:8416:c500:dd21:85db:5890:145a, 10.1.21.23"
10.1.21.23 - - [29/Nov/2025:00:30:10 +0000]  "GET /core/assets/vendor/jquery/jquery.min.js?v=4.0.0-rc.1 HTTP/1.1" 200 32227 "https://dev-nord-staging.pantheonsite.io/admin/config/media" "Mozilla/5.0 (Macintosh; Intel Mac OS X 10_15_7) AppleWebKit/537.36 (KHTML, like Gecko) Chrome/142.0.0.0 Safari/537.36" 0.000 "2a02:a58:8416:c500:dd21:85db:5890:145a, 2a02:a58:8416:c500:dd21:85db:5890:145a, 10.1.21.23"
10.1.22.25 - - [29/Nov/2025:00:30:10 +0000]  "GET /sites/default/files/js/js_bju3-lsE4BPfGeCybUpJsPQjR4jeLZbnKiXHyXoqsDo.js?scope=header&delta=0&language=en&theme=claro&include=eJxdjEsOgCAMBS_E5wyehBRoSCMWAsXo7XUhMbp7n8l4Sq5SReufoEJhwUMGZBvbqJDNu2gpJXtoN9Rw3hCEdtSZeFUdRYhTd9LgnMBnVI_CTtWvG-wBKi5xI74ADRo9uQ HTTP/1.1" 200 866 "https://dev-nord-staging.pantheonsite.io/admin/config/media" "Mozilla/5.0 (Macintosh; Intel Mac OS X 10_15_7) AppleWebKit/537.36 (KHTML, like Gecko) Chrome/142.0.0.0 Safari/537.36" 0.000 "2a02:a58:8416:c500:dd21:85db:5890:145a, 2a02:a58:8416:c500:dd21:85db:5890:145a, 10.1.22.25"
10.1.16.20 - - [29/Nov/2025:00:30:10 +0000]  "GET /sites/default/files/css/css_yinKzUAg7_S4eWGhLVVDSQe-649RrxvoKhQBoProuc8.css?delta=1&language=en&theme=claro&include=eJxVTe0KwyAMfCFbH6mkNnRCZkpyQt3Tz4Fu7N99XxIyjafoTrI4muRyhqQFfKOSxMPqRbL-lAWqspP1kHEsak-S_OLgDPSubzBqs_YnBn-oIVV83cHDmIxzujrbDH3wmvu_vwHLt0PR HTTP/1.1" 200 27993 "https://dev-nord-staging.pantheonsite.io/admin/config/media" "Mozilla/5.0 (Macintosh; Intel Mac OS X 10_15_7) AppleWebKit/537.36 (KHTML, like Gecko) Chrome/142.0.0.0 Safari/537.36" 0.000 "2a02:a58:8416:c500:dd21:85db:5890:145a, 2a02:a58:8416:c500:dd21:85db:5890:145a, 10.1.16.20"
10.1.21.23 - - [29/Nov/2025:00:30:11 +0000]  "GET /sites/default/files/js/js_nOwGW0Bu3Fg7dVSd7z4I8rmCnHh3CKZjKIwhhdZ9djM.js?scope=footer&delta=1&language=en&theme=claro&include=eJxdjEsOgCAMBS_E5wyehBRoSCMWAsXo7XUhMbp7n8l4Sq5SReufoEJhwUMGZBvbqJDNu2gpJXtoN9Rw3hCEdtSZeFUdRYhTd9LgnMBnVI_CTtWvG-wBKi5xI74ADRo9uQ HTTP/1.1" 200 44952 "https://dev-nord-staging.pantheonsite.io/admin/config/media" "Mozilla/5.0 (Macintosh; Intel Mac OS X 10_15_7) AppleWebKit/537.36 (KHTML, like Gecko) Chrome/142.0.0.0 Safari/537.36" 0.000 "2a02:a58:8416:c500:dd21:85db:5890:145a, 2a02:a58:8416:c500:dd21:85db:5890:145a, 10.1.21.23"
10.1.16.19 - - [29/Nov/2025:00:30:11 +0000]  "GET /sites/default/files/css/css_iaGCK0VF_8PGyTNN0-2dybCpvB55K94ZRjU0DteiO4g.css?delta=0&language=en&theme=claro&include=eJxVTe0KwyAMfCFbH6mkNnRCZkpyQt3Tz4Fu7N99XxIyjafoTrI4muRyhqQFfKOSxMPqRbL-lAWqspP1kHEsak-S_OLgDPSubzBqs_YnBn-oIVV83cHDmIxzujrbDH3wmvu_vwHLt0PR HTTP/1.1" 200 17669 "https://dev-nord-staging.pantheonsite.io/admin/config/media" "Mozilla/5.0 (Macintosh; Intel Mac OS X 10_15_7) AppleWebKit/537.36 (KHTML, like Gecko) Chrome/142.0.0.0 Safari/537.36" 0.000 "2a02:a58:8416:c500:dd21:85db:5890:145a, 2a02:a58:8416:c500:dd21:85db:5890:145a, 10.1.16.19"
10.1.16.20 - - [29/Nov/2025:00:30:11 +0000]  "GET /sites/default/files/css/css_hou3SyeO1TJKMyinmqK_7u6Dsiqp2BLJoIg3i4ysijQ.css?delta=2&language=en&theme=claro&include=eJxVTe0KwyAMfCFbH6mkNnRCZkpyQt3Tz4Fu7N99XxIyjafoTrI4muRyhqQFfKOSxMPqRbL-lAWqspP1kHEsak-S_OLgDPSubzBqs_YnBn-oIVV83cHDmIxzujrbDH3wmvu_vwHLt0PR HTTP/1.1" 200 527 "https://dev-nord-staging.pantheonsite.io/admin/config/media" "Mozilla/5.0 (Macintosh; Intel Mac OS X 10_15_7) AppleWebKit/537.36 (KHTML, like Gecko) Chrome/142.0.0.0 Safari/537.36" 0.000 "2a02:a58:8416:c500:dd21:85db:5890:145a, 2a02:a58:8416:c500:dd21:85db:5890:145a, 10.1.16.20"
10.1.18.20 - - [29/Nov/2025:00:30:11 +0000]  "GET /core/misc/icons/bebebe/pencil.svg HTTP/1.1" 200 291 "https://dev-nord-staging.pantheonsite.io/sites/default/files/css/css_hou3SyeO1TJKMyinmqK_7u6Dsiqp2BLJoIg3i4ysijQ.css?delta=2&language=en&theme=claro&include=eJxVTe0KwyAMfCFbH6mkNnRCZkpyQt3Tz4Fu7N99XxIyjafoTrI4muRyhqQFfKOSxMPqRbL-lAWqspP1kHEsak-S_OLgDPSubzBqs_YnBn-oIVV83cHDmIxzujrbDH3wmvu_vwHLt0PR" "Mozilla/5.0 (Macintosh; Intel Mac OS X 10_15_7) AppleWebKit/537.36 (KHTML, like Gecko) Chrome/142.0.0.0 Safari/537.36" 0.000 "2a02:a58:8416:c500:dd21:85db:5890:145a, 2a02:a58:8416:c500:dd21:85db:5890:145a, 10.1.18.20"
10.1.17.23 - - [29/Nov/2025:00:30:11 +0000]  "GET /sites/default/files/css/css_aoXVFWrwnP8Zrb9yKJvaYb-reCIuFWCf9wbgg49LUHs.css?delta=0&language=en&theme=claro&include=eJxLzMvLL81LTs1NzSspjk9LTU3RTykqLUjM0UvEkNEryc_PSUosAgAtZRTp&exclude=eJxdjmEOwjAIhS_UrWfwJAtjZBJZaYAa5-ndEqvGXzw-HvBQjXJR20D4SQkFTPMqOoMMHrtwWROensVaBRkBg-80HPyW_KoW2KLPep9CVWaw_K6pOVk3nXpk1OL_tpEcodJl2bgcP0vQIxpIX_ySod91ijgC-hQG-yfFL0wzr1PlSrmLF3NcXoQ HTTP/1.1" 200 931 "https://dev-nord-staging.pantheonsite.io/admin/config/media" "Mozilla/5.0 (Macintosh; Intel Mac OS X 10_15_7) AppleWebKit/537.36 (KHTML, like Gecko) Chrome/142.0.0.0 Safari/537.36" 0.000 "2a02:a58:8416:c500:dd21:85db:5890:145a, 2a02:a58:8416:c500:dd21:85db:5890:145a, 10.1.17.23"
10.1.16.19 - - [29/Nov/2025:00:30:12 +0000]  "GET /admin/structure HTTP/1.1" 200 8083 "https://dev-nord-staging.pantheonsite.io/admin/config/media" "Mozilla/5.0 (Macintosh; Intel Mac OS X 10_15_7) AppleWebKit/537.36 (KHTML, like Gecko) Chrome/142.0.0.0 Safari/537.36" 0.177 "2a02:a58:8416:c500:dd21:85db:5890:145a, 2a02:a58:8416:c500:dd21:85db:5890:145a, 10.1.16.19"
10.1.22.25 - - [29/Nov/2025:00:30:12 +0000]  "GET /sites/default/files/css/css_yinKzUAg7_S4eWGhLVVDSQe-649RrxvoKhQBoProuc8.css?delta=1&language=en&theme=claro&include=eJxVTe0KwyAMfCFbH6mkNnRCZkpyQt3Tz4Fu7N99XxIyjafoTrI4muRyhqQFfKOSxMPqRbL-lAWqspP1kHEsak-S_OLgDPSubzBqs_YnBn-oIVV83cHDmIxzujrbDH3wmvu_vwHLt0PR HTTP/1.1" 200 27993 "https://dev-nord-staging.pantheonsite.io/admin/structure" "Mozilla/5.0 (Macintosh; Intel Mac OS X 10_15_7) AppleWebKit/537.36 (KHTML, like Gecko) Chrome/142.0.0.0 Safari/537.36" 0.000 "2a02:a58:8416:c500:dd21:85db:5890:145a, 2a02:a58:8416:c500:dd21:85db:5890:145a, 10.1.22.25"
10.1.22.25 - - [29/Nov/2025:00:30:12 +0000]  "GET /core/assets/vendor/jquery/jquery.min.js?v=4.0.0-rc.1 HTTP/1.1" 200 32227 "https://dev-nord-staging.pantheonsite.io/admin/structure" "Mozilla/5.0 (Macintosh; Intel Mac OS X 10_15_7) AppleWebKit/537.36 (KHTML, like Gecko) Chrome/142.0.0.0 Safari/537.36" 0.000 "2a02:a58:8416:c500:dd21:85db:5890:145a, 2a02:a58:8416:c500:dd21:85db:5890:145a, 10.1.22.25"
10.1.19.28 - - [29/Nov/2025:00:30:12 +0000]  "GET /sites/default/files/css/css_iaGCK0VF_8PGyTNN0-2dybCpvB55K94ZRjU0DteiO4g.css?delta=0&language=en&theme=claro&include=eJxVTe0KwyAMfCFbH6mkNnRCZkpyQt3Tz4Fu7N99XxIyjafoTrI4muRyhqQFfKOSxMPqRbL-lAWqspP1kHEsak-S_OLgDPSubzBqs_YnBn-oIVV83cHDmIxzujrbDH3wmvu_vwHLt0PR HTTP/1.1" 200 17669 "https://dev-nord-staging.pantheonsite.io/admin/structure" "Mozilla/5.0 (Macintosh; Intel Mac OS X 10_15_7) AppleWebKit/537.36 (KHTML, like Gecko) Chrome/142.0.0.0 Safari/537.36" 0.000 "2a02:a58:8416:c500:dd21:85db:5890:145a, 2a02:a58:8416:c500:dd21:85db:5890:145a, 10.1.19.28"
10.1.22.25 - - [29/Nov/2025:00:30:12 +0000]  "GET /sites/default/files/js/js_bju3-lsE4BPfGeCybUpJsPQjR4jeLZbnKiXHyXoqsDo.js?scope=header&delta=0&language=en&theme=claro&include=eJxdjEsOgCAMBS_E5wyehBRoSCMWAsXo7XUhMbp7n8l4Sq5SReufoEJhwUMGZBvbqJDNu2gpJXtoN9Rw3hCEdtSZeFUdRYhTd9LgnMBnVI_CTtWvG-wBKi5xI74ADRo9uQ HTTP/1.1" 200 866 "https://dev-nord-staging.pantheonsite.io/admin/structure" "Mozilla/5.0 (Macintosh; Intel Mac OS X 10_15_7) AppleWebKit/537.36 (KHTML, like Gecko) Chrome/142.0.0.0 Safari/537.36" 0.000 "2a02:a58:8416:c500:dd21:85db:5890:145a, 2a02:a58:8416:c500:dd21:85db:5890:145a, 10.1.22.25"
10.1.16.19 - - [29/Nov/2025:00:30:12 +0000]  "GET /sites/default/files/js/js_nOwGW0Bu3Fg7dVSd7z4I8rmCnHh3CKZjKIwhhdZ9djM.js?scope=footer&delta=1&language=en&theme=claro&include=eJxdjEsOgCAMBS_E5wyehBRoSCMWAsXo7XUhMbp7n8l4Sq5SReufoEJhwUMGZBvbqJDNu2gpJXtoN9Rw3hCEdtSZeFUdRYhTd9LgnMBnVI_CTtWvG-wBKi5xI74ADRo9uQ HTTP/1.1" 200 44952 "https://dev-nord-staging.pantheonsite.io/admin/structure" "Mozilla/5.0 (Macintosh; Intel Mac OS X 10_15_7) AppleWebKit/537.36 (KHTML, like Gecko) Chrome/142.0.0.0 Safari/537.36" 0.000 "2a02:a58:8416:c500:dd21:85db:5890:145a, 2a02:a58:8416:c500:dd21:85db:5890:145a, 10.1.16.19"
10.1.22.25 - - [29/Nov/2025:00:30:12 +0000]  "GET /sites/default/files/css/css_hou3SyeO1TJKMyinmqK_7u6Dsiqp2BLJoIg3i4ysijQ.css?delta=2&language=en&theme=claro&include=eJxVTe0KwyAMfCFbH6mkNnRCZkpyQt3Tz4Fu7N99XxIyjafoTrI4muRyhqQFfKOSxMPqRbL-lAWqspP1kHEsak-S_OLgDPSubzBqs_YnBn-oIVV83cHDmIxzujrbDH3wmvu_vwHLt0PR HTTP/1.1" 200 527 "https://dev-nord-staging.pantheonsite.io/admin/structure" "Mozilla/5.0 (Macintosh; Intel Mac OS X 10_15_7) AppleWebKit/537.36 (KHTML, like Gecko) Chrome/142.0.0.0 Safari/537.36" 0.000 "2a02:a58:8416:c500:dd21:85db:5890:145a, 2a02:a58:8416:c500:dd21:85db:5890:145a, 10.1.22.25"
10.1.18.19 - - [28/Nov/2025:23:54:12 +0000]  "GET /sites/default/files/js/js_nOwGW0Bu3Fg7dVSd7z4I8rmCnHh3CKZjKIwhhdZ9djM.js?scope=footer&delta=1&language=en&theme=claro&include=eJxdjEsOgCAMBS_E5wyehBRoSCMWAsXo7XUhMbp7n8l4Sq5SReufoEJhwUMGZBvbqJDNu2gpJXtoN9Rw3hCEdtSZeFUdRYhTd9LgnMBnVI_CTtWvG-wBKi5xI74ADRo9uQ HTTP/1.1" 200 44952 "https://dev-nord-staging.pantheonsite.io/admin/config/media" "Mozilla/5.0 (Macintosh; Intel Mac OS X 10_15_7) AppleWebKit/537.36 (KHTML, like Gecko) Chrome/142.0.0.0 Safari/537.36" 0.000 "2a02:a58:8416:c500:6575:9612:54cc:5b08, 2a02:a58:8416:c500:6575:9612:54cc:5b08, 10.1.18.19"
10.1.18.19 - - [28/Nov/2025:23:54:12 +0000]  "GET /sites/default/files/css/css_aoXVFWrwnP8Zrb9yKJvaYb-reCIuFWCf9wbgg49LUHs.css?delta=0&language=en&theme=claro&include=eJxLzMvLL81LTs1NzSspjk9LTU3RTykqLUjM0UvEkNEryc_PSUosAgAtZRTp&exclude=eJxdjmEOwjAIhS_UrWfwJAtjZBJZaYAa5-ndEqvGXzw-HvBQjXJR20D4SQkFTPMqOoMMHrtwWROensVaBRkBg-80HPyW_KoW2KLPep9CVWaw_K6pOVk3nXpk1OL_tpEcodJl2bgcP0vQIxpIX_ySod91ijgC-hQG-yfFL0wzr1PlSrmLF3NcXoQ HTTP/1.1" 200 931 "https://dev-nord-staging.pantheonsite.io/admin/config/media" "Mozilla/5.0 (Macintosh; Intel Mac OS X 10_15_7) AppleWebKit/537.36 (KHTML, like Gecko) Chrome/142.0.0.0 Safari/537.36" 0.000 "2a02:a58:8416:c500:6575:9612:54cc:5b08, 2a02:a58:8416:c500:6575:9612:54cc:5b08, 10.1.18.19"
10.1.19.28 - - [29/Nov/2025:00:30:12 +0000]  "GET /sites/default/files/css/css_aoXVFWrwnP8Zrb9yKJvaYb-reCIuFWCf9wbgg49LUHs.css?delta=0&language=en&theme=claro&include=eJxLzMvLL81LTs1NzSspjk9LTU3RTykqLUjM0UvEkNEryc_PSUosAgAtZRTp&exclude=eJxdjmEOwjAIhS_UrWfwJAtjZBJZaYAa5-ndEqvGXzw-HvBQjXJR20D4SQkFTPMqOoMMHrtwWROensVaBRkBg-80HPyW_KoW2KLPep9CVWaw_K6pOVk3nXpk1OL_tpEcodJl2bgcP0vQIxpIX_ySod91ijgC-hQG-yfFL0wzr1PlSrmLF3NcXoQ HTTP/1.1" 200 931 "https://dev-nord-staging.pantheonsite.io/admin/structure" "Mozilla/5.0 (Macintosh; Intel Mac OS X 10_15_7) AppleWebKit/537.36 (KHTML, like Gecko) Chrome/142.0.0.0 Safari/537.36" 0.000 "2a02:a58:8416:c500:dd21:85db:5890:145a, 2a02:a58:8416:c500:dd21:85db:5890:145a, 10.1.19.28"
10.1.17.23 - - [29/Nov/2025:00:30:12 +0000]  "GET /core/misc/icons/bebebe/pencil.svg HTTP/1.1" 200 291 "https://dev-nord-staging.pantheonsite.io/sites/default/files/css/css_hou3SyeO1TJKMyinmqK_7u6Dsiqp2BLJoIg3i4ysijQ.css?delta=2&language=en&theme=claro&include=eJxVTe0KwyAMfCFbH6mkNnRCZkpyQt3Tz4Fu7N99XxIyjafoTrI4muRyhqQFfKOSxMPqRbL-lAWqspP1kHEsak-S_OLgDPSubzBqs_YnBn-oIVV83cHDmIxzujrbDH3wmvu_vwHLt0PR" "Mozilla/5.0 (Macintosh; Intel Mac OS X 10_15_7) AppleWebKit/537.36 (KHTML, like Gecko) Chrome/142.0.0.0 Safari/537.36" 0.000 "2a02:a58:8416:c500:dd21:85db:5890:145a, 2a02:a58:8416:c500:dd21:85db:5890:145a, 10.1.17.23"
10.1.17.23 - - [29/Nov/2025:00:30:13 +0000]  "GET /core/misc/favicon.ico HTTP/1.1" 200 5430 "https://dev-nord-staging.pantheonsite.io/admin/structure" "Mozilla/5.0 (Macintosh; Intel Mac OS X 10_15_7) AppleWebKit/537.36 (KHTML, like Gecko) Chrome/142.0.0.0 Safari/537.36" 0.000 "2a02:a58:8416:c500:dd21:85db:5890:145a, 2a02:a58:8416:c500:dd21:85db:5890:145a, 10.1.17.23"
10.1.16.20 - - [29/Nov/2025:01:00:20 +0000]  "GET /themes/custom/nord_bootstrap_sass/images/logo_nord.svg HTTP/1.1" 200 41696 "https://dev-nord-staging.pantheonsite.io/" "Mozilla/5.0 (Macintosh; Intel Mac OS X 10_15_7) AppleWebKit/537.36 (KHTML, like Gecko) Chrome/142.0.0.0 Safari/537.36" 0.000 "2a02:a58:8416:c500:dd21:85db:5890:145a, 2a02:a58:8416:c500:dd21:85db:5890:145a, 10.1.16.20"
10.1.18.20 - - [29/Nov/2025:01:00:20 +0000]  "GET /themes/custom/nord_bootstrap_sass/images/ANMCS.png HTTP/1.1" 200 16361 "https://dev-nord-staging.pantheonsite.io/" "Mozilla/5.0 (Macintosh; Intel Mac OS X 10_15_7) AppleWebKit/537.36 (KHTML, like Gecko) Chrome/142.0.0.0 Safari/537.36" 0.000 "2a02:a58:8416:c500:dd21:85db:5890:145a, 2a02:a58:8416:c500:dd21:85db:5890:145a, 10.1.18.20"
10.1.21.23 - - [29/Nov/2025:01:00:21 +0000]  "GET /core/assets/vendor/jquery/jquery.min.js?v=4.0.0-rc.1 HTTP/1.1" 200 32227 "https://dev-nord-staging.pantheonsite.io/" "Mozilla/5.0 (Macintosh; Intel Mac OS X 10_15_7) AppleWebKit/537.36 (KHTML, like Gecko) Chrome/142.0.0.0 Safari/537.36" 0.000 "2a02:a58:8416:c500:dd21:85db:5890:145a, 2a02:a58:8416:c500:dd21:85db:5890:145a, 10.1.21.23"
10.1.16.20 - - [29/Nov/2025:01:00:21 +0000]  "GET / HTTP/1.1" 200 28128 "https://dashboard.pantheon.io/" "Mozilla/5.0 (Macintosh; Intel Mac OS X 10_15_7) AppleWebKit/537.36 (KHTML, like Gecko) Chrome/142.0.0.0 Safari/537.36" 2.535 "2a02:a58:8416:c500:dd21:85db:5890:145a, 2a02:a58:8416:c500:dd21:85db:5890:145a, 10.1.16.20"
10.1.22.25 - - [29/Nov/2025:01:00:21 +0000]  "GET /sites/default/files/js/js_bju3-lsE4BPfGeCybUpJsPQjR4jeLZbnKiXHyXoqsDo.js?scope=header&delta=0&language=en&theme=nord_bootstrap_sass&include=eJxdTkEOwyAM-xCUN-wlKEDEolKCknRafz8ORdN2imM7dhLVOGhgSDdwmbvh205oocg5oG1fxhtzSyDTJLhkyEYv9I367p6kxnKFA2T3oF4QiussJSZmUxMYUUE11MZp5qld8646RbM5NU7HtYJ_SHdXh_XC376hZhj4KAf1D-RgU6c HTTP/1.1" 200 866 "https://dev-nord-staging.pantheonsite.io/" "Mozilla/5.0 (Macintosh; Intel Mac OS X 10_15_7) AppleWebKit/537.36 (KHTML, like Gecko) Chrome/142.0.0.0 Safari/537.36" 0.941 "2a02:a58:8416:c500:dd21:85db:5890:145a, 2a02:a58:8416:c500:dd21:85db:5890:145a, 10.1.22.25"
10.1.16.20 - - [29/Nov/2025:01:00:22 +0000]  "GET /sites/default/files/css/css_hou3SyeO1TJKMyinmqK_7u6Dsiqp2BLJoIg3i4ysijQ.css?delta=5&language=en&theme=nord_bootstrap_sass&include=eJxtj-EOwyAIhF_I1kcyWpk1odJwmKxvP5e0a7bsH3DfwZFEDKZxDymqVvEbAbEQAteymku_epNMbpFm9LQe2Wfte-T5nkwmwgN2TTSH248I-MKSBgI7uLbyHxEpTNNjLIQDmQ0QYejHdetr6LCK2tLto569wwGjzacIcmcmf2XrIL0M73qu4wG8APmRa2o HTTP/1.1" 200 527 "https://dev-nord-staging.pantheonsite.io/" "Mozilla/5.0 (Macintosh; Intel Mac OS X 10_15_7) AppleWebKit/537.36 (KHTML, like Gecko) Chrome/142.0.0.0 Safari/537.36" 1.056 "2a02:a58:8416:c500:dd21:85db:5890:145a, 2a02:a58:8416:c500:dd21:85db:5890:145a, 10.1.16.20"
10.1.21.23 - - [29/Nov/2025:01:00:22 +0000]  "GET /sites/default/files/css/css_UdEfcGe26oSKGR1VWmKiMucmIR76l4TOOFzHXSfAPKg.css?delta=0&language=en&theme=nord_bootstrap_sass&include=eJxtj-EOwyAIhF_I1kcyWpk1odJwmKxvP5e0a7bsH3DfwZFEDKZxDymqVvEbAbEQAteymku_epNMbpFm9LQe2Wfte-T5nkwmwgN2TTSH248I-MKSBgI7uLbyHxEpTNNjLIQDmQ0QYejHdetr6LCK2tLto569wwGjzacIcmcmf2XrIL0M73qu4wG8APmRa2o HTTP/1.1" 200 16655 "https://dev-nord-staging.pantheonsite.io/" "Mozilla/5.0 (Macintosh; Intel Mac OS X 10_15_7) AppleWebKit/537.36 (KHTML, like Gecko) Chrome/142.0.0.0 Safari/537.36" 1.104 "2a02:a58:8416:c500:dd21:85db:5890:145a, 2a02:a58:8416:c500:dd21:85db:5890:145a, 10.1.21.23"
10.1.16.20 - - [29/Nov/2025:01:00:22 +0000]  "GET /sites/default/files/css/css_ttBC-LXZ51ybtsfULrgA-gROYb4RUXSuTyaw_2Jqbd8.css?delta=1&language=en&theme=nord_bootstrap_sass&include=eJxtj-EOwyAIhF_I1kcyWpk1odJwmKxvP5e0a7bsH3DfwZFEDKZxDymqVvEbAbEQAteymku_epNMbpFm9LQe2Wfte-T5nkwmwgN2TTSH248I-MKSBgI7uLbyHxEpTNNjLIQDmQ0QYejHdetr6LCK2tLto569wwGjzacIcmcmf2XrIL0M73qu4wG8APmRa2o HTTP/1.1" 200 70372 "https://dev-nord-staging.pantheonsite.io/" "Mozilla/5.0 (Macintosh; Intel Mac OS X 10_15_7) AppleWebKit/537.36 (KHTML, like Gecko) Chrome/142.0.0.0 Safari/537.36" 1.139 "2a02:a58:8416:c500:dd21:85db:5890:145a, 2a02:a58:8416:c500:dd21:85db:5890:145a, 10.1.16.20"
10.1.22.25 - - [29/Nov/2025:01:00:22 +0000]  "GET /themes/custom/nord_bootstrap_sass/images/iso9001.png HTTP/1.1" 200 8974 "https://dev-nord-staging.pantheonsite.io/" "Mozilla/5.0 (Macintosh; Intel Mac OS X 10_15_7) AppleWebKit/537.36 (KHTML, like Gecko) Chrome/142.0.0.0 Safari/537.36" 0.000 "2a02:a58:8416:c500:dd21:85db:5890:145a, 2a02:a58:8416:c500:dd21:85db:5890:145a, 10.1.22.25"
10.1.22.25 - - [29/Nov/2025:01:00:22 +0000]  "GET /themes/custom/nord_bootstrap_sass/images/OHSAS.png HTTP/1.1" 200 8777 "https://dev-nord-staging.pantheonsite.io/" "Mozilla/5.0 (Macintosh; Intel Mac OS X 10_15_7) AppleWebKit/537.36 (KHTML, like Gecko) Chrome/142.0.0.0 Safari/537.36" 0.000 "2a02:a58:8416:c500:dd21:85db:5890:145a, 2a02:a58:8416:c500:dd21:85db:5890:145a, 10.1.22.25"
10.1.16.20 - - [29/Nov/2025:01:00:22 +0000]  "GET /themes/custom/nord_bootstrap_sass/images/icons/profile.svg HTTP/1.1" 200 373 "https://dev-nord-staging.pantheonsite.io/sites/default/files/css/css_ttBC-LXZ51ybtsfULrgA-gROYb4RUXSuTyaw_2Jqbd8.css?delta=1&language=en&theme=nord_bootstrap_sass&include=eJxtj-EOwyAIhF_I1kcyWpk1odJwmKxvP5e0a7bsH3DfwZFEDKZxDymqVvEbAbEQAteymku_epNMbpFm9LQe2Wfte-T5nkwmwgN2TTSH248I-MKSBgI7uLbyHxEpTNNjLIQDmQ0QYejHdetr6LCK2tLto569wwGjzacIcmcmf2XrIL0M73qu4wG8APmRa2o" "Mozilla/5.0 (Macintosh; Intel Mac OS X 10_15_7) AppleWebKit/537.36 (KHTML, like Gecko) Chrome/142.0.0.0 Safari/537.36" 0.000 "2a02:a58:8416:c500:dd21:85db:5890:145a, 2a02:a58:8416:c500:dd21:85db:5890:145a, 10.1.16.20"
10.1.19.28 - - [29/Nov/2025:01:00:22 +0000]  "GET /themes/custom/nord_bootstrap_sass/images/icons/phone.svg HTTP/1.1" 200 846 "https://dev-nord-staging.pantheonsite.io/sites/default/files/css/css_ttBC-LXZ51ybtsfULrgA-gROYb4RUXSuTyaw_2Jqbd8.css?delta=1&language=en&theme=nord_bootstrap_sass&include=eJxtj-EOwyAIhF_I1kcyWpk1odJwmKxvP5e0a7bsH3DfwZFEDKZxDymqVvEbAbEQAteymku_epNMbpFm9LQe2Wfte-T5nkwmwgN2TTSH248I-MKSBgI7uLbyHxEpTNNjLIQDmQ0QYejHdetr6LCK2tLto569wwGjzacIcmcmf2XrIL0M73qu4wG8APmRa2o" "Mozilla/5.0 (Macintosh; Intel Mac OS X 10_15_7) AppleWebKit/537.36 (KHTML, like Gecko) Chrome/142.0.0.0 Safari/537.36" 0.000 "2a02:a58:8416:c500:dd21:85db:5890:145a, 2a02:a58:8416:c500:dd21:85db:5890:145a, 10.1.19.28"
10.1.19.28 - - [29/Nov/2025:01:00:22 +0000]  "GET /themes/custom/nord_bootstrap_sass/images/icons/lab.svg HTTP/1.1" 200 909 "https://dev-nord-staging.pantheonsite.io/sites/default/files/css/css_ttBC-LXZ51ybtsfULrgA-gROYb4RUXSuTyaw_2Jqbd8.css?delta=1&language=en&theme=nord_bootstrap_sass&include=eJxtj-EOwyAIhF_I1kcyWpk1odJwmKxvP5e0a7bsH3DfwZFEDKZxDymqVvEbAbEQAteymku_epNMbpFm9LQe2Wfte-T5nkwmwgN2TTSH248I-MKSBgI7uLbyHxEpTNNjLIQDmQ0QYejHdetr6LCK2tLto569wwGjzacIcmcmf2XrIL0M73qu4wG8APmRa2o" "Mozilla/5.0 (Macintosh; Intel Mac OS X 10_15_7) AppleWebKit/537.36 (KHTML, like Gecko) Chrome/142.0.0.0 Safari/537.36" 0.000 "2a02:a58:8416:c500:dd21:85db:5890:145a, 2a02:a58:8416:c500:dd21:85db:5890:145a, 10.1.19.28"
10.1.18.19 - - [29/Nov/2025:01:00:22 +0000]  "GET /themes/custom/nord_bootstrap_sass/images/icons/search.svg HTTP/1.1" 200 470 "https://dev-nord-staging.pantheonsite.io/sites/default/files/css/css_ttBC-LXZ51ybtsfULrgA-gROYb4RUXSuTyaw_2Jqbd8.css?delta=1&language=en&theme=nord_bootstrap_sass&include=eJxtj-EOwyAIhF_I1kcyWpk1odJwmKxvP5e0a7bsH3DfwZFEDKZxDymqVvEbAbEQAteymku_epNMbpFm9LQe2Wfte-T5nkwmwgN2TTSH248I-MKSBgI7uLbyHxEpTNNjLIQDmQ0QYejHdetr6LCK2tLto569wwGjzacIcmcmf2XrIL0M73qu4wG8APmRa2o" "Mozilla/5.0 (Macintosh; Intel Mac OS X 10_15_7) AppleWebKit/537.36 (KHTML, like Gecko) Chrome/142.0.0.0 Safari/537.36" 0.000 "2a02:a58:8416:c500:dd21:85db:5890:145a, 2a02:a58:8416:c500:dd21:85db:5890:145a, 10.1.18.19"
10.1.17.23 - - [29/Nov/2025:01:00:22 +0000]  "GET /themes/custom/nord_bootstrap_sass/images/icons/document.svg HTTP/1.1" 200 1529 "https://dev-nord-staging.pantheonsite.io/sites/default/files/css/css_ttBC-LXZ51ybtsfULrgA-gROYb4RUXSuTyaw_2Jqbd8.css?delta=1&language=en&theme=nord_bootstrap_sass&include=eJxtj-EOwyAIhF_I1kcyWpk1odJwmKxvP5e0a7bsH3DfwZFEDKZxDymqVvEbAbEQAteymku_epNMbpFm9LQe2Wfte-T5nkwmwgN2TTSH248I-MKSBgI7uLbyHxEpTNNjLIQDmQ0QYejHdetr6LCK2tLto569wwGjzacIcmcmf2XrIL0M73qu4wG8APmRa2o" "Mozilla/5.0 (Macintosh; Intel Mac OS X 10_15_7) AppleWebKit/537.36 (KHTML, like Gecko) Chrome/142.0.0.0 Safari/537.36" 0.000 "2a02:a58:8416:c500:dd21:85db:5890:145a, 2a02:a58:8416:c500:dd21:85db:5890:145a, 10.1.17.23"
10.1.21.23 - - [29/Nov/2025:01:00:22 +0000]  "GET /themes/custom/nord_bootstrap_sass/images/icons/ion-call.svg HTTP/1.1" 200 817 "https://dev-nord-staging.pantheonsite.io/sites/default/files/css/css_ttBC-LXZ51ybtsfULrgA-gROYb4RUXSuTyaw_2Jqbd8.css?delta=1&language=en&theme=nord_bootstrap_sass&include=eJxtj-EOwyAIhF_I1kcyWpk1odJwmKxvP5e0a7bsH3DfwZFEDKZxDymqVvEbAbEQAteymku_epNMbpFm9LQe2Wfte-T5nkwmwgN2TTSH248I-MKSBgI7uLbyHxEpTNNjLIQDmQ0QYejHdetr6LCK2tLto569wwGjzacIcmcmf2XrIL0M73qu4wG8APmRa2o" "Mozilla/5.0 (Macintosh; Intel Mac OS X 10_15_7) AppleWebKit/537.36 (KHTML, like Gecko) Chrome/142.0.0.0 Safari/537.36" 0.000 "2a02:a58:8416:c500:dd21:85db:5890:145a, 2a02:a58:8416:c500:dd21:85db:5890:145a, 10.1.21.23"
10.1.16.20 - - [29/Nov/2025:01:00:22 +0000]  "GET /sites/default/files/js/js_1_-e30A4tcZyBPwKteG-OQOyuacRcNu5Wa6ciwmlD9g.js?scope=footer&delta=0&language=en&theme=nord_bootstrap_sass&include=eJxdTkEOwyAM-xCUN-wlKEDEolKCknRafz8ORdN2imM7dhLVOGhgSDdwmbvh205oocg5oG1fxhtzSyDTJLhkyEYv9I367p6kxnKFA2T3oF4QiussJSZmUxMYUUE11MZp5qld8646RbM5NU7HtYJ_SHdXh_XC376hZhj4KAf1D-RgU6c HTTP/1.1" 200 28147 "https://dev-nord-staging.pantheonsite.io/" "Mozilla/5.0 (Macintosh; Intel Mac OS X 10_15_7) AppleWebKit/537.36 (KHTML, like Gecko) Chrome/142.0.0.0 Safari/537.36" 1.662 "2a02:a58:8416:c500:dd21:85db:5890:145a, 2a02:a58:8416:c500:dd21:85db:5890:145a, 10.1.16.20"
10.1.16.20 - - [29/Nov/2025:01:00:22 +0000]  "GET /sites/default/files/js/js_ldL86maYuvuD2sd2Uy-BKeEcIAvoE-8qj3I-H7_7dHQ.js?scope=footer&delta=2&language=en&theme=nord_bootstrap_sass&include=eJxdTkEOwyAM-xCUN-wlKEDEolKCknRafz8ORdN2imM7dhLVOGhgSDdwmbvh205oocg5oG1fxhtzSyDTJLhkyEYv9I367p6kxnKFA2T3oF4QiussJSZmUxMYUUE11MZp5qld8646RbM5NU7HtYJ_SHdXh_XC376hZhj4KAf1D-RgU6c HTTP/1.1" 200 45989 "https://dev-nord-staging.pantheonsite.io/" "Mozilla/5.0 (Macintosh; Intel Mac OS X 10_15_7) AppleWebKit/537.36 (KHTML, like Gecko) Chrome/142.0.0.0 Safari/537.36" 1.681 "2a02:a58:8416:c500:dd21:85db:5890:145a, 2a02:a58:8416:c500:dd21:85db:5890:145a, 10.1.16.20"
10.1.22.25 - - [29/Nov/2025:01:00:22 +0000]  "GET /core/misc/icons/bebebe/pencil.svg HTTP/1.1" 200 291 "https://dev-nord-staging.pantheonsite.io/sites/default/files/css/css_hou3SyeO1TJKMyinmqK_7u6Dsiqp2BLJoIg3i4ysijQ.css?delta=5&language=en&theme=nord_bootstrap_sass&include=eJxtj-EOwyAIhF_I1kcyWpk1odJwmKxvP5e0a7bsH3DfwZFEDKZxDymqVvEbAbEQAteymku_epNMbpFm9LQe2Wfte-T5nkwmwgN2TTSH248I-MKSBgI7uLbyHxEpTNNjLIQDmQ0QYejHdetr6LCK2tLto569wwGjzacIcmcmf2XrIL0M73qu4wG8APmRa2o" "Mozilla/5.0 (Macintosh; Intel Mac OS X 10_15_7) AppleWebKit/537.36 (KHTML, like Gecko) Chrome/142.0.0.0 Safari/537.36" 0.000 "2a02:a58:8416:c500:dd21:85db:5890:145a, 2a02:a58:8416:c500:dd21:85db:5890:145a, 10.1.22.25"
10.1.18.19 - - [29/Nov/2025:01:00:23 +0000]  "POST /contextual/render HTTP/1.1" 200 383 "https://dev-nord-staging.pantheonsite.io/" "Mozilla/5.0 (Macintosh; Intel Mac OS X 10_15_7) AppleWebKit/537.36 (KHTML, like Gecko) Chrome/142.0.0.0 Safari/537.36" 0.085 "2a02:a58:8416:c500:dd21:85db:5890:145a, 2a02:a58:8416:c500:dd21:85db:5890:145a, 10.1.18.19"
10.1.16.19 - - [29/Nov/2025:01:00:23 +0000]  "GET /themes/custom/nord_bootstrap_sass/images/icons/chevron-down.svg HTTP/1.1" 200 190 "https://dev-nord-staging.pantheonsite.io/sites/default/files/css/css_ttBC-LXZ51ybtsfULrgA-gROYb4RUXSuTyaw_2Jqbd8.css?delta=1&language=en&theme=nord_bootstrap_sass&include=eJxtj-EOwyAIhF_I1kcyWpk1odJwmKxvP5e0a7bsH3DfwZFEDKZxDymqVvEbAbEQAteymku_epNMbpFm9LQe2Wfte-T5nkwmwgN2TTSH248I-MKSBgI7uLbyHxEpTNNjLIQDmQ0QYejHdetr6LCK2tLto569wwGjzacIcmcmf2XrIL0M73qu4wG8APmRa2o" "Mozilla/5.0 (Macintosh; Intel Mac OS X 10_15_7) AppleWebKit/537.36 (KHTML, like Gecko) Chrome/142.0.0.0 Safari/537.36" 0.000 "2a02:a58:8416:c500:dd21:85db:5890:145a, 2a02:a58:8416:c500:dd21:85db:5890:145a, 10.1.16.19"
10.1.16.19 - - [29/Nov/2025:01:00:23 +0000]  "GET /themes/custom/nord_bootstrap_sass/images/contact_background.png HTTP/1.1" 200 1544207 "https://dev-nord-staging.pantheonsite.io/sites/default/files/css/css_ttBC-LXZ51ybtsfULrgA-gROYb4RUXSuTyaw_2Jqbd8.css?delta=1&language=en&theme=nord_bootstrap_sass&include=eJxtj-EOwyAIhF_I1kcyWpk1odJwmKxvP5e0a7bsH3DfwZFEDKZxDymqVvEbAbEQAteymku_epNMbpFm9LQe2Wfte-T5nkwmwgN2TTSH248I-MKSBgI7uLbyHxEpTNNjLIQDmQ0QYejHdetr6LCK2tLto569wwGjzacIcmcmf2XrIL0M73qu4wG8APmRa2o" "Mozilla/5.0 (Macintosh; Intel Mac OS X 10_15_7) AppleWebKit/537.36 (KHTML, like Gecko) Chrome/142.0.0.0 Safari/537.36" 0.002 "2a02:a58:8416:c500:dd21:85db:5890:145a, 2a02:a58:8416:c500:dd21:85db:5890:145a, 10.1.16.19"
10.1.22.25 - - [29/Nov/2025:01:00:23 +0000]  "GET /sites/default/files/css/css_t5CSjQtlJGdVqUsO62rdMGJ5MHVNUtcPMtkAVicCnus.css?delta=0&language=en&theme=nord_bootstrap_sass&include=eJwry0wtL9YvA5F6ufkppTmpAEU4B0A&exclude=eJxtkG1uwyAMhi8E4Qw9CTLBI6gEI7_OtNx-qTTWae0v24_t1x84YbyHRGDXRXNMIgZTGhEEhCJSGvsP6Yb3BU0SNQ87W-3FraIcsh6D2kKr1U_2F7-7rcJEz7CT3j3BK1N2T6lEqlXCoxSvuEvmV7ozQIURWy2bORNpVyb8WHeAdW7y8Je6SofDJmrrYTM14__9C2Olwbe8135d1Y2_7KA2257Ez4Fgs-sFiNeS56_8X-hSLXHUwWE632N3lzc HTTP/1.1" 200 216 "https://dev-nord-staging.pantheonsite.io/" "Mozilla/5.0 (Macintosh; Intel Mac OS X 10_15_7) AppleWebKit/537.36 (KHTML, like Gecko) Chrome/142.0.0.0 Safari/537.36" 0.829 "2a02:a58:8416:c500:dd21:85db:5890:145a, 2a02:a58:8416:c500:dd21:85db:5890:145a, 10.1.22.25"
10.1.18.20 - - [29/Nov/2025:01:00:23 +0000]  "GET /sites/default/files/css/css_aoXVFWrwnP8Zrb9yKJvaYb-reCIuFWCf9wbgg49LUHs.css?delta=0&language=en&theme=nord_bootstrap_sass&include=eJxLzMvLL81LTs1NzSspjk9LTU3RTykqLUjM0UvEkNEryc_PSUosAgAtZRTp&exclude=eJxtkG1uwyAMhi8E4Qw9CTLBI6gEI7_OtNx-qTTWae0v24_t1x84YbyHRGDXRXNMIgZTGhEEhCJSGvsP6Yb3BU0SNQ87W-3FraIcsh6D2kKr1U_2F7-7rcJEz7CT3j3BK1N2T6lEqlXCoxSvuEvmV7ozQIURWy2bORNpVyb8WHeAdW7y8Je6SofDJmrrYTM14__9C2Olwbe8135d1Y2_7KA2257Ez4Fgs-sFiNeS56_8X-hSLXHUwWE632N3lzc HTTP/1.1" 200 931 "https://dev-nord-staging.pantheonsite.io/" "Mozilla/5.0 (Macintosh; Intel Mac OS X 10_15_7) AppleWebKit/537.36 (KHTML, like Gecko) Chrome/142.0.0.0 Safari/537.36" 0.825 "2a02:a58:8416:c500:dd21:85db:5890:145a, 2a02:a58:8416:c500:dd21:85db:5890:145a, 10.1.18.20"
10.1.16.20 - - [29/Nov/2025:01:00:23 +0000]  "GET /themes/custom/nord_bootstrap_sass/images/icons/chevron-left.svg HTTP/1.1" 200 201 "https://dev-nord-staging.pantheonsite.io/sites/default/files/css/css_ttBC-LXZ51ybtsfULrgA-gROYb4RUXSuTyaw_2Jqbd8.css?delta=1&language=en&theme=nord_bootstrap_sass&include=eJxtj-EOwyAIhF_I1kcyWpk1odJwmKxvP5e0a7bsH3DfwZFEDKZxDymqVvEbAbEQAteymku_epNMbpFm9LQe2Wfte-T5nkwmwgN2TTSH248I-MKSBgI7uLbyHxEpTNNjLIQDmQ0QYejHdetr6LCK2tLto569wwGjzacIcmcmf2XrIL0M73qu4wG8APmRa2o" "Mozilla/5.0 (Macintosh; Intel Mac OS X 10_15_7) AppleWebKit/537.36 (KHTML, like Gecko) Chrome/142.0.0.0 Safari/537.36" 0.000 "2a02:a58:8416:c500:dd21:85db:5890:145a, 2a02:a58:8416:c500:dd21:85db:5890:145a, 10.1.16.20"
10.1.22.25 - - [29/Nov/2025:01:00:23 +0000]  "GET /themes/custom/nord_bootstrap_sass/images/icons/chevron-right.svg HTTP/1.1" 200 202 "https://dev-nord-staging.pantheonsite.io/sites/default/files/css/css_ttBC-LXZ51ybtsfULrgA-gROYb4RUXSuTyaw_2Jqbd8.css?delta=1&language=en&theme=nord_bootstrap_sass&include=eJxtj-EOwyAIhF_I1kcyWpk1odJwmKxvP5e0a7bsH3DfwZFEDKZxDymqVvEbAbEQAteymku_epNMbpFm9LQe2Wfte-T5nkwmwgN2TTSH248I-MKSBgI7uLbyHxEpTNNjLIQDmQ0QYejHdetr6LCK2tLto569wwGjzacIcmcmf2XrIL0M73qu4wG8APmRa2o" "Mozilla/5.0 (Macintosh; Intel Mac OS X 10_15_7) AppleWebKit/537.36 (KHTML, like Gecko) Chrome/142.0.0.0 Safari/537.36" 0.000 "2a02:a58:8416:c500:dd21:85db:5890:145a, 2a02:a58:8416:c500:dd21:85db:5890:145a, 10.1.22.25"
10.1.17.23 - - [29/Nov/2025:01:00:23 +0000]  "GET /themes/custom/nord_bootstrap_sass/images/icons/right-arrow.svg HTTP/1.1" 200 187 "https://dev-nord-staging.pantheonsite.io/sites/default/files/css/css_ttBC-LXZ51ybtsfULrgA-gROYb4RUXSuTyaw_2Jqbd8.css?delta=1&language=en&theme=nord_bootstrap_sass&include=eJxtj-EOwyAIhF_I1kcyWpk1odJwmKxvP5e0a7bsH3DfwZFEDKZxDymqVvEbAbEQAteymku_epNMbpFm9LQe2Wfte-T5nkwmwgN2TTSH248I-MKSBgI7uLbyHxEpTNNjLIQDmQ0QYejHdetr6LCK2tLto569wwGjzacIcmcmf2XrIL0M73qu4wG8APmRa2o" "Mozilla/5.0 (Macintosh; Intel Mac OS X 10_15_7) AppleWebKit/537.36 (KHTML, like Gecko) Chrome/142.0.0.0 Safari/537.36" 0.000 "2a02:a58:8416:c500:dd21:85db:5890:145a, 2a02:a58:8416:c500:dd21:85db:5890:145a, 10.1.17.23"
10.1.22.25 - - [29/Nov/2025:01:00:23 +0000]  "GET /themes/custom/nord_bootstrap_sass/images/robot-surgery.png HTTP/1.1" 200 576026 "https://dev-nord-staging.pantheonsite.io/" "Mozilla/5.0 (Macintosh; Intel Mac OS X 10_15_7) AppleWebKit/537.36 (KHTML, like Gecko) Chrome/142.0.0.0 Safari/537.36" 0.001 "2a02:a58:8416:c500:dd21:85db:5890:145a, 2a02:a58:8416:c500:dd21:85db:5890:145a, 10.1.22.25"
10.1.22.25 - - [29/Nov/2025:01:00:23 +0000]  "GET /themes/custom/nord_bootstrap_sass/images/homepage_main_carousel_1.png HTTP/1.1" 200 938036 "https://dev-nord-staging.pantheonsite.io/" "Mozilla/5.0 (Macintosh; Intel Mac OS X 10_15_7) AppleWebKit/537.36 (KHTML, like Gecko) Chrome/142.0.0.0 Safari/537.36" 0.000 "2a02:a58:8416:c500:dd21:85db:5890:145a, 2a02:a58:8416:c500:dd21:85db:5890:145a, 10.1.22.25"
10.1.19.28 - - [29/Nov/2025:01:00:23 +0000]  "GET /themes/custom/nord_bootstrap_sass/images/pharma.png HTTP/1.1" 200 258450 "https://dev-nord-staging.pantheonsite.io/" "Mozilla/5.0 (Macintosh; Intel Mac OS X 10_15_7) AppleWebKit/537.36 (KHTML, like Gecko) Chrome/142.0.0.0 Safari/537.36" 0.000 "2a02:a58:8416:c500:dd21:85db:5890:145a, 2a02:a58:8416:c500:dd21:85db:5890:145a, 10.1.19.28"
10.1.18.20 - - [29/Nov/2025:01:00:24 +0000]  "POST /contextual/render HTTP/1.1" 200 418 "https://dev-nord-staging.pantheonsite.io/" "Mozilla/5.0 (Macintosh; Intel Mac OS X 10_15_7) AppleWebKit/537.36 (KHTML, like Gecko) Chrome/142.0.0.0 Safari/537.36" 0.062 "2a02:a58:8416:c500:dd21:85db:5890:145a, 2a02:a58:8416:c500:dd21:85db:5890:145a, 10.1.18.20"
10.1.22.25 - - [29/Nov/2025:01:00:24 +0000]  "GET /sites/default/files/2025-08/Zone%20vizate%20pentru%20biopsie.png HTTP/1.1" 200 463712 "https://dev-nord-staging.pantheonsite.io/" "Mozilla/5.0 (Macintosh; Intel Mac OS X 10_15_7) AppleWebKit/537.36 (KHTML, like Gecko) Chrome/142.0.0.0 Safari/537.36" 0.000 "2a02:a58:8416:c500:dd21:85db:5890:145a, 2a02:a58:8416:c500:dd21:85db:5890:145a, 10.1.22.25"
10.1.16.20 - - [29/Nov/2025:01:00:24 +0000]  "GET /sites/default/files/2025-08/traian_0.png HTTP/1.1" 200 254945 "https://dev-nord-staging.pantheonsite.io/" "Mozilla/5.0 (Macintosh; Intel Mac OS X 10_15_7) AppleWebKit/537.36 (KHTML, like Gecko) Chrome/142.0.0.0 Safari/537.36" 0.000 "2a02:a58:8416:c500:dd21:85db:5890:145a, 2a02:a58:8416:c500:dd21:85db:5890:145a, 10.1.16.20"
10.1.19.28 - - [29/Nov/2025:01:00:24 +0000]  "GET /sites/default/files/2025-08/Radu.png HTTP/1.1" 200 274729 "https://dev-nord-staging.pantheonsite.io/" "Mozilla/5.0 (Macintosh; Intel Mac OS X 10_15_7) AppleWebKit/537.36 (KHTML, like Gecko) Chrome/142.0.0.0 Safari/537.36" 0.000 "2a02:a58:8416:c500:dd21:85db:5890:145a, 2a02:a58:8416:c500:dd21:85db:5890:145a, 10.1.19.28"
10.1.19.28 - - [29/Nov/2025:01:00:24 +0000]  "POST /contextual/render HTTP/1.1" 200 620 "https://dev-nord-staging.pantheonsite.io/" "Mozilla/5.0 (Macintosh; Intel Mac OS X 10_15_7) AppleWebKit/537.36 (KHTML, like Gecko) Chrome/142.0.0.0 Safari/537.36" 0.104 "2a02:a58:8416:c500:dd21:85db:5890:145a, 2a02:a58:8416:c500:dd21:85db:5890:145a, 10.1.19.28"
10.1.21.23 - - [29/Nov/2025:01:00:24 +0000]  "POST /contextual/render HTTP/1.1" 200 625 "https://dev-nord-staging.pantheonsite.io/" "Mozilla/5.0 (Macintosh; Intel Mac OS X 10_15_7) AppleWebKit/537.36 (KHTML, like Gecko) Chrome/142.0.0.0 Safari/537.36" 0.124 "2a02:a58:8416:c500:dd21:85db:5890:145a, 2a02:a58:8416:c500:dd21:85db:5890:145a, 10.1.21.23"
10.1.18.20 - - [29/Nov/2025:01:00:24 +0000]  "POST /contextual/render HTTP/1.1" 200 614 "https://dev-nord-staging.pantheonsite.io/" "Mozilla/5.0 (Macintosh; Intel Mac OS X 10_15_7) AppleWebKit/537.36 (KHTML, like Gecko) Chrome/142.0.0.0 Safari/537.36" 0.108 "2a02:a58:8416:c500:dd21:85db:5890:145a, 2a02:a58:8416:c500:dd21:85db:5890:145a, 10.1.18.20"
10.1.16.19 - - [29/Nov/2025:01:00:24 +0000]  "POST /contextual/render HTTP/1.1" 200 618 "https://dev-nord-staging.pantheonsite.io/" "Mozilla/5.0 (Macintosh; Intel Mac OS X 10_15_7) AppleWebKit/537.36 (KHTML, like Gecko) Chrome/142.0.0.0 Safari/537.36" 0.181 "2a02:a58:8416:c500:dd21:85db:5890:145a, 2a02:a58:8416:c500:dd21:85db:5890:145a, 10.1.16.19"
10.1.16.20 - - [29/Nov/2025:01:00:24 +0000]  "GET /sites/default/files/2025-08/Radu_0.png HTTP/1.1" 200 274729 "https://dev-nord-staging.pantheonsite.io/" "Mozilla/5.0 (Macintosh; Intel Mac OS X 10_15_7) AppleWebKit/537.36 (KHTML, like Gecko) Chrome/142.0.0.0 Safari/537.36" 0.084 "2a02:a58:8416:c500:dd21:85db:5890:145a, 2a02:a58:8416:c500:dd21:85db:5890:145a, 10.1.16.20"
10.1.16.20 - - [29/Nov/2025:01:00:24 +0000]  "GET /sites/default/files/2025-08/Eugenia_0.png HTTP/1.1" 200 356183 "https://dev-nord-staging.pantheonsite.io/" "Mozilla/5.0 (Macintosh; Intel Mac OS X 10_15_7) AppleWebKit/537.36 (KHTML, like Gecko) Chrome/142.0.0.0 Safari/537.36" 0.084 "2a02:a58:8416:c500:dd21:85db:5890:145a, 2a02:a58:8416:c500:dd21:85db:5890:145a, 10.1.16.20"
10.1.21.23 - - [29/Nov/2025:01:00:24 +0000]  "GET /sites/default/files/2025-08/Interven%C8%9Bie%20chirurgical%C4%83%20de%20mastectomie.png HTTP/1.1" 200 634784 "https://dev-nord-staging.pantheonsite.io/" "Mozilla/5.0 (Macintosh; Intel Mac OS X 10_15_7) AppleWebKit/537.36 (KHTML, like Gecko) Chrome/142.0.0.0 Safari/537.36" 0.084 "2a02:a58:8416:c500:dd21:85db:5890:145a, 2a02:a58:8416:c500:dd21:85db:5890:145a, 10.1.21.23"
10.1.16.19 - - [29/Nov/2025:01:00:24 +0000]  "GET /sites/default/files/2025-08/Forma%C8%9Biuni%20tumorale%20la%20nivelul%20s%C3%A2nului.png HTTP/1.1" 200 343280 "https://dev-nord-staging.pantheonsite.io/" "Mozilla/5.0 (Macintosh; Intel Mac OS X 10_15_7) AppleWebKit/537.36 (KHTML, like Gecko) Chrome/142.0.0.0 Safari/537.36" 0.086 "2a02:a58:8416:c500:dd21:85db:5890:145a, 2a02:a58:8416:c500:dd21:85db:5890:145a, 10.1.16.19"
10.1.16.20 - - [29/Nov/2025:01:00:24 +0000]  "GET /sites/default/files/2025-08/Eugenia.png HTTP/1.1" 200 356183 "https://dev-nord-staging.pantheonsite.io/" "Mozilla/5.0 (Macintosh; Intel Mac OS X 10_15_7) AppleWebKit/537.36 (KHTML, like Gecko) Chrome/142.0.0.0 Safari/537.36" 0.086 "2a02:a58:8416:c500:dd21:85db:5890:145a, 2a02:a58:8416:c500:dd21:85db:5890:145a, 10.1.16.20"
10.1.17.23 - - [29/Nov/2025:01:00:24 +0000]  "POST /contextual/render HTTP/1.1" 200 416 "https://dev-nord-staging.pantheonsite.io/" "Mozilla/5.0 (Macintosh; Intel Mac OS X 10_15_7) AppleWebKit/537.36 (KHTML, like Gecko) Chrome/142.0.0.0 Safari/537.36" 0.178 "2a02:a58:8416:c500:dd21:85db:5890:145a, 2a02:a58:8416:c500:dd21:85db:5890:145a, 10.1.17.23"
10.1.16.20 - - [29/Nov/2025:01:00:24 +0000]  "POST /contextual/render HTTP/1.1" 200 621 "https://dev-nord-staging.pantheonsite.io/" "Mozilla/5.0 (Macintosh; Intel Mac OS X 10_15_7) AppleWebKit/537.36 (KHTML, like Gecko) Chrome/142.0.0.0 Safari/537.36" 0.199 "2a02:a58:8416:c500:dd21:85db:5890:145a, 2a02:a58:8416:c500:dd21:85db:5890:145a, 10.1.16.20"
10.1.16.20 - - [29/Nov/2025:01:00:24 +0000]  "POST /history/7/read HTTP/1.1" 200 10 "https://dev-nord-staging.pantheonsite.io/" "Mozilla/5.0 (Macintosh; Intel Mac OS X 10_15_7) AppleWebKit/537.36 (KHTML, like Gecko) Chrome/142.0.0.0 Safari/537.36" 0.034 "2a02:a58:8416:c500:dd21:85db:5890:145a, 2a02:a58:8416:c500:dd21:85db:5890:145a, 10.1.16.20"
10.1.16.19 - - [29/Nov/2025:01:00:25 +0000]  "GET /specialities HTTP/1.1" 302 518 "https://dev-nord-staging.pantheonsite.io/" "Mozilla/5.0 (Macintosh; Intel Mac OS X 10_15_7) AppleWebKit/537.36 (KHTML, like Gecko) Chrome/142.0.0.0 Safari/537.36" 0.049 "2a02:a58:8416:c500:dd21:85db:5890:145a, 2a02:a58:8416:c500:dd21:85db:5890:145a, 10.1.16.19"
10.1.18.20 - - [29/Nov/2025:01:00:26 +0000]  "GET /specialities/kinetoterapie-pitesti-%E2%80%93-spitalul-nord-muntenia HTTP/1.1" 200 17989 "https://dev-nord-staging.pantheonsite.io/" "Mozilla/5.0 (Macintosh; Intel Mac OS X 10_15_7) AppleWebKit/537.36 (KHTML, like Gecko) Chrome/142.0.0.0 Safari/537.36" 0.658 "2a02:a58:8416:c500:dd21:85db:5890:145a, 2a02:a58:8416:c500:dd21:85db:5890:145a, 10.1.18.20"
10.1.16.20 - - [29/Nov/2025:01:00:26 +0000]  "GET /themes/custom/nord_bootstrap_sass/images/logo_nord.svg HTTP/1.1" 200 41696 "https://dev-nord-staging.pantheonsite.io/specialities/kinetoterapie-pitesti-%E2%80%93-spitalul-nord-muntenia" "Mozilla/5.0 (Macintosh; Intel Mac OS X 10_15_7) AppleWebKit/537.36 (KHTML, like Gecko) Chrome/142.0.0.0 Safari/537.36" 0.000 "2a02:a58:8416:c500:dd21:85db:5890:145a, 2a02:a58:8416:c500:dd21:85db:5890:145a, 10.1.16.20"
10.1.21.23 - - [29/Nov/2025:01:00:26 +0000]  "GET /sites/default/files/styles/max_2600x2600/public/2025-11/shutterstock_1655853721_0.jpg.avif?itok=nNoKF-f9 HTTP/1.1" 304 0 "https://dev-nord-staging.pantheonsite.io/specialities/kinetoterapie-pitesti-%E2%80%93-spitalul-nord-muntenia" "Mozilla/5.0 (Macintosh; Intel Mac OS X 10_15_7) AppleWebKit/537.36 (KHTML, like Gecko) Chrome/142.0.0.0 Safari/537.36" 0.000 "2a02:a58:8416:c500:dd21:85db:5890:145a, 2a02:a58:8416:c500:dd21:85db:5890:145a, 10.1.21.23"
10.1.18.19 - - [29/Nov/2025:01:00:26 +0000]  "GET /sites/default/files/css/css_hou3SyeO1TJKMyinmqK_7u6Dsiqp2BLJoIg3i4ysijQ.css?delta=5&language=en&theme=nord_bootstrap_sass&include=eJxtUFGuAyEIvJBdj2Rwpa4JKxsH23r72qbb5iXvh8AMAwxR1WCNjhCptaJ-Z4AyI0jJm7lVq_HDOolPrR8kyw-5mKpMmRMa2i2kglVv3IbXyquKq9pSiN8NIMBn0TilsCGl5v9bVLPw5ToXwR3UKE9qw3nAD1l6PXqUgo2TA5vNiQhz0Dh7_4AOmzZbu33ZT-0wYLz7SGD3MeVPcx3cTsErX8r8ANyt8B3-HZddUxd-Ah7Jg_w HTTP/1.1" 200 527 "https://dev-nord-staging.pantheonsite.io/specialities/kinetoterapie-pitesti-%E2%80%93-spitalul-nord-muntenia" "Mozilla/5.0 (Macintosh; Intel Mac OS X 10_15_7) AppleWebKit/537.36 (KHTML, like Gecko) Chrome/142.0.0.0 Safari/537.36" 0.000 "2a02:a58:8416:c500:dd21:85db:5890:145a, 2a02:a58:8416:c500:dd21:85db:5890:145a, 10.1.18.19"
10.1.21.23 - - [29/Nov/2025:01:00:26 +0000]  "GET /sites/default/files/js/js_bju3-lsE4BPfGeCybUpJsPQjR4jeLZbnKiXHyXoqsDo.js?scope=header&delta=0&language=en&theme=nord_bootstrap_sass&include=eJxtjtENwyAMRBeCMEMnQQYs5JbaCDtRsn35SBS16pft89PdJaqxU8eQzsVlYcPdVmihjLVDW27Fm0hLMCY08HpDNtrQN-KXYxklJhFTG9CjgmqAJ-yeYaMKRsJ_mdokTXu1Y9pUp2g2p8ZJHFfOl-jOJuFq9HMvqBk6Psqb-ANF7Foq HTTP/1.1" 200 866 "https://dev-nord-staging.pantheonsite.io/specialities/kinetoterapie-pitesti-%E2%80%93-spitalul-nord-muntenia" "Mozilla/5.0 (Macintosh; Intel Mac OS X 10_15_7) AppleWebKit/537.36 (KHTML, like Gecko) Chrome/142.0.0.0 Safari/537.36" 0.000 "2a02:a58:8416:c500:dd21:85db:5890:145a, 2a02:a58:8416:c500:dd21:85db:5890:145a, 10.1.21.23"
10.1.16.19 - - [29/Nov/2025:01:00:27 +0000]  "GET /sites/default/files/css/css_AJKuU4PeDAEmcXRkxuLUhrUTPqrrgg9cjseTbokar4M.css?delta=0&language=en&theme=nord_bootstrap_sass&include=eJxtUFGuAyEIvJBdj2Rwpa4JKxsH23r72qbb5iXvh8AMAwxR1WCNjhCptaJ-Z4AyI0jJm7lVq_HDOolPrR8kyw-5mKpMmRMa2i2kglVv3IbXyquKq9pSiN8NIMBn0TilsCGl5v9bVLPw5ToXwR3UKE9qw3nAD1l6PXqUgo2TA5vNiQhz0Dh7_4AOmzZbu33ZT-0wYLz7SGD3MeVPcx3cTsErX8r8ANyt8B3-HZddUxd-Ah7Jg_w HTTP/1.1" 200 16799 "https://dev-nord-staging.pantheonsite.io/specialities/kinetoterapie-pitesti-%E2%80%93-spitalul-nord-muntenia" "Mozilla/5.0 (Macintosh; Intel Mac OS X 10_15_7) AppleWebKit/537.36 (KHTML, like Gecko) Chrome/142.0.0.0 Safari/537.36" 0.796 "2a02:a58:8416:c500:dd21:85db:5890:145a, 2a02:a58:8416:c500:dd21:85db:5890:145a, 10.1.16.19"
10.1.16.19 - - [29/Nov/2025:01:00:27 +0000]  "GET /sites/default/files/css/css__tPFuanlZQk72dWBAhzguDJmeCVJwIW68C2TgdELIKQ.css?delta=1&language=en&theme=nord_bootstrap_sass&include=eJxtUFGuAyEIvJBdj2Rwpa4JKxsH23r72qbb5iXvh8AMAwxR1WCNjhCptaJ-Z4AyI0jJm7lVq_HDOolPrR8kyw-5mKpMmRMa2i2kglVv3IbXyquKq9pSiN8NIMBn0TilsCGl5v9bVLPw5ToXwR3UKE9qw3nAD1l6PXqUgo2TA5vNiQhz0Dh7_4AOmzZbu33ZT-0wYLz7SGD3MeVPcx3cTsErX8r8ANyt8B3-HZddUxd-Ah7Jg_w HTTP/1.1" 200 69938 "https://dev-nord-staging.pantheonsite.io/specialities/kinetoterapie-pitesti-%E2%80%93-spitalul-nord-muntenia" "Mozilla/5.0 (Macintosh; Intel Mac OS X 10_15_7) AppleWebKit/537.36 (KHTML, like Gecko) Chrome/142.0.0.0 Safari/537.36" 0.816 "2a02:a58:8416:c500:dd21:85db:5890:145a, 2a02:a58:8416:c500:dd21:85db:5890:145a, 10.1.16.19"
10.1.16.20 - - [29/Nov/2025:01:00:27 +0000]  "GET /themes/custom/nord_bootstrap_sass/images/ANMCS.png HTTP/1.1" 200 16361 "https://dev-nord-staging.pantheonsite.io/specialities/kinetoterapie-pitesti-%E2%80%93-spitalul-nord-muntenia" "Mozilla/5.0 (Macintosh; Intel Mac OS X 10_15_7) AppleWebKit/537.36 (KHTML, like Gecko) Chrome/142.0.0.0 Safari/537.36" 0.000 "2a02:a58:8416:c500:dd21:85db:5890:145a, 2a02:a58:8416:c500:dd21:85db:5890:145a, 10.1.16.20"
10.1.22.25 - - [29/Nov/2025:01:00:27 +0000]  "GET /themes/custom/nord_bootstrap_sass/images/iso9001.png HTTP/1.1" 200 8974 "https://dev-nord-staging.pantheonsite.io/specialities/kinetoterapie-pitesti-%E2%80%93-spitalul-nord-muntenia" "Mozilla/5.0 (Macintosh; Intel Mac OS X 10_15_7) AppleWebKit/537.36 (KHTML, like Gecko) Chrome/142.0.0.0 Safari/537.36" 0.000 "2a02:a58:8416:c500:dd21:85db:5890:145a, 2a02:a58:8416:c500:dd21:85db:5890:145a, 10.1.22.25"
10.1.22.25 - - [29/Nov/2025:01:00:27 +0000]  "GET /themes/custom/nord_bootstrap_sass/images/OHSAS.png HTTP/1.1" 200 8777 "https://dev-nord-staging.pantheonsite.io/specialities/kinetoterapie-pitesti-%E2%80%93-spitalul-nord-muntenia" "Mozilla/5.0 (Macintosh; Intel Mac OS X 10_15_7) AppleWebKit/537.36 (KHTML, like Gecko) Chrome/142.0.0.0 Safari/537.36" 0.000 "2a02:a58:8416:c500:dd21:85db:5890:145a, 2a02:a58:8416:c500:dd21:85db:5890:145a, 10.1.22.25"
10.1.18.19 - - [29/Nov/2025:01:00:26 +0000]  "GET /sites/default/files/js/js_1_-e30A4tcZyBPwKteG-OQOyuacRcNu5Wa6ciwmlD9g.js?scope=footer&delta=0&language=en&theme=nord_bootstrap_sass&include=eJxtjtENwyAMRBeCMEMnQQYs5JbaCDtRsn35SBS16pft89PdJaqxU8eQzsVlYcPdVmihjLVDW27Fm0hLMCY08HpDNtrQN-KXYxklJhFTG9CjgmqAJ-yeYaMKRsJ_mdokTXu1Y9pUp2g2p8ZJHFfOl-jOJuFq9HMvqBk6Psqb-ANF7Foq HTTP/1.1" 200 28147 "https://dev-nord-staging.pantheonsite.io/specialities/kinetoterapie-pitesti-%E2%80%93-spitalul-nord-muntenia" "Mozilla/5.0 (Macintosh; Intel Mac OS X 10_15_7) AppleWebKit/537.36 (KHTML, like Gecko) Chrome/142.0.0.0 Safari/537.36" 0.000 "2a02:a58:8416:c500:dd21:85db:5890:145a, 2a02:a58:8416:c500:dd21:85db:5890:145a, 10.1.18.19"
