10.1.19.28 - - [28/Nov/2025:23:14:43 +0000]  "GET /sites/default/files/css/css_L6ohE3iNpb2TExA_ULu8P4QZZAYPdB0vLCTN4ONTCS8.css?delta=1&language=en&theme=claro&include=eJxVjlsKwzAMBC_kxEcKiq2mBsUKekDT09elUUv_tLsDmkIgnDfiFWhSO6n1LRXuhg9zoFzFD6D510zGTCvIgARjrsLH6mbcP3Vn2YHaE9OtIdXFW5CRk6LZ-KWLCZyx_pVJ7yxW3L7rldOlkEPFFSWg9z234asvG9pWbw HTTP/1.1" 200 28741 "https://dev-nord-staging.pantheonsite.io/admin/structure/types/manage/centers_service/fields" "Mozilla/5.0 (Macintosh; Intel Mac OS X 10_15_7) AppleWebKit/537.36 (KHTML, like Gecko) Chrome/142.0.0.0 Safari/537.36" 0.000 "2a02:a58:8416:c500:6575:9612:54cc:5b08, 2a02:a58:8416:c500:6575:9612:54cc:5b08, 10.1.19.28"
10.1.16.20 - - [28/Nov/2025:23:14:43 +0000]  "GET /sites/default/files/css/css_hou3SyeO1TJKMyinmqK_7u6Dsiqp2BLJoIg3i4ysijQ.css?delta=2&language=en&theme=claro&include=eJxVjlsKwzAMBC_kxEcKiq2mBsUKekDT09elUUv_tLsDmkIgnDfiFWhSO6n1LRXuhg9zoFzFD6D510zGTCvIgARjrsLH6mbcP3Vn2YHaE9OtIdXFW5CRk6LZ-KWLCZyx_pVJ7yxW3L7rldOlkEPFFSWg9z234asvG9pWbw HTTP/1.1" 200 527 "https://dev-nord-staging.pantheonsite.io/admin/structure/types/manage/centers_service/fields" "Mozilla/5.0 (Macintosh; Intel Mac OS X 10_15_7) AppleWebKit/537.36 (KHTML, like Gecko) Chrome/142.0.0.0 Safari/537.36" 0.000 "2a02:a58:8416:c500:6575:9612:54cc:5b08, 2a02:a58:8416:c500:6575:9612:54cc:5b08, 10.1.16.20"
10.1.18.20 - - [28/Nov/2025:23:14:44 +0000]  "GET /sites/default/files/css/css_ANWLmyh8IUYcSvFxGDZp0x0oZ8jieaCn3IFeqRL5I9Q.css?delta=0&language=en&theme=claro&include=eJxVjlsKwzAMBC_kxEcKiq2mBsUKekDT09elUUv_tLsDmkIgnDfiFWhSO6n1LRXuhg9zoFzFD6D510zGTCvIgARjrsLH6mbcP3Vn2YHaE9OtIdXFW5CRk6LZ-KWLCZyx_pVJ7yxW3L7rldOlkEPFFSWg9z234asvG9pWbw HTTP/1.1" 200 21203 "https://dev-nord-staging.pantheonsite.io/admin/structure/types/manage/centers_service/fields" "Mozilla/5.0 (Macintosh; Intel Mac OS X 10_15_7) AppleWebKit/537.36 (KHTML, like Gecko) Chrome/142.0.0.0 Safari/537.36" 0.346 "2a02:a58:8416:c500:6575:9612:54cc:5b08, 2a02:a58:8416:c500:6575:9612:54cc:5b08, 10.1.18.20"
10.1.16.19 - - [28/Nov/2025:23:14:44 +0000]  "GET /sites/default/files/js/js_k6ovkyxGSdrqT8MEOdB1OQaRXtCtTBlH0L5xevPt6FY.js?scope=footer&delta=1&language=en&theme=claro&include=eJxdjlEOAiEMRC_ELmfwJKRAJdXaEihmvb37scTgX-e9STORSqhU0cfrcEnF8LAB7HMbFXj_kc1UOUI7Sw2nhmT0xo1JngvPBKxlhwccK29a4zBTWbBBZGzYq0o__7k7IecwaPqZXUczktKDNfhMu0B3zfRz7l_esSeoeMsvki9ud2Rj HTTP/1.1" 200 84161 "https://dev-nord-staging.pantheonsite.io/admin/structure/types/manage/centers_service/fields" "Mozilla/5.0 (Macintosh; Intel Mac OS X 10_15_7) AppleWebKit/537.36 (KHTML, like Gecko) Chrome/142.0.0.0 Safari/537.36" 0.600 "2a02:a58:8416:c500:6575:9612:54cc:5b08, 2a02:a58:8416:c500:6575:9612:54cc:5b08, 10.1.16.19"
10.1.19.28 - - [28/Nov/2025:23:14:44 +0000]  "GET /sites/default/files/css/css_aoXVFWrwnP8Zrb9yKJvaYb-reCIuFWCf9wbgg49LUHs.css?delta=0&language=en&theme=claro&include=eJxLzMvLL81LTs1NzSspjk9LTU3RTykqLUjM0UvEkNEryc_PSUosAgAtZRTp&exclude=eJxdjmEOwjAIhS_UrWfwJAtjZBJZaYAa5-ndEqvGXzw-HvBQjXJR20D4SQkFTPMqOoMMHrtwWROensVaBRkBg-80HPyW_KoW2KLPep9CVWaw_K6pOVk3nXpk1OL_tpEcodJl2bgcP0vQIxpIX_ySod91ijgC-hQG-yfFL0wzr1PlSrmLF3NcXoQ HTTP/1.1" 304 0 "https://dev-nord-staging.pantheonsite.io/admin/structure/types/manage/centers_service/fields" "Mozilla/5.0 (Macintosh; Intel Mac OS X 10_15_7) AppleWebKit/537.36 (KHTML, like Gecko) Chrome/142.0.0.0 Safari/537.36" 0.000 "2a02:a58:8416:c500:6575:9612:54cc:5b08, 2a02:a58:8416:c500:6575:9612:54cc:5b08, 10.1.19.28"
10.1.18.19 - - [28/Nov/2025:23:14:37 +0000]  "GET /sites/default/files/css/css_MTtz6ffw8_pRCh_I23XFf4iUMlVI271V47e58cNmeO0.css?delta=0&language=en&theme=claro&include=eJxVjlEKwzAMQy-UNkcaThqygBcXW4Z1p1_Gmo3-2U8PpMykEitLIl4MB7deQ5aO8oQTx019J17_ZIEIJ9IhaZnx1oilXpHKnhyQ_sVd9EHcXiVYAUaL3aB0TP0Cg91FkR2_9PzDWR7nCLeiU_rcaxtL7Q0Na1QG HTTP/1.1" 200 20807 "https://dev-nord-staging.pantheonsite.io/admin/structure/types" "Mozilla/5.0 (Macintosh; Intel Mac OS X 10_15_7) AppleWebKit/537.36 (KHTML, like Gecko) Chrome/142.0.0.0 Safari/537.36" 0.506 "2a02:a58:8416:c500:6575:9612:54cc:5b08, 2a02:a58:8416:c500:6575:9612:54cc:5b08, 10.1.18.19"
10.1.18.19 - - [28/Nov/2025:23:14:43 +0000]  "GET /sites/default/files/js/js_bju3-lsE4BPfGeCybUpJsPQjR4jeLZbnKiXHyXoqsDo.js?scope=header&delta=0&language=en&theme=claro&include=eJxdjlEOAiEMRC_ELmfwJKRAJdXaEihmvb37scTgX-e9STORSqhU0cfrcEnF8LAB7HMbFXj_kc1UOUI7Sw2nhmT0xo1JngvPBKxlhwccK29a4zBTWbBBZGzYq0o__7k7IecwaPqZXUczktKDNfhMu0B3zfRz7l_esSeoeMsvki9ud2Rj HTTP/1.1" 200 866 "https://dev-nord-staging.pantheonsite.io/admin/structure/types/manage/centers_service/fields" "Mozilla/5.0 (Macintosh; Intel Mac OS X 10_15_7) AppleWebKit/537.36 (KHTML, like Gecko) Chrome/142.0.0.0 Safari/537.36" 0.000 "2a02:a58:8416:c500:6575:9612:54cc:5b08, 2a02:a58:8416:c500:6575:9612:54cc:5b08, 10.1.18.19"
10.1.19.28 - - [28/Nov/2025:23:14:43 +0000]  "GET /core/assets/vendor/jquery/jquery.min.js?v=4.0.0-rc.1 HTTP/1.1" 200 32227 "https://dev-nord-staging.pantheonsite.io/admin/structure/types/manage/centers_service/fields" "Mozilla/5.0 (Macintosh; Intel Mac OS X 10_15_7) AppleWebKit/537.36 (KHTML, like Gecko) Chrome/142.0.0.0 Safari/537.36" 0.000 "2a02:a58:8416:c500:6575:9612:54cc:5b08, 2a02:a58:8416:c500:6575:9612:54cc:5b08, 10.1.19.28"
10.1.19.28 - - [28/Nov/2025:23:14:44 +0000]  "GET /sites/default/files/js/js_neiVqxtOf2phMpGfrYPb3J0IgpWwmPute2khQatld34.js?scope=footer&delta=0&language=en&theme=claro&include=eJxLzkksytdPKSotSMzRy0ss0y1JTCoGAFlaCBM&exclude=eJxdUG0OwjAIvVC3nsGTLLTDibLSUGqmp7dLrDp_Ae-DR4ii6JPoCkxPdJFBxS8sAXgo9mBKi4u7ZtaagUeIRnccGn5zZ0Kep0qd6_PBYBAYFUuWVJrzwM0ELMsIV9iOuEoO1UySKxdRi9U61WdnIhxA_bu6WlC7aO9Hii3xXzZiiZDxNK-UWmQy3KwCd-MXGfregmbtCWUyhcfnil_QBVqmTBl9b15phIUu HTTP/1.1" 200 839 "https://dev-nord-staging.pantheonsite.io/admin/structure/types/manage/centers_service/fields" "Mozilla/5.0 (Macintosh; Intel Mac OS X 10_15_7) AppleWebKit/537.36 (KHTML, like Gecko) Chrome/142.0.0.0 Safari/537.36" 0.296 "2a02:a58:8416:c500:6575:9612:54cc:5b08, 2a02:a58:8416:c500:6575:9612:54cc:5b08, 10.1.19.28"
10.1.19.28 - - [28/Nov/2025:23:14:48 +0000]  "GET /admin/structure/types/manage/centers_service/form-display HTTP/1.1" 200 17587 "https://dev-nord-staging.pantheonsite.io/admin/structure/types/manage/centers_service/fields" "Mozilla/5.0 (Macintosh; Intel Mac OS X 10_15_7) AppleWebKit/537.36 (KHTML, like Gecko) Chrome/142.0.0.0 Safari/537.36" 0.305 "2a02:a58:8416:c500:6575:9612:54cc:5b08, 2a02:a58:8416:c500:6575:9612:54cc:5b08, 10.1.19.28"
10.1.19.28 - - [28/Nov/2025:23:14:48 +0000]  "GET /core/assets/vendor/jquery/jquery.min.js?v=4.0.0-rc.1 HTTP/1.1" 200 32227 "https://dev-nord-staging.pantheonsite.io/admin/structure/types/manage/centers_service/form-display" "Mozilla/5.0 (Macintosh; Intel Mac OS X 10_15_7) AppleWebKit/537.36 (KHTML, like Gecko) Chrome/142.0.0.0 Safari/537.36" 0.000 "2a02:a58:8416:c500:6575:9612:54cc:5b08, 2a02:a58:8416:c500:6575:9612:54cc:5b08, 10.1.19.28"
10.1.16.20 - - [28/Nov/2025:23:14:44 +0000]  "GET /core/misc/icons/bebebe/pencil.svg HTTP/1.1" 200 291 "https://dev-nord-staging.pantheonsite.io/sites/default/files/css/css_hou3SyeO1TJKMyinmqK_7u6Dsiqp2BLJoIg3i4ysijQ.css?delta=2&language=en&theme=claro&include=eJxVjlsKwzAMBC_kxEcKiq2mBsUKekDT09elUUv_tLsDmkIgnDfiFWhSO6n1LRXuhg9zoFzFD6D510zGTCvIgARjrsLH6mbcP3Vn2YHaE9OtIdXFW5CRk6LZ-KWLCZyx_pVJ7yxW3L7rldOlkEPFFSWg9z234asvG9pWbw" "Mozilla/5.0 (Macintosh; Intel Mac OS X 10_15_7) AppleWebKit/537.36 (KHTML, like Gecko) Chrome/142.0.0.0 Safari/537.36" 0.000 "2a02:a58:8416:c500:6575:9612:54cc:5b08, 2a02:a58:8416:c500:6575:9612:54cc:5b08, 10.1.16.20"
10.1.21.23 - - [28/Nov/2025:23:14:48 +0000]  "GET /sites/default/files/css/css_L6ohE3iNpb2TExA_ULu8P4QZZAYPdB0vLCTN4ONTCS8.css?delta=1&language=en&theme=claro&include=eJxVjtEOwiAMRX-IjU9aCnRIUqlpS7L59WJcNb713nuSnkwgHCtxAlrUTmq9hszd8LABFIuMB9D6axZjpgQyIUGfDRJhEaiftrPcgdoTw96Qyjaag56Dotl8pZsJnL7-lUFvLJaHfdcrh8sguslQFIfe99qmrr4AnmtVxA HTTP/1.1" 200 28741 "https://dev-nord-staging.pantheonsite.io/admin/structure/types/manage/centers_service/form-display" "Mozilla/5.0 (Macintosh; Intel Mac OS X 10_15_7) AppleWebKit/537.36 (KHTML, like Gecko) Chrome/142.0.0.0 Safari/537.36" 0.000 "2a02:a58:8416:c500:6575:9612:54cc:5b08, 2a02:a58:8416:c500:6575:9612:54cc:5b08, 10.1.21.23"
10.1.18.20 - - [28/Nov/2025:23:14:48 +0000]  "GET /sites/default/files/js/js_bju3-lsE4BPfGeCybUpJsPQjR4jeLZbnKiXHyXoqsDo.js?scope=header&delta=0&language=en&theme=claro&include=eJxljmEOwiAMRi_E4AyehBToSJUBlmLc7SXZiJn-6_dem36Ooq1U0bhzUL5kwbd0SCZwr5D0lyxSSnLAY4lxavBCL1wS5ceFC7iEgSH-U8ZWS27j7HA0HnAe9v7syLteC29qJUzBdpqXM6uGIpRjs8KwT3uB6uxpZt-frLF5qHgLG-UP4MJkzQ HTTP/1.1" 200 866 "https://dev-nord-staging.pantheonsite.io/admin/structure/types/manage/centers_service/form-display" "Mozilla/5.0 (Macintosh; Intel Mac OS X 10_15_7) AppleWebKit/537.36 (KHTML, like Gecko) Chrome/142.0.0.0 Safari/537.36" 0.000 "2a02:a58:8416:c500:6575:9612:54cc:5b08, 2a02:a58:8416:c500:6575:9612:54cc:5b08, 10.1.18.20"
10.1.22.25 - - [28/Nov/2025:23:14:48 +0000]  "GET /sites/default/files/css/css_h_wa5NPzb8qNLF74eGYosrv3UpCnFFy5NC2XjPcxaPU.css?delta=0&language=en&theme=claro&include=eJxVjtEOwiAMRX-IjU9aCnRIUqlpS7L59WJcNb713nuSnkwgHCtxAlrUTmq9hszd8LABFIuMB9D6axZjpgQyIUGfDRJhEaiftrPcgdoTw96Qyjaag56Dotl8pZsJnL7-lUFvLJaHfdcrh8sguslQFIfe99qmrr4AnmtVxA HTTP/1.1" 200 20998 "https://dev-nord-staging.pantheonsite.io/admin/structure/types/manage/centers_service/form-display" "Mozilla/5.0 (Macintosh; Intel Mac OS X 10_15_7) AppleWebKit/537.36 (KHTML, like Gecko) Chrome/142.0.0.0 Safari/537.36" 0.349 "2a02:a58:8416:c500:6575:9612:54cc:5b08, 2a02:a58:8416:c500:6575:9612:54cc:5b08, 10.1.22.25"
10.1.21.23 - - [28/Nov/2025:23:14:48 +0000]  "GET /core/misc/icons/787878/cog.svg HTTP/1.1" 200 554 "https://dev-nord-staging.pantheonsite.io/admin/structure/types/manage/centers_service/form-display" "Mozilla/5.0 (Macintosh; Intel Mac OS X 10_15_7) AppleWebKit/537.36 (KHTML, like Gecko) Chrome/142.0.0.0 Safari/537.36" 0.000 "2a02:a58:8416:c500:6575:9612:54cc:5b08, 2a02:a58:8416:c500:6575:9612:54cc:5b08, 10.1.21.23"
10.1.21.23 - - [28/Nov/2025:23:14:48 +0000]  "GET /sites/default/files/css/css_hou3SyeO1TJKMyinmqK_7u6Dsiqp2BLJoIg3i4ysijQ.css?delta=2&language=en&theme=claro&include=eJxVjtEOwiAMRX-IjU9aCnRIUqlpS7L59WJcNb713nuSnkwgHCtxAlrUTmq9hszd8LABFIuMB9D6axZjpgQyIUGfDRJhEaiftrPcgdoTw96Qyjaag56Dotl8pZsJnL7-lUFvLJaHfdcrh8sguslQFIfe99qmrr4AnmtVxA HTTP/1.1" 200 527 "https://dev-nord-staging.pantheonsite.io/admin/structure/types/manage/centers_service/form-display" "Mozilla/5.0 (Macintosh; Intel Mac OS X 10_15_7) AppleWebKit/537.36 (KHTML, like Gecko) Chrome/142.0.0.0 Safari/537.36" 0.000 "2a02:a58:8416:c500:6575:9612:54cc:5b08, 2a02:a58:8416:c500:6575:9612:54cc:5b08, 10.1.21.23"
10.1.19.28 - - [28/Nov/2025:23:14:49 +0000]  "GET /sites/default/files/js/js_neiVqxtOf2phMpGfrYPb3J0IgpWwmPute2khQatld34.js?scope=footer&delta=0&language=en&theme=claro&include=eJxLzkksytdPKSotSMzRy0ss0y1JTCoGAFlaCBM&exclude=eJxdUG0OwjAIvVC3nsGTLLTDibLSUGqmp7dLrDp_Ae-DR4ii6JPoCkxPdJFBxS8sAXgo9mBKi4u7ZtaagUeIRnccGn5zZ0Kep0qd6_PBYBAYFUuWVJrzwM0ELMsIV9iOuEoO1UySKxdRi9U61WdnIhxA_bu6WlC7aO9Hii3xXzZiiZDxNK-UWmQy3KwCd-MXGfregmbtCWUyhcfnil_QBVqmTBl9b15phIUu HTTP/1.1" 200 839 "https://dev-nord-staging.pantheonsite.io/admin/structure/types/manage/centers_service/form-display" "Mozilla/5.0 (Macintosh; Intel Mac OS X 10_15_7) AppleWebKit/537.36 (KHTML, like Gecko) Chrome/142.0.0.0 Safari/537.36" 0.000 "2a02:a58:8416:c500:6575:9612:54cc:5b08, 2a02:a58:8416:c500:6575:9612:54cc:5b08, 10.1.19.28"
10.1.21.23 - - [28/Nov/2025:23:14:48 +0000]  "GET /sites/default/files/js/js_a3dl0cN1fd3o-xzbR8ZOxJZo1P-KofAQjE4rNxnx2Yg.js?scope=footer&delta=1&language=en&theme=claro&include=eJxljmEOwiAMRi_E4AyehBToSJUBlmLc7SXZiJn-6_dem36Ooq1U0bhzUL5kwbd0SCZwr5D0lyxSSnLAY4lxavBCL1wS5ceFC7iEgSH-U8ZWS27j7HA0HnAe9v7syLteC29qJUzBdpqXM6uGIpRjs8KwT3uB6uxpZt-frLF5qHgLG-UP4MJkzQ HTTP/1.1" 200 98370 "https://dev-nord-staging.pantheonsite.io/admin/structure/types/manage/centers_service/form-display" "Mozilla/5.0 (Macintosh; Intel Mac OS X 10_15_7) AppleWebKit/537.36 (KHTML, like Gecko) Chrome/142.0.0.0 Safari/537.36" 0.703 "2a02:a58:8416:c500:6575:9612:54cc:5b08, 2a02:a58:8416:c500:6575:9612:54cc:5b08, 10.1.21.23"
10.1.16.19 - - [28/Nov/2025:23:14:49 +0000]  "GET /sites/default/files/css/css_aoXVFWrwnP8Zrb9yKJvaYb-reCIuFWCf9wbgg49LUHs.css?delta=0&language=en&theme=claro&include=eJxLzMvLL81LTs1NzSspjk9LTU3RTykqLUjM0UvEkNEryc_PSUosAgAtZRTp&exclude=eJxdjmEOwjAIhS_UrWfwJAtjZBJZaYAa5-ndEqvGXzw-HvBQjXJR20D4SQkFTPMqOoMMHrtwWROensVaBRkBg-80HPyW_KoW2KLPep9CVWaw_K6pOVk3nXpk1OL_tpEcodJl2bgcP0vQIxpIX_ySod91ijgC-hQG-yfFL0wzr1PlSrmLF3NcXoQ HTTP/1.1" 200 931 "https://dev-nord-staging.pantheonsite.io/admin/structure/types/manage/centers_service/form-display" "Mozilla/5.0 (Macintosh; Intel Mac OS X 10_15_7) AppleWebKit/537.36 (KHTML, like Gecko) Chrome/142.0.0.0 Safari/537.36" 0.000 "2a02:a58:8416:c500:6575:9612:54cc:5b08, 2a02:a58:8416:c500:6575:9612:54cc:5b08, 10.1.16.19"
10.1.16.19 - - [28/Nov/2025:23:14:51 +0000]  "GET /core/misc/icons/ffffff/pencil.svg HTTP/1.1" 200 290 "https://dev-nord-staging.pantheonsite.io/sites/default/files/css/css_hou3SyeO1TJKMyinmqK_7u6Dsiqp2BLJoIg3i4ysijQ.css?delta=2&language=en&theme=claro&include=eJxVjtEOwiAMRX-IjU9aCnRIUqlpS7L59WJcNb713nuSnkwgHCtxAlrUTmq9hszd8LABFIuMB9D6axZjpgQyIUGfDRJhEaiftrPcgdoTw96Qyjaag56Dotl8pZsJnL7-lUFvLJaHfdcrh8sguslQFIfe99qmrr4AnmtVxA" "Mozilla/5.0 (Macintosh; Intel Mac OS X 10_15_7) AppleWebKit/537.36 (KHTML, like Gecko) Chrome/142.0.0.0 Safari/537.36" 0.000 "2a02:a58:8416:c500:6575:9612:54cc:5b08, 2a02:a58:8416:c500:6575:9612:54cc:5b08, 10.1.16.19"
10.1.16.19 - - [28/Nov/2025:23:14:52 +0000]  "GET /core/misc/icons/ffffff/pencil.svg HTTP/1.1" 200 290 "https://dev-nord-staging.pantheonsite.io/sites/default/files/css/css_hou3SyeO1TJKMyinmqK_7u6Dsiqp2BLJoIg3i4ysijQ.css?delta=2&language=en&theme=claro&include=eJxVjlsKwzAMBC_kxEcKiq2mBsUKekDT09elUUv_tLsDmkIgnDfiFWhSO6n1LRXuhg9zoFzFD6D510zGTCvIgARjrsLH6mbcP3Vn2YHaE9OtIdXFW5CRk6LZ-KWLCZyx_pVJ7yxW3L7rldOlkEPFFSWg9z234asvG9pWbw" "Mozilla/5.0 (Macintosh; Intel Mac OS X 10_15_7) AppleWebKit/537.36 (KHTML, like Gecko) Chrome/142.0.0.0 Safari/537.36" 0.000 "2a02:a58:8416:c500:6575:9612:54cc:5b08, 2a02:a58:8416:c500:6575:9612:54cc:5b08, 10.1.16.19"
10.1.16.19 - - [28/Nov/2025:23:14:56 +0000]  "GET /admin/config HTTP/1.1" 200 9909 "https://dev-nord-staging.pantheonsite.io/admin/structure/types/manage/centers_service/fields" "Mozilla/5.0 (Macintosh; Intel Mac OS X 10_15_7) AppleWebKit/537.36 (KHTML, like Gecko) Chrome/142.0.0.0 Safari/537.36" 1.161 "2a02:a58:8416:c500:6575:9612:54cc:5b08, 2a02:a58:8416:c500:6575:9612:54cc:5b08, 10.1.16.19"
10.1.16.20 - - [28/Nov/2025:23:14:56 +0000]  "GET /sites/default/files/css/css_iaGCK0VF_8PGyTNN0-2dybCpvB55K94ZRjU0DteiO4g.css?delta=0&language=en&theme=claro&include=eJxVTe0KwyAMfCFbH6mkNnRCZkpyQt3Tz4Fu7N99XxIyjafoTrI4muRyhqQFfKOSxMPqRbL-lAWqspP1kHEsak-S_OLgDPSubzBqs_YnBn-oIVV83cHDmIxzujrbDH3wmvu_vwHLt0PR HTTP/1.1" 200 17669 "https://dev-nord-staging.pantheonsite.io/admin/config" "Mozilla/5.0 (Macintosh; Intel Mac OS X 10_15_7) AppleWebKit/537.36 (KHTML, like Gecko) Chrome/142.0.0.0 Safari/537.36" 0.000 "2a02:a58:8416:c500:6575:9612:54cc:5b08, 2a02:a58:8416:c500:6575:9612:54cc:5b08, 10.1.16.20"
10.1.21.23 - - [28/Nov/2025:23:14:56 +0000]  "GET /sites/default/files/css/css_hou3SyeO1TJKMyinmqK_7u6Dsiqp2BLJoIg3i4ysijQ.css?delta=2&language=en&theme=claro&include=eJxVTe0KwyAMfCFbH6mkNnRCZkpyQt3Tz4Fu7N99XxIyjafoTrI4muRyhqQFfKOSxMPqRbL-lAWqspP1kHEsak-S_OLgDPSubzBqs_YnBn-oIVV83cHDmIxzujrbDH3wmvu_vwHLt0PR HTTP/1.1" 200 527 "https://dev-nord-staging.pantheonsite.io/admin/config" "Mozilla/5.0 (Macintosh; Intel Mac OS X 10_15_7) AppleWebKit/537.36 (KHTML, like Gecko) Chrome/142.0.0.0 Safari/537.36" 0.000 "2a02:a58:8416:c500:6575:9612:54cc:5b08, 2a02:a58:8416:c500:6575:9612:54cc:5b08, 10.1.21.23"
10.1.18.20 - - [28/Nov/2025:23:14:56 +0000]  "GET /sites/default/files/js/js_bju3-lsE4BPfGeCybUpJsPQjR4jeLZbnKiXHyXoqsDo.js?scope=header&delta=0&language=en&theme=claro&include=eJxdjEsOgCAMBS_E5wyehBRoSCMWAsXo7XUhMbp7n8l4Sq5SReufoEJhwUMGZBvbqJDNu2gpJXtoN9Rw3hCEdtSZeFUdRYhTd9LgnMBnVI_CTtWvG-wBKi5xI74ADRo9uQ HTTP/1.1" 200 866 "https://dev-nord-staging.pantheonsite.io/admin/config" "Mozilla/5.0 (Macintosh; Intel Mac OS X 10_15_7) AppleWebKit/537.36 (KHTML, like Gecko) Chrome/142.0.0.0 Safari/537.36" 0.000 "2a02:a58:8416:c500:6575:9612:54cc:5b08, 2a02:a58:8416:c500:6575:9612:54cc:5b08, 10.1.18.20"
10.1.18.19 - - [28/Nov/2025:23:14:49 +0000]  "GET /core/misc/icons/bebebe/pencil.svg HTTP/1.1" 200 291 "https://dev-nord-staging.pantheonsite.io/sites/default/files/css/css_hou3SyeO1TJKMyinmqK_7u6Dsiqp2BLJoIg3i4ysijQ.css?delta=2&language=en&theme=claro&include=eJxVjtEOwiAMRX-IjU9aCnRIUqlpS7L59WJcNb713nuSnkwgHCtxAlrUTmq9hszd8LABFIuMB9D6axZjpgQyIUGfDRJhEaiftrPcgdoTw96Qyjaag56Dotl8pZsJnL7-lUFvLJaHfdcrh8sguslQFIfe99qmrr4AnmtVxA" "Mozilla/5.0 (Macintosh; Intel Mac OS X 10_15_7) AppleWebKit/537.36 (KHTML, like Gecko) Chrome/142.0.0.0 Safari/537.36" 0.000 "2a02:a58:8416:c500:6575:9612:54cc:5b08, 2a02:a58:8416:c500:6575:9612:54cc:5b08, 10.1.18.19"
10.1.19.28 - - [28/Nov/2025:23:14:56 +0000]  "GET /sites/default/files/css/css_yinKzUAg7_S4eWGhLVVDSQe-649RrxvoKhQBoProuc8.css?delta=1&language=en&theme=claro&include=eJxVTe0KwyAMfCFbH6mkNnRCZkpyQt3Tz4Fu7N99XxIyjafoTrI4muRyhqQFfKOSxMPqRbL-lAWqspP1kHEsak-S_OLgDPSubzBqs_YnBn-oIVV83cHDmIxzujrbDH3wmvu_vwHLt0PR HTTP/1.1" 200 27993 "https://dev-nord-staging.pantheonsite.io/admin/config" "Mozilla/5.0 (Macintosh; Intel Mac OS X 10_15_7) AppleWebKit/537.36 (KHTML, like Gecko) Chrome/142.0.0.0 Safari/537.36" 0.000 "2a02:a58:8416:c500:6575:9612:54cc:5b08, 2a02:a58:8416:c500:6575:9612:54cc:5b08, 10.1.19.28"
10.1.17.23 - - [28/Nov/2025:23:14:56 +0000]  "GET /sites/default/files/js/js_nOwGW0Bu3Fg7dVSd7z4I8rmCnHh3CKZjKIwhhdZ9djM.js?scope=footer&delta=1&language=en&theme=claro&include=eJxdjEsOgCAMBS_E5wyehBRoSCMWAsXo7XUhMbp7n8l4Sq5SReufoEJhwUMGZBvbqJDNu2gpJXtoN9Rw3hCEdtSZeFUdRYhTd9LgnMBnVI_CTtWvG-wBKi5xI74ADRo9uQ HTTP/1.1" 200 44952 "https://dev-nord-staging.pantheonsite.io/admin/config" "Mozilla/5.0 (Macintosh; Intel Mac OS X 10_15_7) AppleWebKit/537.36 (KHTML, like Gecko) Chrome/142.0.0.0 Safari/537.36" 0.000 "2a02:a58:8416:c500:6575:9612:54cc:5b08, 2a02:a58:8416:c500:6575:9612:54cc:5b08, 10.1.17.23"
10.1.19.28 - - [28/Nov/2025:23:14:56 +0000]  "GET /core/assets/vendor/jquery/jquery.min.js?v=4.0.0-rc.1 HTTP/1.1" 200 32227 "https://dev-nord-staging.pantheonsite.io/admin/config" "Mozilla/5.0 (Macintosh; Intel Mac OS X 10_15_7) AppleWebKit/537.36 (KHTML, like Gecko) Chrome/142.0.0.0 Safari/537.36" 0.000 "2a02:a58:8416:c500:6575:9612:54cc:5b08, 2a02:a58:8416:c500:6575:9612:54cc:5b08, 10.1.19.28"
10.1.16.19 - - [28/Nov/2025:23:14:56 +0000]  "GET /core/misc/icons/bebebe/pencil.svg HTTP/1.1" 200 291 "https://dev-nord-staging.pantheonsite.io/sites/default/files/css/css_hou3SyeO1TJKMyinmqK_7u6Dsiqp2BLJoIg3i4ysijQ.css?delta=2&language=en&theme=claro&include=eJxVTe0KwyAMfCFbH6mkNnRCZkpyQt3Tz4Fu7N99XxIyjafoTrI4muRyhqQFfKOSxMPqRbL-lAWqspP1kHEsak-S_OLgDPSubzBqs_YnBn-oIVV83cHDmIxzujrbDH3wmvu_vwHLt0PR" "Mozilla/5.0 (Macintosh; Intel Mac OS X 10_15_7) AppleWebKit/537.36 (KHTML, like Gecko) Chrome/142.0.0.0 Safari/537.36" 0.000 "2a02:a58:8416:c500:6575:9612:54cc:5b08, 2a02:a58:8416:c500:6575:9612:54cc:5b08, 10.1.16.19"
10.1.22.25 - - [28/Nov/2025:23:15:04 +0000]  "GET /admin/reports/status HTTP/1.1" 200 12102 "https://dev-nord-staging.pantheonsite.io/admin/config" "Mozilla/5.0 (Macintosh; Intel Mac OS X 10_15_7) AppleWebKit/537.36 (KHTML, like Gecko) Chrome/142.0.0.0 Safari/537.36" 1.098 "2a02:a58:8416:c500:6575:9612:54cc:5b08, 2a02:a58:8416:c500:6575:9612:54cc:5b08, 10.1.22.25"
10.1.21.23 - - [28/Nov/2025:23:15:04 +0000]  "GET /sites/default/files/css/css_iaGCK0VF_8PGyTNN0-2dybCpvB55K94ZRjU0DteiO4g.css?delta=0&language=en&theme=claro&include=eJxVjtEKwzAIRX8oTT6p2Ey6gI1Fb2Dp1y-DZmNveq6HaxYyTbvoRrI4upS6h6wV_EIjSQ9rJ0n8kQWqspGNI-NU1Q6ScnFwBobrK4z61P5g8KcacsM3vffg3cFHchCaR-Nz8HD3pNnXnG2anzmW8ZS_AcJzTD8 HTTP/1.1" 200 17669 "https://dev-nord-staging.pantheonsite.io/admin/reports/status" "Mozilla/5.0 (Macintosh; Intel Mac OS X 10_15_7) AppleWebKit/537.36 (KHTML, like Gecko) Chrome/142.0.0.0 Safari/537.36" 0.000 "2a02:a58:8416:c500:6575:9612:54cc:5b08, 2a02:a58:8416:c500:6575:9612:54cc:5b08, 10.1.21.23"
10.1.18.20 - - [28/Nov/2025:23:15:04 +0000]  "GET /sites/default/files/css/css_hou3SyeO1TJKMyinmqK_7u6Dsiqp2BLJoIg3i4ysijQ.css?delta=2&language=en&theme=claro&include=eJxVjtEKwzAIRX8oTT6p2Ey6gI1Fb2Dp1y-DZmNveq6HaxYyTbvoRrI4upS6h6wV_EIjSQ9rJ0n8kQWqspGNI-NU1Q6ScnFwBobrK4z61P5g8KcacsM3vffg3cFHchCaR-Nz8HD3pNnXnG2anzmW8ZS_AcJzTD8 HTTP/1.1" 200 527 "https://dev-nord-staging.pantheonsite.io/admin/reports/status" "Mozilla/5.0 (Macintosh; Intel Mac OS X 10_15_7) AppleWebKit/537.36 (KHTML, like Gecko) Chrome/142.0.0.0 Safari/537.36" 0.000 "2a02:a58:8416:c500:6575:9612:54cc:5b08, 2a02:a58:8416:c500:6575:9612:54cc:5b08, 10.1.18.20"
10.1.17.23 - - [28/Nov/2025:23:15:04 +0000]  "GET /core/assets/vendor/jquery/jquery.min.js?v=4.0.0-rc.1 HTTP/1.1" 200 32227 "https://dev-nord-staging.pantheonsite.io/admin/reports/status" "Mozilla/5.0 (Macintosh; Intel Mac OS X 10_15_7) AppleWebKit/537.36 (KHTML, like Gecko) Chrome/142.0.0.0 Safari/537.36" 0.000 "2a02:a58:8416:c500:6575:9612:54cc:5b08, 2a02:a58:8416:c500:6575:9612:54cc:5b08, 10.1.17.23"
10.1.17.23 - - [28/Nov/2025:23:14:56 +0000]  "GET /sites/default/files/css/css_aoXVFWrwnP8Zrb9yKJvaYb-reCIuFWCf9wbgg49LUHs.css?delta=0&language=en&theme=claro&include=eJxLzMvLL81LTs1NzSspjk9LTU3RTykqLUjM0UvEkNEryc_PSUosAgAtZRTp&exclude=eJxdjmEOwjAIhS_UrWfwJAtjZBJZaYAa5-ndEqvGXzw-HvBQjXJR20D4SQkFTPMqOoMMHrtwWROensVaBRkBg-80HPyW_KoW2KLPep9CVWaw_K6pOVk3nXpk1OL_tpEcodJl2bgcP0vQIxpIX_ySod91ijgC-hQG-yfFL0wzr1PlSrmLF3NcXoQ HTTP/1.1" 200 931 "https://dev-nord-staging.pantheonsite.io/admin/config" "Mozilla/5.0 (Macintosh; Intel Mac OS X 10_15_7) AppleWebKit/537.36 (KHTML, like Gecko) Chrome/142.0.0.0 Safari/537.36" 0.000 "2a02:a58:8416:c500:6575:9612:54cc:5b08, 2a02:a58:8416:c500:6575:9612:54cc:5b08, 10.1.17.23"
10.1.17.23 - - [28/Nov/2025:23:15:04 +0000]  "GET /sites/default/files/css/css_1CsD_a44PS-89hN11yJT4ueI1szxfjY9RjIhxUwyqhw.css?delta=1&language=en&theme=claro&include=eJxVjtEKwzAIRX8oTT6p2Ey6gI1Fb2Dp1y-DZmNveq6HaxYyTbvoRrI4upS6h6wV_EIjSQ9rJ0n8kQWqspGNI-NU1Q6ScnFwBobrK4z61P5g8KcacsM3vffg3cFHchCaR-Nz8HD3pNnXnG2anzmW8ZS_AcJzTD8 HTTP/1.1" 200 32759 "https://dev-nord-staging.pantheonsite.io/admin/reports/status" "Mozilla/5.0 (Macintosh; Intel Mac OS X 10_15_7) AppleWebKit/537.36 (KHTML, like Gecko) Chrome/142.0.0.0 Safari/537.36" 0.329 "2a02:a58:8416:c500:6575:9612:54cc:5b08, 2a02:a58:8416:c500:6575:9612:54cc:5b08, 10.1.17.23"
10.1.17.23 - - [28/Nov/2025:23:15:04 +0000]  "GET /sites/default/files/js/js_C2x5jjl9t2NCtfhTrP4NEMTQ8-6IXJ4JzpNFbRqfLP8.js?scope=footer&delta=1&language=en&theme=claro&include=eJxdjEEOgCAMBD-E8AZfYgo0prFCA9Xo7_UAMXjbndmsp3UREnS-BRNyUrz0AHaxHAJsPzJpzuyhvKOCXUNQOnFiStvAQ2YGqWgqqlJa66IF7m4HaNqv6_-_brEGEJzjTukBXypFxg HTTP/1.1" 200 46805 "https://dev-nord-staging.pantheonsite.io/admin/reports/status" "Mozilla/5.0 (Macintosh; Intel Mac OS X 10_15_7) AppleWebKit/537.36 (KHTML, like Gecko) Chrome/142.0.0.0 Safari/537.36" 0.532 "2a02:a58:8416:c500:6575:9612:54cc:5b08, 2a02:a58:8416:c500:6575:9612:54cc:5b08, 10.1.17.23"
10.1.16.20 - - [28/Nov/2025:23:15:04 +0000]  "GET /sites/default/files/js/js_bju3-lsE4BPfGeCybUpJsPQjR4jeLZbnKiXHyXoqsDo.js?scope=header&delta=0&language=en&theme=claro&include=eJxdjEEOgCAMBD-E8AZfYgo0prFCA9Xo7_UAMXjbndmsp3UREnS-BRNyUrz0AHaxHAJsPzJpzuyhvKOCXUNQOnFiStvAQ2YGqWgqqlJa66IF7m4HaNqv6_-_brEGEJzjTukBXypFxg HTTP/1.1" 200 866 "https://dev-nord-staging.pantheonsite.io/admin/reports/status" "Mozilla/5.0 (Macintosh; Intel Mac OS X 10_15_7) AppleWebKit/537.36 (KHTML, like Gecko) Chrome/142.0.0.0 Safari/537.36" 0.000 "2a02:a58:8416:c500:6575:9612:54cc:5b08, 2a02:a58:8416:c500:6575:9612:54cc:5b08, 10.1.16.20"
10.1.19.28 - - [28/Nov/2025:23:15:05 +0000]  "GET /sites/default/files/css/css_aoXVFWrwnP8Zrb9yKJvaYb-reCIuFWCf9wbgg49LUHs.css?delta=0&language=en&theme=claro&include=eJxLzMvLL81LTs1NzSspjk9LTU3RTykqLUjM0UvEkNEryc_PSUosAgAtZRTp&exclude=eJxdjmEOwjAIhS_UrWfwJAtjZBJZaYAa5-ndEqvGXzw-HvBQjXJR20D4SQkFTPMqOoMMHrtwWROensVaBRkBg-80HPyW_KoW2KLPep9CVWaw_K6pOVk3nXpk1OL_tpEcodJl2bgcP0vQIxpIX_ySod91ijgC-hQG-yfFL0wzr1PlSrmLF3NcXoQ HTTP/1.1" 200 931 "https://dev-nord-staging.pantheonsite.io/admin/reports/status" "Mozilla/5.0 (Macintosh; Intel Mac OS X 10_15_7) AppleWebKit/537.36 (KHTML, like Gecko) Chrome/142.0.0.0 Safari/537.36" 0.000 "2a02:a58:8416:c500:6575:9612:54cc:5b08, 2a02:a58:8416:c500:6575:9612:54cc:5b08, 10.1.19.28"
10.1.19.28 - - [28/Nov/2025:23:15:14 +0000]  "GET /admin/config/media/file-system HTTP/1.1" 200 12015 "https://dev-nord-staging.pantheonsite.io/admin/reports/status" "Mozilla/5.0 (Macintosh; Intel Mac OS X 10_15_7) AppleWebKit/537.36 (KHTML, like Gecko) Chrome/142.0.0.0 Safari/537.36" 0.251 "2a02:a58:8416:c500:6575:9612:54cc:5b08, 2a02:a58:8416:c500:6575:9612:54cc:5b08, 10.1.19.28"
10.1.18.19 - - [28/Nov/2025:23:15:05 +0000]  "GET /core/misc/icons/bebebe/pencil.svg HTTP/1.1" 200 291 "https://dev-nord-staging.pantheonsite.io/sites/default/files/css/css_hou3SyeO1TJKMyinmqK_7u6Dsiqp2BLJoIg3i4ysijQ.css?delta=2&language=en&theme=claro&include=eJxVjtEKwzAIRX8oTT6p2Ey6gI1Fb2Dp1y-DZmNveq6HaxYyTbvoRrI4upS6h6wV_EIjSQ9rJ0n8kQWqspGNI-NU1Q6ScnFwBobrK4z61P5g8KcacsM3vffg3cFHchCaR-Nz8HD3pNnXnG2anzmW8ZS_AcJzTD8" "Mozilla/5.0 (Macintosh; Intel Mac OS X 10_15_7) AppleWebKit/537.36 (KHTML, like Gecko) Chrome/142.0.0.0 Safari/537.36" 0.000 "2a02:a58:8416:c500:6575:9612:54cc:5b08, 2a02:a58:8416:c500:6575:9612:54cc:5b08, 10.1.18.19"
10.1.17.23 - - [28/Nov/2025:23:15:14 +0000]  "GET /sites/default/files/css/css_iaGCK0VF_8PGyTNN0-2dybCpvB55K94ZRjU0DteiO4g.css?delta=0&language=en&theme=claro&include=eJxVTe0KwyAMfCFbH6mkNnRCZkpyQt3Tz4Fu7N99XxIyjafoTrI4muRyhqQFfKOSxMPqRbL-lAWqspP1kHEsak-S_OLgDPSubzBqs_YnBn-oIVV83cHDmIxzujrbDH3wmvu_vwHLt0PR HTTP/1.1" 200 17669 "https://dev-nord-staging.pantheonsite.io/admin/config/media/file-system" "Mozilla/5.0 (Macintosh; Intel Mac OS X 10_15_7) AppleWebKit/537.36 (KHTML, like Gecko) Chrome/142.0.0.0 Safari/537.36" 0.000 "2a02:a58:8416:c500:6575:9612:54cc:5b08, 2a02:a58:8416:c500:6575:9612:54cc:5b08, 10.1.17.23"
10.1.17.23 - - [28/Nov/2025:23:15:14 +0000]  "GET /sites/default/files/css/css_hou3SyeO1TJKMyinmqK_7u6Dsiqp2BLJoIg3i4ysijQ.css?delta=2&language=en&theme=claro&include=eJxVTe0KwyAMfCFbH6mkNnRCZkpyQt3Tz4Fu7N99XxIyjafoTrI4muRyhqQFfKOSxMPqRbL-lAWqspP1kHEsak-S_OLgDPSubzBqs_YnBn-oIVV83cHDmIxzujrbDH3wmvu_vwHLt0PR HTTP/1.1" 200 527 "https://dev-nord-staging.pantheonsite.io/admin/config/media/file-system" "Mozilla/5.0 (Macintosh; Intel Mac OS X 10_15_7) AppleWebKit/537.36 (KHTML, like Gecko) Chrome/142.0.0.0 Safari/537.36" 0.000 "2a02:a58:8416:c500:6575:9612:54cc:5b08, 2a02:a58:8416:c500:6575:9612:54cc:5b08, 10.1.17.23"
10.1.16.19 - - [28/Nov/2025:23:15:14 +0000]  "GET /sites/default/files/css/css_yinKzUAg7_S4eWGhLVVDSQe-649RrxvoKhQBoProuc8.css?delta=1&language=en&theme=claro&include=eJxVTe0KwyAMfCFbH6mkNnRCZkpyQt3Tz4Fu7N99XxIyjafoTrI4muRyhqQFfKOSxMPqRbL-lAWqspP1kHEsak-S_OLgDPSubzBqs_YnBn-oIVV83cHDmIxzujrbDH3wmvu_vwHLt0PR HTTP/1.1" 200 27993 "https://dev-nord-staging.pantheonsite.io/admin/config/media/file-system" "Mozilla/5.0 (Macintosh; Intel Mac OS X 10_15_7) AppleWebKit/537.36 (KHTML, like Gecko) Chrome/142.0.0.0 Safari/537.36" 0.000 "2a02:a58:8416:c500:6575:9612:54cc:5b08, 2a02:a58:8416:c500:6575:9612:54cc:5b08, 10.1.16.19"
10.1.18.20 - - [28/Nov/2025:23:15:14 +0000]  "GET /sites/default/files/js/js_bju3-lsE4BPfGeCybUpJsPQjR4jeLZbnKiXHyXoqsDo.js?scope=header&delta=0&language=en&theme=claro&include=eJxdjEEOgCAMBD-E8AZfYgo0prFCA9Xo7_UAMXjbndmsp3UREnS-BRNyUrz0AHaxHAJsPzJpzuyhvKOCXUNQOnFiStvAQ2YGqWgqqlJa66IF7m4HaNqv6_-_brEGEJzjTukBXypFxg HTTP/1.1" 200 866 "https://dev-nord-staging.pantheonsite.io/admin/config/media/file-system" "Mozilla/5.0 (Macintosh; Intel Mac OS X 10_15_7) AppleWebKit/537.36 (KHTML, like Gecko) Chrome/142.0.0.0 Safari/537.36" 0.000 "2a02:a58:8416:c500:6575:9612:54cc:5b08, 2a02:a58:8416:c500:6575:9612:54cc:5b08, 10.1.18.20"
10.1.21.23 - - [28/Nov/2025:23:15:14 +0000]  "GET /core/assets/vendor/jquery/jquery.min.js?v=4.0.0-rc.1 HTTP/1.1" 304 0 "https://dev-nord-staging.pantheonsite.io/admin/config/media/file-system" "Mozilla/5.0 (Macintosh; Intel Mac OS X 10_15_7) AppleWebKit/537.36 (KHTML, like Gecko) Chrome/142.0.0.0 Safari/537.36" 0.000 "2a02:a58:8416:c500:6575:9612:54cc:5b08, 2a02:a58:8416:c500:6575:9612:54cc:5b08, 10.1.21.23"
10.1.21.23 - - [28/Nov/2025:23:15:14 +0000]  "GET /sites/default/files/js/js_C2x5jjl9t2NCtfhTrP4NEMTQ8-6IXJ4JzpNFbRqfLP8.js?scope=footer&delta=1&language=en&theme=claro&include=eJxdjEEOgCAMBD-E8AZfYgo0prFCA9Xo7_UAMXjbndmsp3UREnS-BRNyUrz0AHaxHAJsPzJpzuyhvKOCXUNQOnFiStvAQ2YGqWgqqlJa66IF7m4HaNqv6_-_brEGEJzjTukBXypFxg HTTP/1.1" 200 46805 "https://dev-nord-staging.pantheonsite.io/admin/config/media/file-system" "Mozilla/5.0 (Macintosh; Intel Mac OS X 10_15_7) AppleWebKit/537.36 (KHTML, like Gecko) Chrome/142.0.0.0 Safari/537.36" 0.000 "2a02:a58:8416:c500:6575:9612:54cc:5b08, 2a02:a58:8416:c500:6575:9612:54cc:5b08, 10.1.21.23"
10.1.18.19 - - [28/Nov/2025:23:15:14 +0000]  "GET /core/misc/icons/bebebe/pencil.svg HTTP/1.1" 200 291 "https://dev-nord-staging.pantheonsite.io/sites/default/files/css/css_hou3SyeO1TJKMyinmqK_7u6Dsiqp2BLJoIg3i4ysijQ.css?delta=2&language=en&theme=claro&include=eJxVTe0KwyAMfCFbH6mkNnRCZkpyQt3Tz4Fu7N99XxIyjafoTrI4muRyhqQFfKOSxMPqRbL-lAWqspP1kHEsak-S_OLgDPSubzBqs_YnBn-oIVV83cHDmIxzujrbDH3wmvu_vwHLt0PR" "Mozilla/5.0 (Macintosh; Intel Mac OS X 10_15_7) AppleWebKit/537.36 (KHTML, like Gecko) Chrome/142.0.0.0 Safari/537.36" 0.000 "2a02:a58:8416:c500:6575:9612:54cc:5b08, 2a02:a58:8416:c500:6575:9612:54cc:5b08, 10.1.18.19"
10.1.21.23 - - [28/Nov/2025:23:15:30 +0000]  "GET /core/misc/icons/ffffff/pencil.svg HTTP/1.1" 200 290 "https://dev-nord-staging.pantheonsite.io/sites/default/files/css/css_hou3SyeO1TJKMyinmqK_7u6Dsiqp2BLJoIg3i4ysijQ.css?delta=2&language=en&theme=claro&include=eJxVTe0KwyAMfCFbH6mkNnRCZkpyQt3Tz4Fu7N99XxIyjafoTrI4muRyhqQFfKOSxMPqRbL-lAWqspP1kHEsak-S_OLgDPSubzBqs_YnBn-oIVV83cHDmIxzujrbDH3wmvu_vwHLt0PR" "Mozilla/5.0 (Macintosh; Intel Mac OS X 10_15_7) AppleWebKit/537.36 (KHTML, like Gecko) Chrome/142.0.0.0 Safari/537.36" 0.000 "2a02:a58:8416:c500:6575:9612:54cc:5b08, 2a02:a58:8416:c500:6575:9612:54cc:5b08, 10.1.21.23"
10.1.16.19 - - [28/Nov/2025:23:15:14 +0000]  "GET /sites/default/files/css/css_aoXVFWrwnP8Zrb9yKJvaYb-reCIuFWCf9wbgg49LUHs.css?delta=0&language=en&theme=claro&include=eJxLzMvLL81LTs1NzSspjk9LTU3RTykqLUjM0UvEkNEryc_PSUosAgAtZRTp&exclude=eJxdjmEOwjAIhS_UrWfwJAtjZBJZaYAa5-ndEqvGXzw-HvBQjXJR20D4SQkFTPMqOoMMHrtwWROensVaBRkBg-80HPyW_KoW2KLPep9CVWaw_K6pOVk3nXpk1OL_tpEcodJl2bgcP0vQIxpIX_ySod91ijgC-hQG-yfFL0wzr1PlSrmLF3NcXoQ HTTP/1.1" 200 931 "https://dev-nord-staging.pantheonsite.io/admin/config/media/file-system" "Mozilla/5.0 (Macintosh; Intel Mac OS X 10_15_7) AppleWebKit/537.36 (KHTML, like Gecko) Chrome/142.0.0.0 Safari/537.36" 0.000 "2a02:a58:8416:c500:6575:9612:54cc:5b08, 2a02:a58:8416:c500:6575:9612:54cc:5b08, 10.1.16.19"
10.1.21.23 - - [28/Nov/2025:23:15:31 +0000]  "GET /core/misc/icons/ffffff/pencil.svg HTTP/1.1" 200 290 "https://dev-nord-staging.pantheonsite.io/sites/default/files/css/css_hou3SyeO1TJKMyinmqK_7u6Dsiqp2BLJoIg3i4ysijQ.css?delta=2&language=en&theme=claro&include=eJxVjtEKwzAIRX8oTT6p2Ey6gI1Fb2Dp1y-DZmNveq6HaxYyTbvoRrI4upS6h6wV_EIjSQ9rJ0n8kQWqspGNI-NU1Q6ScnFwBobrK4z61P5g8KcacsM3vffg3cFHchCaR-Nz8HD3pNnXnG2anzmW8ZS_AcJzTD8" "Mozilla/5.0 (Macintosh; Intel Mac OS X 10_15_7) AppleWebKit/537.36 (KHTML, like Gecko) Chrome/142.0.0.0 Safari/537.36" 0.000 "2a02:a58:8416:c500:6575:9612:54cc:5b08, 2a02:a58:8416:c500:6575:9612:54cc:5b08, 10.1.21.23"
10.1.22.25 - - [28/Nov/2025:23:21:01 +0000]  "GET /admin/reports/status HTTP/1.1" 200 12098 "https://dev-nord-staging.pantheonsite.io/admin/config" "Mozilla/5.0 (Macintosh; Intel Mac OS X 10_15_7) AppleWebKit/537.36 (KHTML, like Gecko) Chrome/142.0.0.0 Safari/537.36" 2.102 "2a02:a58:8416:c500:6575:9612:54cc:5b08, 2a02:a58:8416:c500:6575:9612:54cc:5b08, 10.1.22.25"
10.1.21.23 - - [28/Nov/2025:23:21:02 +0000]  "GET /sites/default/files/css/css_1CsD_a44PS-89hN11yJT4ueI1szxfjY9RjIhxUwyqhw.css?delta=1&language=en&theme=claro&include=eJxVjtEKwzAIRX8oTT6p2Ey6gI1Fb2Dp1y-DZmNveq6HaxYyTbvoRrI4upS6h6wV_EIjSQ9rJ0n8kQWqspGNI-NU1Q6ScnFwBobrK4z61P5g8KcacsM3vffg3cFHchCaR-Nz8HD3pNnXnG2anzmW8ZS_AcJzTD8 HTTP/1.1" 200 32759 "https://dev-nord-staging.pantheonsite.io/admin/reports/status" "Mozilla/5.0 (Macintosh; Intel Mac OS X 10_15_7) AppleWebKit/537.36 (KHTML, like Gecko) Chrome/142.0.0.0 Safari/537.36" 0.000 "2a02:a58:8416:c500:6575:9612:54cc:5b08, 2a02:a58:8416:c500:6575:9612:54cc:5b08, 10.1.21.23"
10.1.22.25 - - [28/Nov/2025:23:21:02 +0000]  "GET /core/assets/vendor/jquery/jquery.min.js?v=4.0.0-rc.1 HTTP/1.1" 200 32227 "https://dev-nord-staging.pantheonsite.io/admin/reports/status" "Mozilla/5.0 (Macintosh; Intel Mac OS X 10_15_7) AppleWebKit/537.36 (KHTML, like Gecko) Chrome/142.0.0.0 Safari/537.36" 0.000 "2a02:a58:8416:c500:6575:9612:54cc:5b08, 2a02:a58:8416:c500:6575:9612:54cc:5b08, 10.1.22.25"
10.1.18.19 - - [28/Nov/2025:23:21:02 +0000]  "GET /sites/default/files/css/css_iaGCK0VF_8PGyTNN0-2dybCpvB55K94ZRjU0DteiO4g.css?delta=0&language=en&theme=claro&include=eJxVjtEKwzAIRX8oTT6p2Ey6gI1Fb2Dp1y-DZmNveq6HaxYyTbvoRrI4upS6h6wV_EIjSQ9rJ0n8kQWqspGNI-NU1Q6ScnFwBobrK4z61P5g8KcacsM3vffg3cFHchCaR-Nz8HD3pNnXnG2anzmW8ZS_AcJzTD8 HTTP/1.1" 200 17669 "https://dev-nord-staging.pantheonsite.io/admin/reports/status" "Mozilla/5.0 (Macintosh; Intel Mac OS X 10_15_7) AppleWebKit/537.36 (KHTML, like Gecko) Chrome/142.0.0.0 Safari/537.36" 0.000 "2a02:a58:8416:c500:6575:9612:54cc:5b08, 2a02:a58:8416:c500:6575:9612:54cc:5b08, 10.1.18.19"
10.1.18.20 - - [28/Nov/2025:23:21:02 +0000]  "GET /sites/default/files/css/css_hou3SyeO1TJKMyinmqK_7u6Dsiqp2BLJoIg3i4ysijQ.css?delta=2&language=en&theme=claro&include=eJxVjtEKwzAIRX8oTT6p2Ey6gI1Fb2Dp1y-DZmNveq6HaxYyTbvoRrI4upS6h6wV_EIjSQ9rJ0n8kQWqspGNI-NU1Q6ScnFwBobrK4z61P5g8KcacsM3vffg3cFHchCaR-Nz8HD3pNnXnG2anzmW8ZS_AcJzTD8 HTTP/1.1" 200 527 "https://dev-nord-staging.pantheonsite.io/admin/reports/status" "Mozilla/5.0 (Macintosh; Intel Mac OS X 10_15_7) AppleWebKit/537.36 (KHTML, like Gecko) Chrome/142.0.0.0 Safari/537.36" 0.000 "2a02:a58:8416:c500:6575:9612:54cc:5b08, 2a02:a58:8416:c500:6575:9612:54cc:5b08, 10.1.18.20"
10.1.17.23 - - [28/Nov/2025:23:21:02 +0000]  "GET /sites/default/files/js/js_C2x5jjl9t2NCtfhTrP4NEMTQ8-6IXJ4JzpNFbRqfLP8.js?scope=footer&delta=1&language=en&theme=claro&include=eJxdjEEOgCAMBD-E8AZfYgo0prFCA9Xo7_UAMXjbndmsp3UREnS-BRNyUrz0AHaxHAJsPzJpzuyhvKOCXUNQOnFiStvAQ2YGqWgqqlJa66IF7m4HaNqv6_-_brEGEJzjTukBXypFxg HTTP/1.1" 200 46805 "https://dev-nord-staging.pantheonsite.io/admin/reports/status" "Mozilla/5.0 (Macintosh; Intel Mac OS X 10_15_7) AppleWebKit/537.36 (KHTML, like Gecko) Chrome/142.0.0.0 Safari/537.36" 0.000 "2a02:a58:8416:c500:6575:9612:54cc:5b08, 2a02:a58:8416:c500:6575:9612:54cc:5b08, 10.1.17.23"
10.1.16.19 - - [28/Nov/2025:23:21:02 +0000]  "GET /sites/default/files/js/js_bju3-lsE4BPfGeCybUpJsPQjR4jeLZbnKiXHyXoqsDo.js?scope=header&delta=0&language=en&theme=claro&include=eJxdjEEOgCAMBD-E8AZfYgo0prFCA9Xo7_UAMXjbndmsp3UREnS-BRNyUrz0AHaxHAJsPzJpzuyhvKOCXUNQOnFiStvAQ2YGqWgqqlJa66IF7m4HaNqv6_-_brEGEJzjTukBXypFxg HTTP/1.1" 200 866 "https://dev-nord-staging.pantheonsite.io/admin/reports/status" "Mozilla/5.0 (Macintosh; Intel Mac OS X 10_15_7) AppleWebKit/537.36 (KHTML, like Gecko) Chrome/142.0.0.0 Safari/537.36" 0.000 "2a02:a58:8416:c500:6575:9612:54cc:5b08, 2a02:a58:8416:c500:6575:9612:54cc:5b08, 10.1.16.19"
10.1.19.28 - - [28/Nov/2025:23:21:02 +0000]  "GET /sites/default/files/css/css_aoXVFWrwnP8Zrb9yKJvaYb-reCIuFWCf9wbgg49LUHs.css?delta=0&language=en&theme=claro&include=eJxLzMvLL81LTs1NzSspjk9LTU3RTykqLUjM0UvEkNEryc_PSUosAgAtZRTp&exclude=eJxdjmEOwjAIhS_UrWfwJAtjZBJZaYAa5-ndEqvGXzw-HvBQjXJR20D4SQkFTPMqOoMMHrtwWROensVaBRkBg-80HPyW_KoW2KLPep9CVWaw_K6pOVk3nXpk1OL_tpEcodJl2bgcP0vQIxpIX_ySod91ijgC-hQG-yfFL0wzr1PlSrmLF3NcXoQ HTTP/1.1" 200 931 "https://dev-nord-staging.pantheonsite.io/admin/reports/status" "Mozilla/5.0 (Macintosh; Intel Mac OS X 10_15_7) AppleWebKit/537.36 (KHTML, like Gecko) Chrome/142.0.0.0 Safari/537.36" 0.000 "2a02:a58:8416:c500:6575:9612:54cc:5b08, 2a02:a58:8416:c500:6575:9612:54cc:5b08, 10.1.19.28"
10.1.17.23 - - [28/Nov/2025:23:21:02 +0000]  "GET /core/misc/icons/bebebe/pencil.svg HTTP/1.1" 200 291 "https://dev-nord-staging.pantheonsite.io/sites/default/files/css/css_hou3SyeO1TJKMyinmqK_7u6Dsiqp2BLJoIg3i4ysijQ.css?delta=2&language=en&theme=claro&include=eJxVjtEKwzAIRX8oTT6p2Ey6gI1Fb2Dp1y-DZmNveq6HaxYyTbvoRrI4upS6h6wV_EIjSQ9rJ0n8kQWqspGNI-NU1Q6ScnFwBobrK4z61P5g8KcacsM3vffg3cFHchCaR-Nz8HD3pNnXnG2anzmW8ZS_AcJzTD8" "Mozilla/5.0 (Macintosh; Intel Mac OS X 10_15_7) AppleWebKit/537.36 (KHTML, like Gecko) Chrome/142.0.0.0 Safari/537.36" 0.000 "2a02:a58:8416:c500:6575:9612:54cc:5b08, 2a02:a58:8416:c500:6575:9612:54cc:5b08, 10.1.17.23"
10.1.16.19 - - [28/Nov/2025:23:21:04 +0000]  "GET /core/misc/favicon.ico HTTP/1.1" 200 5430 "https://dev-nord-staging.pantheonsite.io/admin/reports/status" "Mozilla/5.0 (Macintosh; Intel Mac OS X 10_15_7) AppleWebKit/537.36 (KHTML, like Gecko) Chrome/142.0.0.0 Safari/537.36" 0.000 "2a02:a58:8416:c500:6575:9612:54cc:5b08, 2a02:a58:8416:c500:6575:9612:54cc:5b08, 10.1.16.19"
10.1.22.25 - - [28/Nov/2025:23:22:47 +0000]  "GET /core/misc/icons/ffffff/pencil.svg HTTP/1.1" 200 290 "https://dev-nord-staging.pantheonsite.io/sites/default/files/css/css_hou3SyeO1TJKMyinmqK_7u6Dsiqp2BLJoIg3i4ysijQ.css?delta=2&language=en&theme=claro&include=eJxVjtEKwzAIRX8oTT6p2Ey6gI1Fb2Dp1y-DZmNveq6HaxYyTbvoRrI4upS6h6wV_EIjSQ9rJ0n8kQWqspGNI-NU1Q6ScnFwBobrK4z61P5g8KcacsM3vffg3cFHchCaR-Nz8HD3pNnXnG2anzmW8ZS_AcJzTD8" "Mozilla/5.0 (Macintosh; Intel Mac OS X 10_15_7) AppleWebKit/537.36 (KHTML, like Gecko) Chrome/142.0.0.0 Safari/537.36" 0.000 "2a02:a58:8416:c500:6575:9612:54cc:5b08, 2a02:a58:8416:c500:6575:9612:54cc:5b08, 10.1.22.25"
10.1.21.23 - - [28/Nov/2025:23:22:50 +0000]  "GET /admin/reports/status HTTP/1.1" 200 12123 "https://dev-nord-staging.pantheonsite.io/admin/config" "Mozilla/5.0 (Macintosh; Intel Mac OS X 10_15_7) AppleWebKit/537.36 (KHTML, like Gecko) Chrome/142.0.0.0 Safari/537.36" 2.448 "2a02:a58:8416:c500:6575:9612:54cc:5b08, 2a02:a58:8416:c500:6575:9612:54cc:5b08, 10.1.21.23"
10.1.19.28 - - [28/Nov/2025:23:22:50 +0000]  "GET /core/assets/vendor/jquery/jquery.min.js?v=4.0.0-rc.1 HTTP/1.1" 200 32227 "https://dev-nord-staging.pantheonsite.io/admin/reports/status" "Mozilla/5.0 (Macintosh; Intel Mac OS X 10_15_7) AppleWebKit/537.36 (KHTML, like Gecko) Chrome/142.0.0.0 Safari/537.36" 0.000 "2a02:a58:8416:c500:6575:9612:54cc:5b08, 2a02:a58:8416:c500:6575:9612:54cc:5b08, 10.1.19.28"
10.1.16.20 - - [28/Nov/2025:23:22:50 +0000]  "GET /sites/default/files/js/js_bju3-lsE4BPfGeCybUpJsPQjR4jeLZbnKiXHyXoqsDo.js?scope=header&delta=0&language=en&theme=claro&include=eJxdjEEOgCAMBD-E8AZfYgo0prFCA9Xo7_UAMXjbndmsp3UREnS-BRNyUrz0AHaxHAJsPzJpzuyhvKOCXUNQOnFiStvAQ2YGqWgqqlJa66IF7m4HaNqv6_-_brEGEJzjTukBXypFxg HTTP/1.1" 200 866 "https://dev-nord-staging.pantheonsite.io/admin/reports/status" "Mozilla/5.0 (Macintosh; Intel Mac OS X 10_15_7) AppleWebKit/537.36 (KHTML, like Gecko) Chrome/142.0.0.0 Safari/537.36" 0.342 "2a02:a58:8416:c500:6575:9612:54cc:5b08, 2a02:a58:8416:c500:6575:9612:54cc:5b08, 10.1.16.20"
10.1.17.23 - - [28/Nov/2025:23:22:50 +0000]  "GET /sites/default/files/css/css_hou3SyeO1TJKMyinmqK_7u6Dsiqp2BLJoIg3i4ysijQ.css?delta=2&language=en&theme=claro&include=eJxVjtEKwzAIRX8oTT6p2Ey6gI1Fb2Dp1y-DZmNveq6HaxYyTbvoRrI4upS6h6wV_EIjSQ9rJ0n8kQWqspGNI-NU1Q6ScnFwBobrK4z61P5g8KcacsM3vffg3cFHchCaR-Nz8HD3pNnXnG2anzmW8ZS_AcJzTD8 HTTP/1.1" 200 527 "https://dev-nord-staging.pantheonsite.io/admin/reports/status" "Mozilla/5.0 (Macintosh; Intel Mac OS X 10_15_7) AppleWebKit/537.36 (KHTML, like Gecko) Chrome/142.0.0.0 Safari/537.36" 0.579 "2a02:a58:8416:c500:6575:9612:54cc:5b08, 2a02:a58:8416:c500:6575:9612:54cc:5b08, 10.1.17.23"
10.1.21.23 - - [28/Nov/2025:23:22:50 +0000]  "GET /sites/default/files/css/css_1CsD_a44PS-89hN11yJT4ueI1szxfjY9RjIhxUwyqhw.css?delta=1&language=en&theme=claro&include=eJxVjtEKwzAIRX8oTT6p2Ey6gI1Fb2Dp1y-DZmNveq6HaxYyTbvoRrI4upS6h6wV_EIjSQ9rJ0n8kQWqspGNI-NU1Q6ScnFwBobrK4z61P5g8KcacsM3vffg3cFHchCaR-Nz8HD3pNnXnG2anzmW8ZS_AcJzTD8 HTTP/1.1" 200 32759 "https://dev-nord-staging.pantheonsite.io/admin/reports/status" "Mozilla/5.0 (Macintosh; Intel Mac OS X 10_15_7) AppleWebKit/537.36 (KHTML, like Gecko) Chrome/142.0.0.0 Safari/537.36" 0.609 "2a02:a58:8416:c500:6575:9612:54cc:5b08, 2a02:a58:8416:c500:6575:9612:54cc:5b08, 10.1.21.23"
10.1.22.25 - - [28/Nov/2025:23:22:50 +0000]  "GET /sites/default/files/css/css_iaGCK0VF_8PGyTNN0-2dybCpvB55K94ZRjU0DteiO4g.css?delta=0&language=en&theme=claro&include=eJxVjtEKwzAIRX8oTT6p2Ey6gI1Fb2Dp1y-DZmNveq6HaxYyTbvoRrI4upS6h6wV_EIjSQ9rJ0n8kQWqspGNI-NU1Q6ScnFwBobrK4z61P5g8KcacsM3vffg3cFHchCaR-Nz8HD3pNnXnG2anzmW8ZS_AcJzTD8 HTTP/1.1" 200 17669 "https://dev-nord-staging.pantheonsite.io/admin/reports/status" "Mozilla/5.0 (Macintosh; Intel Mac OS X 10_15_7) AppleWebKit/537.36 (KHTML, like Gecko) Chrome/142.0.0.0 Safari/537.36" 0.594 "2a02:a58:8416:c500:6575:9612:54cc:5b08, 2a02:a58:8416:c500:6575:9612:54cc:5b08, 10.1.22.25"
10.1.21.23 - - [28/Nov/2025:23:22:51 +0000]  "GET /sites/default/files/js/js_C2x5jjl9t2NCtfhTrP4NEMTQ8-6IXJ4JzpNFbRqfLP8.js?scope=footer&delta=1&language=en&theme=claro&include=eJxdjEEOgCAMBD-E8AZfYgo0prFCA9Xo7_UAMXjbndmsp3UREnS-BRNyUrz0AHaxHAJsPzJpzuyhvKOCXUNQOnFiStvAQ2YGqWgqqlJa66IF7m4HaNqv6_-_brEGEJzjTukBXypFxg HTTP/1.1" 200 46805 "https://dev-nord-staging.pantheonsite.io/admin/reports/status" "Mozilla/5.0 (Macintosh; Intel Mac OS X 10_15_7) AppleWebKit/537.36 (KHTML, like Gecko) Chrome/142.0.0.0 Safari/537.36" 0.820 "2a02:a58:8416:c500:6575:9612:54cc:5b08, 2a02:a58:8416:c500:6575:9612:54cc:5b08, 10.1.21.23"
10.1.21.23 - - [28/Nov/2025:23:22:51 +0000]  "GET /core/misc/icons/bebebe/pencil.svg HTTP/1.1" 200 291 "https://dev-nord-staging.pantheonsite.io/sites/default/files/css/css_hou3SyeO1TJKMyinmqK_7u6Dsiqp2BLJoIg3i4ysijQ.css?delta=2&language=en&theme=claro&include=eJxVjtEKwzAIRX8oTT6p2Ey6gI1Fb2Dp1y-DZmNveq6HaxYyTbvoRrI4upS6h6wV_EIjSQ9rJ0n8kQWqspGNI-NU1Q6ScnFwBobrK4z61P5g8KcacsM3vffg3cFHchCaR-Nz8HD3pNnXnG2anzmW8ZS_AcJzTD8" "Mozilla/5.0 (Macintosh; Intel Mac OS X 10_15_7) AppleWebKit/537.36 (KHTML, like Gecko) Chrome/142.0.0.0 Safari/537.36" 0.000 "2a02:a58:8416:c500:6575:9612:54cc:5b08, 2a02:a58:8416:c500:6575:9612:54cc:5b08, 10.1.21.23"
10.1.21.23 - - [28/Nov/2025:23:22:51 +0000]  "GET /sites/default/files/css/css_aoXVFWrwnP8Zrb9yKJvaYb-reCIuFWCf9wbgg49LUHs.css?delta=0&language=en&theme=claro&include=eJxLzMvLL81LTs1NzSspjk9LTU3RTykqLUjM0UvEkNEryc_PSUosAgAtZRTp&exclude=eJxdj-sNwzAIhBdy7Bk6SUQISq0SYwGumk5fV6r7-sVxfOIARSkV0R043ykgg0raWBbgyfzgXLaAT2bVVoEjoOcrTd2_BDvMaU_m4M2iUhX1HxiFGapRsHMfYfMxGH1wEV5A06uGZqQDeuqYUYr9Y5EModJp3XPpgcXp5g34Ezucaew1cu-v2OwKx_uKbzMseZtrrpSGeABK0m7_ HTTP/1.1" 200 931 "https://dev-nord-staging.pantheonsite.io/admin/reports/status" "Mozilla/5.0 (Macintosh; Intel Mac OS X 10_15_7) AppleWebKit/537.36 (KHTML, like Gecko) Chrome/142.0.0.0 Safari/537.36" 0.231 "2a02:a58:8416:c500:6575:9612:54cc:5b08, 2a02:a58:8416:c500:6575:9612:54cc:5b08, 10.1.21.23"
10.1.16.19 - - [28/Nov/2025:23:22:51 +0000]  "GET /core/misc/favicon.ico HTTP/1.1" 200 5430 "https://dev-nord-staging.pantheonsite.io/admin/reports/status" "Mozilla/5.0 (Macintosh; Intel Mac OS X 10_15_7) AppleWebKit/537.36 (KHTML, like Gecko) Chrome/142.0.0.0 Safari/537.36" 0.000 "2a02:a58:8416:c500:6575:9612:54cc:5b08, 2a02:a58:8416:c500:6575:9612:54cc:5b08, 10.1.16.19"
10.1.16.20 - - [28/Nov/2025:23:22:52 +0000]  "GET /admin/structure HTTP/1.1" 200 8107 "https://dev-nord-staging.pantheonsite.io/admin/reports/status" "Mozilla/5.0 (Macintosh; Intel Mac OS X 10_15_7) AppleWebKit/537.36 (KHTML, like Gecko) Chrome/142.0.0.0 Safari/537.36" 0.280 "2a02:a58:8416:c500:6575:9612:54cc:5b08, 2a02:a58:8416:c500:6575:9612:54cc:5b08, 10.1.16.20"
10.1.17.23 - - [28/Nov/2025:23:22:52 +0000]  "GET /sites/default/files/css/css_hou3SyeO1TJKMyinmqK_7u6Dsiqp2BLJoIg3i4ysijQ.css?delta=2&language=en&theme=claro&include=eJxVTe0KwyAMfCFbH6mkNnRCZkpyQt3Tz4Fu7N99XxIyjafoTrI4muRyhqQFfKOSxMPqRbL-lAWqspP1kHEsak-S_OLgDPSubzBqs_YnBn-oIVV83cHDmIxzujrbDH3wmvu_vwHLt0PR HTTP/1.1" 200 527 "https://dev-nord-staging.pantheonsite.io/admin/structure" "Mozilla/5.0 (Macintosh; Intel Mac OS X 10_15_7) AppleWebKit/537.36 (KHTML, like Gecko) Chrome/142.0.0.0 Safari/537.36" 0.000 "2a02:a58:8416:c500:6575:9612:54cc:5b08, 2a02:a58:8416:c500:6575:9612:54cc:5b08, 10.1.17.23"
10.1.18.20 - - [28/Nov/2025:23:22:52 +0000]  "GET /sites/default/files/css/css_iaGCK0VF_8PGyTNN0-2dybCpvB55K94ZRjU0DteiO4g.css?delta=0&language=en&theme=claro&include=eJxVTe0KwyAMfCFbH6mkNnRCZkpyQt3Tz4Fu7N99XxIyjafoTrI4muRyhqQFfKOSxMPqRbL-lAWqspP1kHEsak-S_OLgDPSubzBqs_YnBn-oIVV83cHDmIxzujrbDH3wmvu_vwHLt0PR HTTP/1.1" 200 17669 "https://dev-nord-staging.pantheonsite.io/admin/structure" "Mozilla/5.0 (Macintosh; Intel Mac OS X 10_15_7) AppleWebKit/537.36 (KHTML, like Gecko) Chrome/142.0.0.0 Safari/537.36" 0.000 "2a02:a58:8416:c500:6575:9612:54cc:5b08, 2a02:a58:8416:c500:6575:9612:54cc:5b08, 10.1.18.20"
10.1.16.20 - - [28/Nov/2025:23:22:52 +0000]  "GET /sites/default/files/js/js_bju3-lsE4BPfGeCybUpJsPQjR4jeLZbnKiXHyXoqsDo.js?scope=header&delta=0&language=en&theme=claro&include=eJxdjEsOgCAMBS_E5wyehBRoSCMWAsXo7XUhMbp7n8l4Sq5SReufoEJhwUMGZBvbqJDNu2gpJXtoN9Rw3hCEdtSZeFUdRYhTd9LgnMBnVI_CTtWvG-wBKi5xI74ADRo9uQ HTTP/1.1" 200 866 "https://dev-nord-staging.pantheonsite.io/admin/structure" "Mozilla/5.0 (Macintosh; Intel Mac OS X 10_15_7) AppleWebKit/537.36 (KHTML, like Gecko) Chrome/142.0.0.0 Safari/537.36" 0.000 "2a02:a58:8416:c500:6575:9612:54cc:5b08, 2a02:a58:8416:c500:6575:9612:54cc:5b08, 10.1.16.20"
10.1.19.28 - - [28/Nov/2025:23:22:52 +0000]  "GET /core/assets/vendor/jquery/jquery.min.js?v=4.0.0-rc.1 HTTP/1.1" 200 32227 "https://dev-nord-staging.pantheonsite.io/admin/structure" "Mozilla/5.0 (Macintosh; Intel Mac OS X 10_15_7) AppleWebKit/537.36 (KHTML, like Gecko) Chrome/142.0.0.0 Safari/537.36" 0.000 "2a02:a58:8416:c500:6575:9612:54cc:5b08, 2a02:a58:8416:c500:6575:9612:54cc:5b08, 10.1.19.28"
10.1.17.23 - - [28/Nov/2025:23:22:52 +0000]  "GET /sites/default/files/css/css_yinKzUAg7_S4eWGhLVVDSQe-649RrxvoKhQBoProuc8.css?delta=1&language=en&theme=claro&include=eJxVTe0KwyAMfCFbH6mkNnRCZkpyQt3Tz4Fu7N99XxIyjafoTrI4muRyhqQFfKOSxMPqRbL-lAWqspP1kHEsak-S_OLgDPSubzBqs_YnBn-oIVV83cHDmIxzujrbDH3wmvu_vwHLt0PR HTTP/1.1" 200 27993 "https://dev-nord-staging.pantheonsite.io/admin/structure" "Mozilla/5.0 (Macintosh; Intel Mac OS X 10_15_7) AppleWebKit/537.36 (KHTML, like Gecko) Chrome/142.0.0.0 Safari/537.36" 0.315 "2a02:a58:8416:c500:6575:9612:54cc:5b08, 2a02:a58:8416:c500:6575:9612:54cc:5b08, 10.1.17.23"
10.1.16.19 - - [28/Nov/2025:23:22:52 +0000]  "GET /sites/default/files/js/js_nOwGW0Bu3Fg7dVSd7z4I8rmCnHh3CKZjKIwhhdZ9djM.js?scope=footer&delta=1&language=en&theme=claro&include=eJxdjEsOgCAMBS_E5wyehBRoSCMWAsXo7XUhMbp7n8l4Sq5SReufoEJhwUMGZBvbqJDNu2gpJXtoN9Rw3hCEdtSZeFUdRYhTd9LgnMBnVI_CTtWvG-wBKi5xI74ADRo9uQ HTTP/1.1" 200 44952 "https://dev-nord-staging.pantheonsite.io/admin/structure" "Mozilla/5.0 (Macintosh; Intel Mac OS X 10_15_7) AppleWebKit/537.36 (KHTML, like Gecko) Chrome/142.0.0.0 Safari/537.36" 0.565 "2a02:a58:8416:c500:6575:9612:54cc:5b08, 2a02:a58:8416:c500:6575:9612:54cc:5b08, 10.1.16.19"
10.1.21.23 - - [28/Nov/2025:23:22:52 +0000]  "GET /sites/default/files/css/css_aoXVFWrwnP8Zrb9yKJvaYb-reCIuFWCf9wbgg49LUHs.css?delta=0&language=en&theme=claro&include=eJxLzMvLL81LTs1NzSspjk9LTU3RTykqLUjM0UvEkNEryc_PSUosAgAtZRTp&exclude=eJxdj-sNwzAIhBdy7Bk6SUQISq0SYwGumk5fV6r7-sVxfOIARSkV0R043ykgg0raWBbgyfzgXLaAT2bVVoEjoOcrTd2_BDvMaU_m4M2iUhX1HxiFGapRsHMfYfMxGH1wEV5A06uGZqQDeuqYUYr9Y5EModJp3XPpgcXp5g34Ezucaew1cu-v2OwKx_uKbzMseZtrrpSGeABK0m7_ HTTP/1.1" 200 931 "https://dev-nord-staging.pantheonsite.io/admin/structure" "Mozilla/5.0 (Macintosh; Intel Mac OS X 10_15_7) AppleWebKit/537.36 (KHTML, like Gecko) Chrome/142.0.0.0 Safari/537.36" 0.000 "2a02:a58:8416:c500:6575:9612:54cc:5b08, 2a02:a58:8416:c500:6575:9612:54cc:5b08, 10.1.21.23"
10.1.17.23 - - [28/Nov/2025:23:22:52 +0000]  "GET /core/misc/icons/bebebe/pencil.svg HTTP/1.1" 200 291 "https://dev-nord-staging.pantheonsite.io/sites/default/files/css/css_hou3SyeO1TJKMyinmqK_7u6Dsiqp2BLJoIg3i4ysijQ.css?delta=2&language=en&theme=claro&include=eJxVTe0KwyAMfCFbH6mkNnRCZkpyQt3Tz4Fu7N99XxIyjafoTrI4muRyhqQFfKOSxMPqRbL-lAWqspP1kHEsak-S_OLgDPSubzBqs_YnBn-oIVV83cHDmIxzujrbDH3wmvu_vwHLt0PR" "Mozilla/5.0 (Macintosh; Intel Mac OS X 10_15_7) AppleWebKit/537.36 (KHTML, like Gecko) Chrome/142.0.0.0 Safari/537.36" 0.000 "2a02:a58:8416:c500:6575:9612:54cc:5b08, 2a02:a58:8416:c500:6575:9612:54cc:5b08, 10.1.17.23"
10.1.18.20 - - [28/Nov/2025:23:22:55 +0000]  "GET /admin/structure/types HTTP/1.1" 200 9565 "https://dev-nord-staging.pantheonsite.io/admin/structure" "Mozilla/5.0 (Macintosh; Intel Mac OS X 10_15_7) AppleWebKit/537.36 (KHTML, like Gecko) Chrome/142.0.0.0 Safari/537.36" 0.259 "2a02:a58:8416:c500:6575:9612:54cc:5b08, 2a02:a58:8416:c500:6575:9612:54cc:5b08, 10.1.18.20"
10.1.21.23 - - [28/Nov/2025:23:22:55 +0000]  "GET /sites/default/files/js/js_bju3-lsE4BPfGeCybUpJsPQjR4jeLZbnKiXHyXoqsDo.js?scope=header&delta=0&language=en&theme=claro&include=eJxdzlEOwyAIBuALWT3DTtKgEsPmhCAu3e3Xh5rGvcHHH_JHKruQYIjX4BI3w8MG1JB1CFR_y2bMNYKeIcV5hmT0wa1Sey2eCSoXD084VleWOMy4LWwQKyp24dbPf66jGbXSd1P4ztCC7moTZqu_3WNPIPjIb2o_Ll5a0A HTTP/1.1" 200 866 "https://dev-nord-staging.pantheonsite.io/admin/structure/types" "Mozilla/5.0 (Macintosh; Intel Mac OS X 10_15_7) AppleWebKit/537.36 (KHTML, like Gecko) Chrome/142.0.0.0 Safari/537.36" 0.000 "2a02:a58:8416:c500:6575:9612:54cc:5b08, 2a02:a58:8416:c500:6575:9612:54cc:5b08, 10.1.21.23"
