10.1.19.28 - - [28/Nov/2025:23:53:11 +0000]  "POST /media-library?media_library_opener_id=media_library.opener.field_widget&media_library_allowed_types%5Bimage%5D=image&media_library_selected_type=image&media_library_remaining=1&media_library_opener_parameters%5Bfield_widget_id%5D=field_card_image%3A-settings-block_form-field_paragraphs-0-subform&media_library_opener_parameters%5Bentity_type_id%5D=paragraph&media_library_opener_parameters%5Bbundle%5D=cs_card_section&media_library_opener_parameters%5Bfield_name%5D=field_card_image&hash=dLJFd5VFH-N09orf1hl_hqwXn6jSbhavzI1k5MSve4g&ajax_form=1&_wrapper_format=drupal_ajax&_wrapper_format=drupal_ajax HTTP/1.1" 200 14182 "https://dev-nord-staging.pantheonsite.io/taxonomy/term/55/layout" "Mozilla/5.0 (Macintosh; Intel Mac OS X 10_15_7) AppleWebKit/537.36 (KHTML, like Gecko) Chrome/142.0.0.0 Safari/537.36" 0.335 "2a02:a58:8416:c500:6575:9612:54cc:5b08, 2a02:a58:8416:c500:6575:9612:54cc:5b08, 10.1.19.28"
10.1.18.20 - - [28/Nov/2025:23:53:11 +0000]  "GET /sites/default/files/styles/medium/public/2025-11/Screenshot%202025-11-24%20at%2011.16.57.png.avif?itok=Skkh4J3r HTTP/1.1" 200 3079 "https://dev-nord-staging.pantheonsite.io/taxonomy/term/55/layout" "Mozilla/5.0 (Macintosh; Intel Mac OS X 10_15_7) AppleWebKit/537.36 (KHTML, like Gecko) Chrome/142.0.0.0 Safari/537.36" 0.367 "2a02:a58:8416:c500:6575:9612:54cc:5b08, 2a02:a58:8416:c500:6575:9612:54cc:5b08, 10.1.18.20"
10.1.16.19 - - [28/Nov/2025:23:53:13 +0000]  "GET /sites/default/files/styles/medium/public/2025-11/DrDorobantu.png.avif?itok=p5Cmv50F HTTP/1.1" 200 1977 "https://dev-nord-staging.pantheonsite.io/taxonomy/term/55/layout" "Mozilla/5.0 (Macintosh; Intel Mac OS X 10_15_7) AppleWebKit/537.36 (KHTML, like Gecko) Chrome/142.0.0.0 Safari/537.36" 0.000 "2a02:a58:8416:c500:6575:9612:54cc:5b08, 2a02:a58:8416:c500:6575:9612:54cc:5b08, 10.1.16.19"
10.1.21.23 - - [28/Nov/2025:23:53:13 +0000]  "GET /sites/default/files/styles/medium/public/2025-11/chirurgie%20cardiovasculara%20shutterstock.jpg.avif?itok=x6CzBISD HTTP/1.1" 200 3756 "https://dev-nord-staging.pantheonsite.io/taxonomy/term/55/layout" "Mozilla/5.0 (Macintosh; Intel Mac OS X 10_15_7) AppleWebKit/537.36 (KHTML, like Gecko) Chrome/142.0.0.0 Safari/537.36" 0.000 "2a02:a58:8416:c500:6575:9612:54cc:5b08, 2a02:a58:8416:c500:6575:9612:54cc:5b08, 10.1.21.23"
10.1.22.25 - - [28/Nov/2025:23:53:13 +0000]  "GET /sites/default/files/styles/medium/public/2025-11/DrCraciunMihai.png.avif?itok=1wnjHD11 HTTP/1.1" 304 0 "https://dev-nord-staging.pantheonsite.io/taxonomy/term/55/layout" "Mozilla/5.0 (Macintosh; Intel Mac OS X 10_15_7) AppleWebKit/537.36 (KHTML, like Gecko) Chrome/142.0.0.0 Safari/537.36" 0.000 "2a02:a58:8416:c500:6575:9612:54cc:5b08, 2a02:a58:8416:c500:6575:9612:54cc:5b08, 10.1.22.25"
10.1.18.20 - - [28/Nov/2025:23:53:13 +0000]  "GET /sites/default/files/styles/medium/public/2025-11/O%20imagine%20care%20ilustreaza%20conceptul%20de%20abordare%20multidisciplinara%20in%20medicina.jpg.avif?itok=PIvGUi3u HTTP/1.1" 200 3553 "https://dev-nord-staging.pantheonsite.io/taxonomy/term/55/layout" "Mozilla/5.0 (Macintosh; Intel Mac OS X 10_15_7) AppleWebKit/537.36 (KHTML, like Gecko) Chrome/142.0.0.0 Safari/537.36" 0.000 "2a02:a58:8416:c500:6575:9612:54cc:5b08, 2a02:a58:8416:c500:6575:9612:54cc:5b08, 10.1.18.20"
10.1.22.25 - - [28/Nov/2025:23:53:13 +0000]  "GET /sites/default/files/styles/medium/public/2025-11/DrCraciun.png.avif?itok=cGZtJTvi HTTP/1.1" 200 1744 "https://dev-nord-staging.pantheonsite.io/taxonomy/term/55/layout" "Mozilla/5.0 (Macintosh; Intel Mac OS X 10_15_7) AppleWebKit/537.36 (KHTML, like Gecko) Chrome/142.0.0.0 Safari/537.36" 0.000 "2a02:a58:8416:c500:6575:9612:54cc:5b08, 2a02:a58:8416:c500:6575:9612:54cc:5b08, 10.1.22.25"
10.1.21.23 - - [28/Nov/2025:23:53:21 +0000]  "POST /media-library?media_library_opener_id=media_library.opener.field_widget&media_library_allowed_types%5Bimage%5D=image&media_library_selected_type=image&media_library_remaining=1&media_library_opener_parameters%5Bfield_widget_id%5D=field_card_image%3A-settings-block_form-field_paragraphs-0-subform&media_library_opener_parameters%5Bentity_type_id%5D=paragraph&media_library_opener_parameters%5Bbundle%5D=cs_card_section&media_library_opener_parameters%5Bfield_name%5D=field_card_image&hash=dLJFd5VFH-N09orf1hl_hqwXn6jSbhavzI1k5MSve4g&ajax_form=1&_wrapper_format=drupal_ajax&views_display_id=widget&_wrapper_format=drupal_ajax HTTP/1.1" 200 337 "https://dev-nord-staging.pantheonsite.io/taxonomy/term/55/layout" "Mozilla/5.0 (Macintosh; Intel Mac OS X 10_15_7) AppleWebKit/537.36 (KHTML, like Gecko) Chrome/142.0.0.0 Safari/537.36" 0.159 "2a02:a58:8416:c500:6575:9612:54cc:5b08, 2a02:a58:8416:c500:6575:9612:54cc:5b08, 10.1.21.23"
10.1.21.23 - - [28/Nov/2025:23:53:27 +0000]  "POST /layout_builder/add/block/overrides/taxonomy_term.55/0/content/inline_block%3Apara_block?_wrapper_format=drupal_dialog&ajax_form=1&_wrapper_format=drupal_ajax HTTP/1.1" 200 9507 "https://dev-nord-staging.pantheonsite.io/taxonomy/term/55/layout" "Mozilla/5.0 (Macintosh; Intel Mac OS X 10_15_7) AppleWebKit/537.36 (KHTML, like Gecko) Chrome/142.0.0.0 Safari/537.36" 0.181 "2a02:a58:8416:c500:6575:9612:54cc:5b08, 2a02:a58:8416:c500:6575:9612:54cc:5b08, 10.1.21.23"
10.1.21.23 - - [28/Nov/2025:23:53:27 +0000]  "GET /sites/default/files/styles/max_2600x2600/public/2025-11/Screenshot%202025-11-24%20at%2011.16.57.png.avif?itok=OuQC6PnZ HTTP/1.1" 200 72875 "https://dev-nord-staging.pantheonsite.io/taxonomy/term/55/layout" "Mozilla/5.0 (Macintosh; Intel Mac OS X 10_15_7) AppleWebKit/537.36 (KHTML, like Gecko) Chrome/142.0.0.0 Safari/537.36" 0.603 "2a02:a58:8416:c500:6575:9612:54cc:5b08, 2a02:a58:8416:c500:6575:9612:54cc:5b08, 10.1.21.23"
10.1.16.20 - - [28/Nov/2025:23:52:54 +0000]  "GET /sites/default/files/styles/medium/public/2025-11/shutterstock_2275025365.jpg.avif?itok=VOW6nkoC HTTP/1.1" 304 0 "https://dev-nord-staging.pantheonsite.io/taxonomy/term/55/layout" "Mozilla/5.0 (Macintosh; Intel Mac OS X 10_15_7) AppleWebKit/537.36 (KHTML, like Gecko) Chrome/142.0.0.0 Safari/537.36" 0.000 "2a02:a58:8416:c500:6575:9612:54cc:5b08, 2a02:a58:8416:c500:6575:9612:54cc:5b08, 10.1.16.20"
10.1.16.20 - - [28/Nov/2025:23:53:05 +0000]  "GET /sites/default/files/styles/media_library/public/2025-11/Screenshot%202025-11-24%20at%2011.16.57.png.avif?itok=stktVrOt HTTP/1.1" 200 3079 "https://dev-nord-staging.pantheonsite.io/taxonomy/term/55/layout" "Mozilla/5.0 (Macintosh; Intel Mac OS X 10_15_7) AppleWebKit/537.36 (KHTML, like Gecko) Chrome/142.0.0.0 Safari/537.36" 0.380 "2a02:a58:8416:c500:6575:9612:54cc:5b08, 2a02:a58:8416:c500:6575:9612:54cc:5b08, 10.1.16.20"
10.1.16.20 - - [28/Nov/2025:23:53:21 +0000]  "POST /layout_builder/add/block/overrides/taxonomy_term.55/0/content/inline_block%3Apara_block?_wrapper_format=drupal_ajax&ajax_form=1&_wrapper_format=drupal_ajax HTTP/1.1" 200 3331 "https://dev-nord-staging.pantheonsite.io/taxonomy/term/55/layout" "Mozilla/5.0 (Macintosh; Intel Mac OS X 10_15_7) AppleWebKit/537.36 (KHTML, like Gecko) Chrome/142.0.0.0 Safari/537.36" 0.105 "2a02:a58:8416:c500:6575:9612:54cc:5b08, 2a02:a58:8416:c500:6575:9612:54cc:5b08, 10.1.16.20"
10.1.18.19 - - [28/Nov/2025:23:53:27 +0000]  "POST /contextual/render HTTP/1.1" 200 728 "https://dev-nord-staging.pantheonsite.io/taxonomy/term/55/layout" "Mozilla/5.0 (Macintosh; Intel Mac OS X 10_15_7) AppleWebKit/537.36 (KHTML, like Gecko) Chrome/142.0.0.0 Safari/537.36" 0.042 "2a02:a58:8416:c500:6575:9612:54cc:5b08, 2a02:a58:8416:c500:6575:9612:54cc:5b08, 10.1.18.19"
10.1.17.23 - - [28/Nov/2025:23:53:31 +0000]  "GET /sites/default/files/css/css__tPFuanlZQk72dWBAhzguDJmeCVJwIW68C2TgdELIKQ.css?delta=1&language=en&theme=nord_bootstrap_sass&include=eJxtUFGuAyEIvJBdj2Rwpa4JKxsH23r72qbb5iXvh8AMAwxR1WCNjhCptaJ-Z4AyI0jJm7lVq_HDOolPrR8kyw-5mKpMmRMa2i2kglVv3IbXyquKq9pSiN8NIMBn0TilsCGl5v9bVLPw5ToXwR3UKE9qw3nAD1l6PXqUgo2TA5vNiQhz0Dh7_4AOmzZbu33ZT-0wYLz7SGD3MeVPcx3cTsErX8r8ANyt8B3-HZddUxd-Ah7Jg_w HTTP/1.1" 200 69938 "https://dev-nord-staging.pantheonsite.io/specialities/test-term" "Mozilla/5.0 (Macintosh; Intel Mac OS X 10_15_7) AppleWebKit/537.36 (KHTML, like Gecko) Chrome/142.0.0.0 Safari/537.36" 0.000 "2a02:a58:8416:c500:6575:9612:54cc:5b08, 2a02:a58:8416:c500:6575:9612:54cc:5b08, 10.1.17.23"
10.1.18.19 - - [28/Nov/2025:23:53:31 +0000]  "GET /sites/default/files/css/css_hou3SyeO1TJKMyinmqK_7u6Dsiqp2BLJoIg3i4ysijQ.css?delta=5&language=en&theme=nord_bootstrap_sass&include=eJxtUFGuAyEIvJBdj2Rwpa4JKxsH23r72qbb5iXvh8AMAwxR1WCNjhCptaJ-Z4AyI0jJm7lVq_HDOolPrR8kyw-5mKpMmRMa2i2kglVv3IbXyquKq9pSiN8NIMBn0TilsCGl5v9bVLPw5ToXwR3UKE9qw3nAD1l6PXqUgo2TA5vNiQhz0Dh7_4AOmzZbu33ZT-0wYLz7SGD3MeVPcx3cTsErX8r8ANyt8B3-HZddUxd-Ah7Jg_w HTTP/1.1" 200 527 "https://dev-nord-staging.pantheonsite.io/specialities/test-term" "Mozilla/5.0 (Macintosh; Intel Mac OS X 10_15_7) AppleWebKit/537.36 (KHTML, like Gecko) Chrome/142.0.0.0 Safari/537.36" 0.000 "2a02:a58:8416:c500:6575:9612:54cc:5b08, 2a02:a58:8416:c500:6575:9612:54cc:5b08, 10.1.18.19"
10.1.16.19 - - [28/Nov/2025:23:53:30 +0000]  "POST /taxonomy/term/55/layout HTTP/1.1" 303 498 "https://dev-nord-staging.pantheonsite.io/taxonomy/term/55/layout" "Mozilla/5.0 (Macintosh; Intel Mac OS X 10_15_7) AppleWebKit/537.36 (KHTML, like Gecko) Chrome/142.0.0.0 Safari/537.36" 0.366 "2a02:a58:8416:c500:6575:9612:54cc:5b08, 2a02:a58:8416:c500:6575:9612:54cc:5b08, 10.1.16.19"
10.1.16.19 - - [28/Nov/2025:23:53:31 +0000]  "GET /specialities/test-term HTTP/1.1" 200 16167 "https://dev-nord-staging.pantheonsite.io/taxonomy/term/55/layout" "Mozilla/5.0 (Macintosh; Intel Mac OS X 10_15_7) AppleWebKit/537.36 (KHTML, like Gecko) Chrome/142.0.0.0 Safari/537.36" 0.316 "2a02:a58:8416:c500:6575:9612:54cc:5b08, 2a02:a58:8416:c500:6575:9612:54cc:5b08, 10.1.16.19"
10.1.16.19 - - [28/Nov/2025:23:53:31 +0000]  "GET /themes/custom/nord_bootstrap_sass/images/logo_nord.svg HTTP/1.1" 200 41696 "https://dev-nord-staging.pantheonsite.io/specialities/test-term" "Mozilla/5.0 (Macintosh; Intel Mac OS X 10_15_7) AppleWebKit/537.36 (KHTML, like Gecko) Chrome/142.0.0.0 Safari/537.36" 0.000 "2a02:a58:8416:c500:6575:9612:54cc:5b08, 2a02:a58:8416:c500:6575:9612:54cc:5b08, 10.1.16.19"
10.1.22.25 - - [28/Nov/2025:23:53:31 +0000]  "GET /sites/default/files/js/js_bju3-lsE4BPfGeCybUpJsPQjR4jeLZbnKiXHyXoqsDo.js?scope=header&delta=0&language=en&theme=nord_bootstrap_sass&include=eJxtjtENwyAMRBeCMEMnQQYs5JbaCDtRsn35SBS16pft89PdJaqxU8eQzsUlEVMb0GOCMUiCCai5LGy42wotlLF2aMuteBNpk57QwOsN2WhD34hfjmWUeBsrqAZ4wu4ZNqpgJPyXqU3StFc7pk11imZzapzEceV8ie5sEq5GP_eCmqHjo7yJP-7cY2w HTTP/1.1" 200 866 "https://dev-nord-staging.pantheonsite.io/specialities/test-term" "Mozilla/5.0 (Macintosh; Intel Mac OS X 10_15_7) AppleWebKit/537.36 (KHTML, like Gecko) Chrome/142.0.0.0 Safari/537.36" 0.000 "2a02:a58:8416:c500:6575:9612:54cc:5b08, 2a02:a58:8416:c500:6575:9612:54cc:5b08, 10.1.22.25"
10.1.17.23 - - [28/Nov/2025:23:53:31 +0000]  "GET /sites/default/files/css/css_AJKuU4PeDAEmcXRkxuLUhrUTPqrrgg9cjseTbokar4M.css?delta=0&language=en&theme=nord_bootstrap_sass&include=eJxtUFGuAyEIvJBdj2Rwpa4JKxsH23r72qbb5iXvh8AMAwxR1WCNjhCptaJ-Z4AyI0jJm7lVq_HDOolPrR8kyw-5mKpMmRMa2i2kglVv3IbXyquKq9pSiN8NIMBn0TilsCGl5v9bVLPw5ToXwR3UKE9qw3nAD1l6PXqUgo2TA5vNiQhz0Dh7_4AOmzZbu33ZT-0wYLz7SGD3MeVPcx3cTsErX8r8ANyt8B3-HZddUxd-Ah7Jg_w HTTP/1.1" 200 16799 "https://dev-nord-staging.pantheonsite.io/specialities/test-term" "Mozilla/5.0 (Macintosh; Intel Mac OS X 10_15_7) AppleWebKit/537.36 (KHTML, like Gecko) Chrome/142.0.0.0 Safari/537.36" 0.000 "2a02:a58:8416:c500:6575:9612:54cc:5b08, 2a02:a58:8416:c500:6575:9612:54cc:5b08, 10.1.17.23"
10.1.18.19 - - [28/Nov/2025:23:53:31 +0000]  "GET /sites/default/files/js/js_1_-e30A4tcZyBPwKteG-OQOyuacRcNu5Wa6ciwmlD9g.js?scope=footer&delta=0&language=en&theme=nord_bootstrap_sass&include=eJxtjtENwyAMRBeCMEMnQQYs5JbaCDtRsn35SBS16pft89PdJaqxU8eQzsUlEVMb0GOCMUiCCai5LGy42wotlLF2aMuteBNpk57QwOsN2WhD34hfjmWUeBsrqAZ4wu4ZNqpgJPyXqU3StFc7pk11imZzapzEceV8ie5sEq5GP_eCmqHjo7yJP-7cY2w HTTP/1.1" 200 28147 "https://dev-nord-staging.pantheonsite.io/specialities/test-term" "Mozilla/5.0 (Macintosh; Intel Mac OS X 10_15_7) AppleWebKit/537.36 (KHTML, like Gecko) Chrome/142.0.0.0 Safari/537.36" 0.000 "2a02:a58:8416:c500:6575:9612:54cc:5b08, 2a02:a58:8416:c500:6575:9612:54cc:5b08, 10.1.18.19"
10.1.18.19 - - [28/Nov/2025:23:53:31 +0000]  "GET /themes/custom/nord_bootstrap_sass/images/iso9001.png HTTP/1.1" 200 8974 "https://dev-nord-staging.pantheonsite.io/specialities/test-term" "Mozilla/5.0 (Macintosh; Intel Mac OS X 10_15_7) AppleWebKit/537.36 (KHTML, like Gecko) Chrome/142.0.0.0 Safari/537.36" 0.000 "2a02:a58:8416:c500:6575:9612:54cc:5b08, 2a02:a58:8416:c500:6575:9612:54cc:5b08, 10.1.18.19"
10.1.16.20 - - [28/Nov/2025:23:53:31 +0000]  "GET /themes/custom/nord_bootstrap_sass/images/ANMCS.png HTTP/1.1" 200 16361 "https://dev-nord-staging.pantheonsite.io/specialities/test-term" "Mozilla/5.0 (Macintosh; Intel Mac OS X 10_15_7) AppleWebKit/537.36 (KHTML, like Gecko) Chrome/142.0.0.0 Safari/537.36" 0.000 "2a02:a58:8416:c500:6575:9612:54cc:5b08, 2a02:a58:8416:c500:6575:9612:54cc:5b08, 10.1.16.20"
10.1.17.23 - - [28/Nov/2025:23:53:31 +0000]  "GET /themes/custom/nord_bootstrap_sass/images/icons/phone.svg HTTP/1.1" 200 846 "https://dev-nord-staging.pantheonsite.io/sites/default/files/css/css__tPFuanlZQk72dWBAhzguDJmeCVJwIW68C2TgdELIKQ.css?delta=1&language=en&theme=nord_bootstrap_sass&include=eJxtUFGuAyEIvJBdj2Rwpa4JKxsH23r72qbb5iXvh8AMAwxR1WCNjhCptaJ-Z4AyI0jJm7lVq_HDOolPrR8kyw-5mKpMmRMa2i2kglVv3IbXyquKq9pSiN8NIMBn0TilsCGl5v9bVLPw5ToXwR3UKE9qw3nAD1l6PXqUgo2TA5vNiQhz0Dh7_4AOmzZbu33ZT-0wYLz7SGD3MeVPcx3cTsErX8r8ANyt8B3-HZddUxd-Ah7Jg_w" "Mozilla/5.0 (Macintosh; Intel Mac OS X 10_15_7) AppleWebKit/537.36 (KHTML, like Gecko) Chrome/142.0.0.0 Safari/537.36" 0.000 "2a02:a58:8416:c500:6575:9612:54cc:5b08, 2a02:a58:8416:c500:6575:9612:54cc:5b08, 10.1.17.23"
10.1.17.23 - - [28/Nov/2025:23:53:31 +0000]  "GET /themes/custom/nord_bootstrap_sass/images/icons/lab.svg HTTP/1.1" 200 909 "https://dev-nord-staging.pantheonsite.io/sites/default/files/css/css__tPFuanlZQk72dWBAhzguDJmeCVJwIW68C2TgdELIKQ.css?delta=1&language=en&theme=nord_bootstrap_sass&include=eJxtUFGuAyEIvJBdj2Rwpa4JKxsH23r72qbb5iXvh8AMAwxR1WCNjhCptaJ-Z4AyI0jJm7lVq_HDOolPrR8kyw-5mKpMmRMa2i2kglVv3IbXyquKq9pSiN8NIMBn0TilsCGl5v9bVLPw5ToXwR3UKE9qw3nAD1l6PXqUgo2TA5vNiQhz0Dh7_4AOmzZbu33ZT-0wYLz7SGD3MeVPcx3cTsErX8r8ANyt8B3-HZddUxd-Ah7Jg_w" "Mozilla/5.0 (Macintosh; Intel Mac OS X 10_15_7) AppleWebKit/537.36 (KHTML, like Gecko) Chrome/142.0.0.0 Safari/537.36" 0.000 "2a02:a58:8416:c500:6575:9612:54cc:5b08, 2a02:a58:8416:c500:6575:9612:54cc:5b08, 10.1.17.23"
10.1.17.23 - - [28/Nov/2025:23:53:31 +0000]  "GET /sites/default/files/styles/max_2600x2600/public/2025-11/Screenshot%202025-11-24%20at%2011.16.57.png.avif?itok=OuQC6PnZ HTTP/1.1" 200 72875 "https://dev-nord-staging.pantheonsite.io/specialities/test-term" "Mozilla/5.0 (Macintosh; Intel Mac OS X 10_15_7) AppleWebKit/537.36 (KHTML, like Gecko) Chrome/142.0.0.0 Safari/537.36" 0.000 "2a02:a58:8416:c500:6575:9612:54cc:5b08, 2a02:a58:8416:c500:6575:9612:54cc:5b08, 10.1.17.23"
10.1.17.23 - - [28/Nov/2025:23:53:31 +0000]  "GET /core/assets/vendor/jquery/jquery.min.js?v=4.0.0-rc.1 HTTP/1.1" 200 32227 "https://dev-nord-staging.pantheonsite.io/specialities/test-term" "Mozilla/5.0 (Macintosh; Intel Mac OS X 10_15_7) AppleWebKit/537.36 (KHTML, like Gecko) Chrome/142.0.0.0 Safari/537.36" 0.000 "2a02:a58:8416:c500:6575:9612:54cc:5b08, 2a02:a58:8416:c500:6575:9612:54cc:5b08, 10.1.17.23"
10.1.16.19 - - [28/Nov/2025:23:53:31 +0000]  "GET /themes/custom/nord_bootstrap_sass/images/OHSAS.png HTTP/1.1" 200 8777 "https://dev-nord-staging.pantheonsite.io/specialities/test-term" "Mozilla/5.0 (Macintosh; Intel Mac OS X 10_15_7) AppleWebKit/537.36 (KHTML, like Gecko) Chrome/142.0.0.0 Safari/537.36" 0.000 "2a02:a58:8416:c500:6575:9612:54cc:5b08, 2a02:a58:8416:c500:6575:9612:54cc:5b08, 10.1.16.19"
10.1.16.19 - - [28/Nov/2025:23:53:31 +0000]  "GET /themes/custom/nord_bootstrap_sass/images/icons/profile.svg HTTP/1.1" 200 373 "https://dev-nord-staging.pantheonsite.io/sites/default/files/css/css__tPFuanlZQk72dWBAhzguDJmeCVJwIW68C2TgdELIKQ.css?delta=1&language=en&theme=nord_bootstrap_sass&include=eJxtUFGuAyEIvJBdj2Rwpa4JKxsH23r72qbb5iXvh8AMAwxR1WCNjhCptaJ-Z4AyI0jJm7lVq_HDOolPrR8kyw-5mKpMmRMa2i2kglVv3IbXyquKq9pSiN8NIMBn0TilsCGl5v9bVLPw5ToXwR3UKE9qw3nAD1l6PXqUgo2TA5vNiQhz0Dh7_4AOmzZbu33ZT-0wYLz7SGD3MeVPcx3cTsErX8r8ANyt8B3-HZddUxd-Ah7Jg_w" "Mozilla/5.0 (Macintosh; Intel Mac OS X 10_15_7) AppleWebKit/537.36 (KHTML, like Gecko) Chrome/142.0.0.0 Safari/537.36" 0.000 "2a02:a58:8416:c500:6575:9612:54cc:5b08, 2a02:a58:8416:c500:6575:9612:54cc:5b08, 10.1.16.19"
10.1.21.23 - - [28/Nov/2025:23:53:31 +0000]  "GET /themes/custom/nord_bootstrap_sass/images/icons/search.svg HTTP/1.1" 200 470 "https://dev-nord-staging.pantheonsite.io/sites/default/files/css/css__tPFuanlZQk72dWBAhzguDJmeCVJwIW68C2TgdELIKQ.css?delta=1&language=en&theme=nord_bootstrap_sass&include=eJxtUFGuAyEIvJBdj2Rwpa4JKxsH23r72qbb5iXvh8AMAwxR1WCNjhCptaJ-Z4AyI0jJm7lVq_HDOolPrR8kyw-5mKpMmRMa2i2kglVv3IbXyquKq9pSiN8NIMBn0TilsCGl5v9bVLPw5ToXwR3UKE9qw3nAD1l6PXqUgo2TA5vNiQhz0Dh7_4AOmzZbu33ZT-0wYLz7SGD3MeVPcx3cTsErX8r8ANyt8B3-HZddUxd-Ah7Jg_w" "Mozilla/5.0 (Macintosh; Intel Mac OS X 10_15_7) AppleWebKit/537.36 (KHTML, like Gecko) Chrome/142.0.0.0 Safari/537.36" 0.000 "2a02:a58:8416:c500:6575:9612:54cc:5b08, 2a02:a58:8416:c500:6575:9612:54cc:5b08, 10.1.21.23"
10.1.18.20 - - [28/Nov/2025:23:53:31 +0000]  "GET /themes/custom/nord_bootstrap_sass/images/icons/ion-call.svg HTTP/1.1" 200 817 "https://dev-nord-staging.pantheonsite.io/sites/default/files/css/css__tPFuanlZQk72dWBAhzguDJmeCVJwIW68C2TgdELIKQ.css?delta=1&language=en&theme=nord_bootstrap_sass&include=eJxtUFGuAyEIvJBdj2Rwpa4JKxsH23r72qbb5iXvh8AMAwxR1WCNjhCptaJ-Z4AyI0jJm7lVq_HDOolPrR8kyw-5mKpMmRMa2i2kglVv3IbXyquKq9pSiN8NIMBn0TilsCGl5v9bVLPw5ToXwR3UKE9qw3nAD1l6PXqUgo2TA5vNiQhz0Dh7_4AOmzZbu33ZT-0wYLz7SGD3MeVPcx3cTsErX8r8ANyt8B3-HZddUxd-Ah7Jg_w" "Mozilla/5.0 (Macintosh; Intel Mac OS X 10_15_7) AppleWebKit/537.36 (KHTML, like Gecko) Chrome/142.0.0.0 Safari/537.36" 0.000 "2a02:a58:8416:c500:6575:9612:54cc:5b08, 2a02:a58:8416:c500:6575:9612:54cc:5b08, 10.1.18.20"
10.1.19.28 - - [28/Nov/2025:23:53:31 +0000]  "GET /themes/custom/nord_bootstrap_sass/images/icons/solar-calendar-bold.svg HTTP/1.1" 200 1087 "https://dev-nord-staging.pantheonsite.io/sites/default/files/css/css__tPFuanlZQk72dWBAhzguDJmeCVJwIW68C2TgdELIKQ.css?delta=1&language=en&theme=nord_bootstrap_sass&include=eJxtUFGuAyEIvJBdj2Rwpa4JKxsH23r72qbb5iXvh8AMAwxR1WCNjhCptaJ-Z4AyI0jJm7lVq_HDOolPrR8kyw-5mKpMmRMa2i2kglVv3IbXyquKq9pSiN8NIMBn0TilsCGl5v9bVLPw5ToXwR3UKE9qw3nAD1l6PXqUgo2TA5vNiQhz0Dh7_4AOmzZbu33ZT-0wYLz7SGD3MeVPcx3cTsErX8r8ANyt8B3-HZddUxd-Ah7Jg_w" "Mozilla/5.0 (Macintosh; Intel Mac OS X 10_15_7) AppleWebKit/537.36 (KHTML, like Gecko) Chrome/142.0.0.0 Safari/537.36" 0.000 "2a02:a58:8416:c500:6575:9612:54cc:5b08, 2a02:a58:8416:c500:6575:9612:54cc:5b08, 10.1.19.28"
10.1.17.23 - - [28/Nov/2025:23:53:32 +0000]  "GET /sites/default/files/js/js_pLMcgUDNnK6Hnd7LOhYgz7KeE0Y2y_M8jSMRWn4HAIc.js?scope=footer&delta=2&language=en&theme=nord_bootstrap_sass&include=eJxtjtENwyAMRBeCMEMnQQYs5JbaCDtRsn35SBS16pft89PdJaqxU8eQzsUlEVMb0GOCMUiCCai5LGy42wotlLF2aMuteBNpk57QwOsN2WhD34hfjmWUeBsrqAZ4wu4ZNqpgJPyXqU3StFc7pk11imZzapzEceV8ie5sEq5GP_eCmqHjo7yJP-7cY2w HTTP/1.1" 200 47019 "https://dev-nord-staging.pantheonsite.io/specialities/test-term" "Mozilla/5.0 (Macintosh; Intel Mac OS X 10_15_7) AppleWebKit/537.36 (KHTML, like Gecko) Chrome/142.0.0.0 Safari/537.36" 0.695 "2a02:a58:8416:c500:6575:9612:54cc:5b08, 2a02:a58:8416:c500:6575:9612:54cc:5b08, 10.1.17.23"
10.1.16.19 - - [28/Nov/2025:23:53:32 +0000]  "GET /core/misc/icons/bebebe/pencil.svg HTTP/1.1" 200 291 "https://dev-nord-staging.pantheonsite.io/sites/default/files/css/css_hou3SyeO1TJKMyinmqK_7u6Dsiqp2BLJoIg3i4ysijQ.css?delta=5&language=en&theme=nord_bootstrap_sass&include=eJxtUFGuAyEIvJBdj2Rwpa4JKxsH23r72qbb5iXvh8AMAwxR1WCNjhCptaJ-Z4AyI0jJm7lVq_HDOolPrR8kyw-5mKpMmRMa2i2kglVv3IbXyquKq9pSiN8NIMBn0TilsCGl5v9bVLPw5ToXwR3UKE9qw3nAD1l6PXqUgo2TA5vNiQhz0Dh7_4AOmzZbu33ZT-0wYLz7SGD3MeVPcx3cTsErX8r8ANyt8B3-HZddUxd-Ah7Jg_w" "Mozilla/5.0 (Macintosh; Intel Mac OS X 10_15_7) AppleWebKit/537.36 (KHTML, like Gecko) Chrome/142.0.0.0 Safari/537.36" 0.000 "2a02:a58:8416:c500:6575:9612:54cc:5b08, 2a02:a58:8416:c500:6575:9612:54cc:5b08, 10.1.16.19"
10.1.19.28 - - [28/Nov/2025:23:53:32 +0000]  "GET /sites/default/files/css/css_aoXVFWrwnP8Zrb9yKJvaYb-reCIuFWCf9wbgg49LUHs.css?delta=0&language=en&theme=nord_bootstrap_sass&include=eJxLzMvLL81LTs1NzSspjk9LTU3RTykqLUjM0UvEkNEryc_PSUosAgAtZRTp&exclude=eJxtUG1SxTAIvFDanMGTZEiKKUpDJpD6enujY6zjvD98LOyyg15qePgIiq5I20IUMbUGNSio-iySGZdXKabPF1gi8KJ2MZXskjT0W-sVeIVkdOIy8Hd3En6o_47rIVtndAyXdAsbaZIT2-WlYBJ2FRrkob_rFLqRtZfaI5PuuLnbSYTWSPyBqpBRA1Pe7aldeIPHUuCkDEZSnInwYPuf7Lpim2e_6pWSFHW6S7PUbY5m_5-_oiao-LIdVMYviuHDOvCk3cgyDyqajcdpGB6vX_m_oIuUQ6WKfhafKTytFA HTTP/1.1" 200 931 "https://dev-nord-staging.pantheonsite.io/specialities/test-term" "Mozilla/5.0 (Macintosh; Intel Mac OS X 10_15_7) AppleWebKit/537.36 (KHTML, like Gecko) Chrome/142.0.0.0 Safari/537.36" 0.000 "2a02:a58:8416:c500:6575:9612:54cc:5b08, 2a02:a58:8416:c500:6575:9612:54cc:5b08, 10.1.19.28"
10.1.18.20 - - [28/Nov/2025:23:53:32 +0000]  "POST /contextual/render HTTP/1.1" 200 398 "https://dev-nord-staging.pantheonsite.io/specialities/test-term" "Mozilla/5.0 (Macintosh; Intel Mac OS X 10_15_7) AppleWebKit/537.36 (KHTML, like Gecko) Chrome/142.0.0.0 Safari/537.36" 0.044 "2a02:a58:8416:c500:6575:9612:54cc:5b08, 2a02:a58:8416:c500:6575:9612:54cc:5b08, 10.1.18.20"
10.1.18.20 - - [28/Nov/2025:23:53:40 +0000]  "GET /core/assets/vendor/jquery/jquery.min.js?v=4.0.0-rc.1 HTTP/1.1" 200 32227 "https://dev-nord-staging.pantheonsite.io/admin/config" "Mozilla/5.0 (Macintosh; Intel Mac OS X 10_15_7) AppleWebKit/537.36 (KHTML, like Gecko) Chrome/142.0.0.0 Safari/537.36" 0.000 "2a02:a58:8416:c500:6575:9612:54cc:5b08, 2a02:a58:8416:c500:6575:9612:54cc:5b08, 10.1.18.20"
10.1.21.23 - - [28/Nov/2025:23:53:31 +0000]  "GET /themes/custom/nord_bootstrap_sass/images/icons/email-newsletter.svg HTTP/1.1" 304 0 "https://dev-nord-staging.pantheonsite.io/sites/default/files/css/css__tPFuanlZQk72dWBAhzguDJmeCVJwIW68C2TgdELIKQ.css?delta=1&language=en&theme=nord_bootstrap_sass&include=eJxtUFGuAyEIvJBdj2Rwpa4JKxsH23r72qbb5iXvh8AMAwxR1WCNjhCptaJ-Z4AyI0jJm7lVq_HDOolPrR8kyw-5mKpMmRMa2i2kglVv3IbXyquKq9pSiN8NIMBn0TilsCGl5v9bVLPw5ToXwR3UKE9qw3nAD1l6PXqUgo2TA5vNiQhz0Dh7_4AOmzZbu33ZT-0wYLz7SGD3MeVPcx3cTsErX8r8ANyt8B3-HZddUxd-Ah7Jg_w" "Mozilla/5.0 (Macintosh; Intel Mac OS X 10_15_7) AppleWebKit/537.36 (KHTML, like Gecko) Chrome/142.0.0.0 Safari/537.36" 0.000 "2a02:a58:8416:c500:6575:9612:54cc:5b08, 2a02:a58:8416:c500:6575:9612:54cc:5b08, 10.1.21.23"
10.1.19.28 - - [28/Nov/2025:23:53:31 +0000]  "GET /themes/custom/nord_bootstrap_sass/images/icons/document.svg HTTP/1.1" 200 1529 "https://dev-nord-staging.pantheonsite.io/sites/default/files/css/css__tPFuanlZQk72dWBAhzguDJmeCVJwIW68C2TgdELIKQ.css?delta=1&language=en&theme=nord_bootstrap_sass&include=eJxtUFGuAyEIvJBdj2Rwpa4JKxsH23r72qbb5iXvh8AMAwxR1WCNjhCptaJ-Z4AyI0jJm7lVq_HDOolPrR8kyw-5mKpMmRMa2i2kglVv3IbXyquKq9pSiN8NIMBn0TilsCGl5v9bVLPw5ToXwR3UKE9qw3nAD1l6PXqUgo2TA5vNiQhz0Dh7_4AOmzZbu33ZT-0wYLz7SGD3MeVPcx3cTsErX8r8ANyt8B3-HZddUxd-Ah7Jg_w" "Mozilla/5.0 (Macintosh; Intel Mac OS X 10_15_7) AppleWebKit/537.36 (KHTML, like Gecko) Chrome/142.0.0.0 Safari/537.36" 0.000 "2a02:a58:8416:c500:6575:9612:54cc:5b08, 2a02:a58:8416:c500:6575:9612:54cc:5b08, 10.1.19.28"
10.1.18.19 - - [28/Nov/2025:23:53:40 +0000]  "GET /admin/config HTTP/1.1" 200 9909 "https://dev-nord-staging.pantheonsite.io/specialities/test-term" "Mozilla/5.0 (Macintosh; Intel Mac OS X 10_15_7) AppleWebKit/537.36 (KHTML, like Gecko) Chrome/142.0.0.0 Safari/537.36" 0.913 "2a02:a58:8416:c500:6575:9612:54cc:5b08, 2a02:a58:8416:c500:6575:9612:54cc:5b08, 10.1.18.19"
10.1.17.23 - - [28/Nov/2025:23:53:40 +0000]  "GET /sites/default/files/css/css_iaGCK0VF_8PGyTNN0-2dybCpvB55K94ZRjU0DteiO4g.css?delta=0&language=en&theme=claro&include=eJxVTe0KwyAMfCFbH6mkNnRCZkpyQt3Tz4Fu7N99XxIyjafoTrI4muRyhqQFfKOSxMPqRbL-lAWqspP1kHEsak-S_OLgDPSubzBqs_YnBn-oIVV83cHDmIxzujrbDH3wmvu_vwHLt0PR HTTP/1.1" 200 17669 "https://dev-nord-staging.pantheonsite.io/admin/config" "Mozilla/5.0 (Macintosh; Intel Mac OS X 10_15_7) AppleWebKit/537.36 (KHTML, like Gecko) Chrome/142.0.0.0 Safari/537.36" 0.000 "2a02:a58:8416:c500:6575:9612:54cc:5b08, 2a02:a58:8416:c500:6575:9612:54cc:5b08, 10.1.17.23"
10.1.16.19 - - [28/Nov/2025:23:53:40 +0000]  "GET /sites/default/files/js/js_bju3-lsE4BPfGeCybUpJsPQjR4jeLZbnKiXHyXoqsDo.js?scope=header&delta=0&language=en&theme=claro&include=eJxdjEsOgCAMBS_E5wyehBRoSCMWAsXo7XUhMbp7n8l4Sq5SReufoEJhwUMGZBvbqJDNu2gpJXtoN9Rw3hCEdtSZeFUdRYhTd9LgnMBnVI_CTtWvG-wBKi5xI74ADRo9uQ HTTP/1.1" 200 866 "https://dev-nord-staging.pantheonsite.io/admin/config" "Mozilla/5.0 (Macintosh; Intel Mac OS X 10_15_7) AppleWebKit/537.36 (KHTML, like Gecko) Chrome/142.0.0.0 Safari/537.36" 0.000 "2a02:a58:8416:c500:6575:9612:54cc:5b08, 2a02:a58:8416:c500:6575:9612:54cc:5b08, 10.1.16.19"
10.1.19.28 - - [28/Nov/2025:23:53:40 +0000]  "GET /sites/default/files/js/js_nOwGW0Bu3Fg7dVSd7z4I8rmCnHh3CKZjKIwhhdZ9djM.js?scope=footer&delta=1&language=en&theme=claro&include=eJxdjEsOgCAMBS_E5wyehBRoSCMWAsXo7XUhMbp7n8l4Sq5SReufoEJhwUMGZBvbqJDNu2gpJXtoN9Rw3hCEdtSZeFUdRYhTd9LgnMBnVI_CTtWvG-wBKi5xI74ADRo9uQ HTTP/1.1" 200 44952 "https://dev-nord-staging.pantheonsite.io/admin/config" "Mozilla/5.0 (Macintosh; Intel Mac OS X 10_15_7) AppleWebKit/537.36 (KHTML, like Gecko) Chrome/142.0.0.0 Safari/537.36" 0.000 "2a02:a58:8416:c500:6575:9612:54cc:5b08, 2a02:a58:8416:c500:6575:9612:54cc:5b08, 10.1.19.28"
10.1.17.23 - - [28/Nov/2025:23:53:40 +0000]  "GET /sites/default/files/css/css_yinKzUAg7_S4eWGhLVVDSQe-649RrxvoKhQBoProuc8.css?delta=1&language=en&theme=claro&include=eJxVTe0KwyAMfCFbH6mkNnRCZkpyQt3Tz4Fu7N99XxIyjafoTrI4muRyhqQFfKOSxMPqRbL-lAWqspP1kHEsak-S_OLgDPSubzBqs_YnBn-oIVV83cHDmIxzujrbDH3wmvu_vwHLt0PR HTTP/1.1" 200 27993 "https://dev-nord-staging.pantheonsite.io/admin/config" "Mozilla/5.0 (Macintosh; Intel Mac OS X 10_15_7) AppleWebKit/537.36 (KHTML, like Gecko) Chrome/142.0.0.0 Safari/537.36" 0.000 "2a02:a58:8416:c500:6575:9612:54cc:5b08, 2a02:a58:8416:c500:6575:9612:54cc:5b08, 10.1.17.23"
10.1.17.23 - - [28/Nov/2025:23:53:40 +0000]  "GET /sites/default/files/css/css_hou3SyeO1TJKMyinmqK_7u6Dsiqp2BLJoIg3i4ysijQ.css?delta=2&language=en&theme=claro&include=eJxVTe0KwyAMfCFbH6mkNnRCZkpyQt3Tz4Fu7N99XxIyjafoTrI4muRyhqQFfKOSxMPqRbL-lAWqspP1kHEsak-S_OLgDPSubzBqs_YnBn-oIVV83cHDmIxzujrbDH3wmvu_vwHLt0PR HTTP/1.1" 200 527 "https://dev-nord-staging.pantheonsite.io/admin/config" "Mozilla/5.0 (Macintosh; Intel Mac OS X 10_15_7) AppleWebKit/537.36 (KHTML, like Gecko) Chrome/142.0.0.0 Safari/537.36" 0.000 "2a02:a58:8416:c500:6575:9612:54cc:5b08, 2a02:a58:8416:c500:6575:9612:54cc:5b08, 10.1.17.23"
10.1.16.20 - - [28/Nov/2025:23:53:40 +0000]  "GET /sites/default/files/css/css_aoXVFWrwnP8Zrb9yKJvaYb-reCIuFWCf9wbgg49LUHs.css?delta=0&language=en&theme=claro&include=eJxLzMvLL81LTs1NzSspjk9LTU3RTykqLUjM0UvEkNEryc_PSUosAgAtZRTp&exclude=eJxdjmEOwjAIhS_UrWfwJAtjZBJZaYAa5-ndEqvGXzw-HvBQjXJR20D4SQkFTPMqOoMMHrtwWROensVaBRkBg-80HPyW_KoW2KLPep9CVWaw_K6pOVk3nXpk1OL_tpEcodJl2bgcP0vQIxpIX_ySod91ijgC-hQG-yfFL0wzr1PlSrmLF3NcXoQ HTTP/1.1" 200 931 "https://dev-nord-staging.pantheonsite.io/admin/config" "Mozilla/5.0 (Macintosh; Intel Mac OS X 10_15_7) AppleWebKit/537.36 (KHTML, like Gecko) Chrome/142.0.0.0 Safari/537.36" 0.000 "2a02:a58:8416:c500:6575:9612:54cc:5b08, 2a02:a58:8416:c500:6575:9612:54cc:5b08, 10.1.16.20"
10.1.16.19 - - [28/Nov/2025:23:53:40 +0000]  "GET /core/misc/icons/bebebe/pencil.svg HTTP/1.1" 200 291 "https://dev-nord-staging.pantheonsite.io/sites/default/files/css/css_hou3SyeO1TJKMyinmqK_7u6Dsiqp2BLJoIg3i4ysijQ.css?delta=2&language=en&theme=claro&include=eJxVTe0KwyAMfCFbH6mkNnRCZkpyQt3Tz4Fu7N99XxIyjafoTrI4muRyhqQFfKOSxMPqRbL-lAWqspP1kHEsak-S_OLgDPSubzBqs_YnBn-oIVV83cHDmIxzujrbDH3wmvu_vwHLt0PR" "Mozilla/5.0 (Macintosh; Intel Mac OS X 10_15_7) AppleWebKit/537.36 (KHTML, like Gecko) Chrome/142.0.0.0 Safari/537.36" 0.000 "2a02:a58:8416:c500:6575:9612:54cc:5b08, 2a02:a58:8416:c500:6575:9612:54cc:5b08, 10.1.16.19"
10.1.18.20 - - [28/Nov/2025:23:53:57 +0000]  "GET /admin/config/media/image-styles HTTP/1.1" 200 9403 "https://dev-nord-staging.pantheonsite.io/admin/config" "Mozilla/5.0 (Macintosh; Intel Mac OS X 10_15_7) AppleWebKit/537.36 (KHTML, like Gecko) Chrome/142.0.0.0 Safari/537.36" 0.262 "2a02:a58:8416:c500:6575:9612:54cc:5b08, 2a02:a58:8416:c500:6575:9612:54cc:5b08, 10.1.18.20"
10.1.22.25 - - [28/Nov/2025:23:53:57 +0000]  "GET /sites/default/files/css/css_L6ohE3iNpb2TExA_ULu8P4QZZAYPdB0vLCTN4ONTCS8.css?delta=1&language=en&theme=claro&include=eJxVjlEKwzAMQy-UNkcaThqygBcXW4Z1p1_Gmo3-2U8PpMykEitLIl4MB7deQ5aO8oQTx019J17_ZIEIJ9IhaZnx1oilXpHKnhyQ_sVd9EHcXiVYAUaL3aB0TP0Cg91FkR2_9PzDWR7nCLeiU_rcaxtL7Q0Na1QG HTTP/1.1" 200 28741 "https://dev-nord-staging.pantheonsite.io/admin/config/media/image-styles" "Mozilla/5.0 (Macintosh; Intel Mac OS X 10_15_7) AppleWebKit/537.36 (KHTML, like Gecko) Chrome/142.0.0.0 Safari/537.36" 0.000 "2a02:a58:8416:c500:6575:9612:54cc:5b08, 2a02:a58:8416:c500:6575:9612:54cc:5b08, 10.1.22.25"
10.1.18.20 - - [28/Nov/2025:23:53:57 +0000]  "GET /core/assets/vendor/jquery/jquery.min.js?v=4.0.0-rc.1 HTTP/1.1" 304 0 "https://dev-nord-staging.pantheonsite.io/admin/config/media/image-styles" "Mozilla/5.0 (Macintosh; Intel Mac OS X 10_15_7) AppleWebKit/537.36 (KHTML, like Gecko) Chrome/142.0.0.0 Safari/537.36" 0.000 "2a02:a58:8416:c500:6575:9612:54cc:5b08, 2a02:a58:8416:c500:6575:9612:54cc:5b08, 10.1.18.20"
10.1.19.28 - - [28/Nov/2025:23:53:57 +0000]  "GET /sites/default/files/css/css_hou3SyeO1TJKMyinmqK_7u6Dsiqp2BLJoIg3i4ysijQ.css?delta=2&language=en&theme=claro&include=eJxVjlEKwzAMQy-UNkcaThqygBcXW4Z1p1_Gmo3-2U8PpMykEitLIl4MB7deQ5aO8oQTx019J17_ZIEIJ9IhaZnx1oilXpHKnhyQ_sVd9EHcXiVYAUaL3aB0TP0Cg91FkR2_9PzDWR7nCLeiU_rcaxtL7Q0Na1QG HTTP/1.1" 200 527 "https://dev-nord-staging.pantheonsite.io/admin/config/media/image-styles" "Mozilla/5.0 (Macintosh; Intel Mac OS X 10_15_7) AppleWebKit/537.36 (KHTML, like Gecko) Chrome/142.0.0.0 Safari/537.36" 0.000 "2a02:a58:8416:c500:6575:9612:54cc:5b08, 2a02:a58:8416:c500:6575:9612:54cc:5b08, 10.1.19.28"
10.1.16.19 - - [28/Nov/2025:23:53:57 +0000]  "GET /sites/default/files/js/js_I_wJjmt0AQrtb1cxGdtQDddnUP2iAlM_8mnX6CP6RJg.js?scope=footer&delta=1&language=en&theme=claro&include=eJxdzlEOwyAIBuALWT3DTtKgEsPmhCAu3e3Xh5rGvcHHH_JHKruQYIjX4BI3w8MG1JB1CFR_y2bMNYKeIcV5hmT0wa1Sey2eCSoXD084VleWOMy4LWwQKyp24dbPf66jGbXSd1P4ztCC7moTZqu_3WNPIPjIb2o_Ll5a0A HTTP/1.1" 200 81754 "https://dev-nord-staging.pantheonsite.io/admin/config/media/image-styles" "Mozilla/5.0 (Macintosh; Intel Mac OS X 10_15_7) AppleWebKit/537.36 (KHTML, like Gecko) Chrome/142.0.0.0 Safari/537.36" 0.000 "2a02:a58:8416:c500:6575:9612:54cc:5b08, 2a02:a58:8416:c500:6575:9612:54cc:5b08, 10.1.16.19"
10.1.17.23 - - [28/Nov/2025:23:53:57 +0000]  "GET /sites/default/files/css/css_MTtz6ffw8_pRCh_I23XFf4iUMlVI271V47e58cNmeO0.css?delta=0&language=en&theme=claro&include=eJxVjlEKwzAMQy-UNkcaThqygBcXW4Z1p1_Gmo3-2U8PpMykEitLIl4MB7deQ5aO8oQTx019J17_ZIEIJ9IhaZnx1oilXpHKnhyQ_sVd9EHcXiVYAUaL3aB0TP0Cg91FkR2_9PzDWR7nCLeiU_rcaxtL7Q0Na1QG HTTP/1.1" 200 20807 "https://dev-nord-staging.pantheonsite.io/admin/config/media/image-styles" "Mozilla/5.0 (Macintosh; Intel Mac OS X 10_15_7) AppleWebKit/537.36 (KHTML, like Gecko) Chrome/142.0.0.0 Safari/537.36" 0.000 "2a02:a58:8416:c500:6575:9612:54cc:5b08, 2a02:a58:8416:c500:6575:9612:54cc:5b08, 10.1.17.23"
10.1.16.20 - - [28/Nov/2025:23:53:57 +0000]  "GET /sites/default/files/js/js_bju3-lsE4BPfGeCybUpJsPQjR4jeLZbnKiXHyXoqsDo.js?scope=header&delta=0&language=en&theme=claro&include=eJxdzlEOwyAIBuALWT3DTtKgEsPmhCAu3e3Xh5rGvcHHH_JHKruQYIjX4BI3w8MG1JB1CFR_y2bMNYKeIcV5hmT0wa1Sey2eCSoXD084VleWOMy4LWwQKyp24dbPf66jGbXSd1P4ztCC7moTZqu_3WNPIPjIb2o_Ll5a0A HTTP/1.1" 200 866 "https://dev-nord-staging.pantheonsite.io/admin/config/media/image-styles" "Mozilla/5.0 (Macintosh; Intel Mac OS X 10_15_7) AppleWebKit/537.36 (KHTML, like Gecko) Chrome/142.0.0.0 Safari/537.36" 0.000 "2a02:a58:8416:c500:6575:9612:54cc:5b08, 2a02:a58:8416:c500:6575:9612:54cc:5b08, 10.1.16.20"
10.1.21.23 - - [28/Nov/2025:23:53:57 +0000]  "GET /core/misc/icons/bebebe/pencil.svg HTTP/1.1" 200 291 "https://dev-nord-staging.pantheonsite.io/sites/default/files/css/css_hou3SyeO1TJKMyinmqK_7u6Dsiqp2BLJoIg3i4ysijQ.css?delta=2&language=en&theme=claro&include=eJxVjlEKwzAMQy-UNkcaThqygBcXW4Z1p1_Gmo3-2U8PpMykEitLIl4MB7deQ5aO8oQTx019J17_ZIEIJ9IhaZnx1oilXpHKnhyQ_sVd9EHcXiVYAUaL3aB0TP0Cg91FkR2_9PzDWR7nCLeiU_rcaxtL7Q0Na1QG" "Mozilla/5.0 (Macintosh; Intel Mac OS X 10_15_7) AppleWebKit/537.36 (KHTML, like Gecko) Chrome/142.0.0.0 Safari/537.36" 0.000 "2a02:a58:8416:c500:6575:9612:54cc:5b08, 2a02:a58:8416:c500:6575:9612:54cc:5b08, 10.1.21.23"
10.1.21.23 - - [28/Nov/2025:23:53:57 +0000]  "GET /sites/default/files/css/css_aoXVFWrwnP8Zrb9yKJvaYb-reCIuFWCf9wbgg49LUHs.css?delta=0&language=en&theme=claro&include=eJxLzMvLL81LTs1NzSspjk9LTU3RTykqLUjM0UvEkNEryc_PSUosAgAtZRTp&exclude=eJxdjmEOwjAIhS_UrWfwJAtjZBJZaYAa5-ndEqvGXzw-HvBQjXJR20D4SQkFTPMqOoMMHrtwWROensVaBRkBg-80HPyW_KoW2KLPep9CVWaw_K6pOVk3nXpk1OL_tpEcodJl2bgcP0vQIxpIX_ySod91ijgC-hQG-yfFL0wzr1PlSrmLF3NcXoQ HTTP/1.1" 200 931 "https://dev-nord-staging.pantheonsite.io/admin/config/media/image-styles" "Mozilla/5.0 (Macintosh; Intel Mac OS X 10_15_7) AppleWebKit/537.36 (KHTML, like Gecko) Chrome/142.0.0.0 Safari/537.36" 0.000 "2a02:a58:8416:c500:6575:9612:54cc:5b08, 2a02:a58:8416:c500:6575:9612:54cc:5b08, 10.1.21.23"
10.1.16.19 - - [28/Nov/2025:23:53:59 +0000]  "GET /sites/default/files/css/css_iaGCK0VF_8PGyTNN0-2dybCpvB55K94ZRjU0DteiO4g.css?delta=0&language=en&theme=claro&include=eJxVTe0KwyAMfCFbH6mkNnRCZkpyQt3Tz4Fu7N99XxIyjafoTrI4muRyhqQFfKOSxMPqRbL-lAWqspP1kHEsak-S_OLgDPSubzBqs_YnBn-oIVV83cHDmIxzujrbDH3wmvu_vwHLt0PR HTTP/1.1" 200 17669 "https://dev-nord-staging.pantheonsite.io/admin/config/media/image-styles/add" "Mozilla/5.0 (Macintosh; Intel Mac OS X 10_15_7) AppleWebKit/537.36 (KHTML, like Gecko) Chrome/142.0.0.0 Safari/537.36" 0.000 "2a02:a58:8416:c500:6575:9612:54cc:5b08, 2a02:a58:8416:c500:6575:9612:54cc:5b08, 10.1.16.19"
10.1.17.23 - - [28/Nov/2025:23:53:59 +0000]  "GET /admin/config/media/image-styles/add HTTP/1.1" 200 9029 "https://dev-nord-staging.pantheonsite.io/admin/config/media/image-styles" "Mozilla/5.0 (Macintosh; Intel Mac OS X 10_15_7) AppleWebKit/537.36 (KHTML, like Gecko) Chrome/142.0.0.0 Safari/537.36" 0.204 "2a02:a58:8416:c500:6575:9612:54cc:5b08, 2a02:a58:8416:c500:6575:9612:54cc:5b08, 10.1.17.23"
10.1.19.28 - - [28/Nov/2025:23:53:59 +0000]  "GET /sites/default/files/css/css_hou3SyeO1TJKMyinmqK_7u6Dsiqp2BLJoIg3i4ysijQ.css?delta=2&language=en&theme=claro&include=eJxVTe0KwyAMfCFbH6mkNnRCZkpyQt3Tz4Fu7N99XxIyjafoTrI4muRyhqQFfKOSxMPqRbL-lAWqspP1kHEsak-S_OLgDPSubzBqs_YnBn-oIVV83cHDmIxzujrbDH3wmvu_vwHLt0PR HTTP/1.1" 200 527 "https://dev-nord-staging.pantheonsite.io/admin/config/media/image-styles/add" "Mozilla/5.0 (Macintosh; Intel Mac OS X 10_15_7) AppleWebKit/537.36 (KHTML, like Gecko) Chrome/142.0.0.0 Safari/537.36" 0.000 "2a02:a58:8416:c500:6575:9612:54cc:5b08, 2a02:a58:8416:c500:6575:9612:54cc:5b08, 10.1.19.28"
10.1.17.23 - - [28/Nov/2025:23:53:59 +0000]  "GET /core/assets/vendor/jquery/jquery.min.js?v=4.0.0-rc.1 HTTP/1.1" 200 32227 "https://dev-nord-staging.pantheonsite.io/admin/config/media/image-styles/add" "Mozilla/5.0 (Macintosh; Intel Mac OS X 10_15_7) AppleWebKit/537.36 (KHTML, like Gecko) Chrome/142.0.0.0 Safari/537.36" 0.000 "2a02:a58:8416:c500:6575:9612:54cc:5b08, 2a02:a58:8416:c500:6575:9612:54cc:5b08, 10.1.17.23"
10.1.19.28 - - [28/Nov/2025:23:53:59 +0000]  "GET /sites/default/files/js/js_bju3-lsE4BPfGeCybUpJsPQjR4jeLZbnKiXHyXoqsDo.js?scope=header&delta=0&language=en&theme=claro&include=eJxdjVEOwyAMQy8E5Qw7SRXA6qJCQBCm9vbrR9HU_dnPlu15WytXOH8LE4ooDh2UXGyjUlp-xGopyVO7Sg0zpqD8gU0s-4NnCm8WWKEM06HKsvVVG52z8YDm3nbz488v6IEqXjGzfAFjVUcW HTTP/1.1" 200 866 "https://dev-nord-staging.pantheonsite.io/admin/config/media/image-styles/add" "Mozilla/5.0 (Macintosh; Intel Mac OS X 10_15_7) AppleWebKit/537.36 (KHTML, like Gecko) Chrome/142.0.0.0 Safari/537.36" 0.000 "2a02:a58:8416:c500:6575:9612:54cc:5b08, 2a02:a58:8416:c500:6575:9612:54cc:5b08, 10.1.19.28"
10.1.18.20 - - [28/Nov/2025:23:53:59 +0000]  "GET /sites/default/files/css/css_yinKzUAg7_S4eWGhLVVDSQe-649RrxvoKhQBoProuc8.css?delta=1&language=en&theme=claro&include=eJxVTe0KwyAMfCFbH6mkNnRCZkpyQt3Tz4Fu7N99XxIyjafoTrI4muRyhqQFfKOSxMPqRbL-lAWqspP1kHEsak-S_OLgDPSubzBqs_YnBn-oIVV83cHDmIxzujrbDH3wmvu_vwHLt0PR HTTP/1.1" 200 27993 "https://dev-nord-staging.pantheonsite.io/admin/config/media/image-styles/add" "Mozilla/5.0 (Macintosh; Intel Mac OS X 10_15_7) AppleWebKit/537.36 (KHTML, like Gecko) Chrome/142.0.0.0 Safari/537.36" 0.000 "2a02:a58:8416:c500:6575:9612:54cc:5b08, 2a02:a58:8416:c500:6575:9612:54cc:5b08, 10.1.18.20"
10.1.22.25 - - [28/Nov/2025:23:54:00 +0000]  "GET /core/misc/icons/bebebe/pencil.svg HTTP/1.1" 200 291 "https://dev-nord-staging.pantheonsite.io/sites/default/files/css/css_hou3SyeO1TJKMyinmqK_7u6Dsiqp2BLJoIg3i4ysijQ.css?delta=2&language=en&theme=claro&include=eJxVTe0KwyAMfCFbH6mkNnRCZkpyQt3Tz4Fu7N99XxIyjafoTrI4muRyhqQFfKOSxMPqRbL-lAWqspP1kHEsak-S_OLgDPSubzBqs_YnBn-oIVV83cHDmIxzujrbDH3wmvu_vwHLt0PR" "Mozilla/5.0 (Macintosh; Intel Mac OS X 10_15_7) AppleWebKit/537.36 (KHTML, like Gecko) Chrome/142.0.0.0 Safari/537.36" 0.000 "2a02:a58:8416:c500:6575:9612:54cc:5b08, 2a02:a58:8416:c500:6575:9612:54cc:5b08, 10.1.22.25"
10.1.18.20 - - [28/Nov/2025:23:54:00 +0000]  "GET /sites/default/files/js/js_v5dHN9OxGCcJo9WcR0mYl4nA9-7xdErDfhOdGgjp8XU.js?scope=footer&delta=1&language=en&theme=claro&include=eJxdjVEOwyAMQy8E5Qw7SRXA6qJCQBCm9vbrR9HU_dnPlu15WytXOH8LE4ooDh2UXGyjUlp-xGopyVO7Sg0zpqD8gU0s-4NnCm8WWKEM06HKsvVVG52z8YDm3nbz488v6IEqXjGzfAFjVUcW HTTP/1.1" 200 148401 "https://dev-nord-staging.pantheonsite.io/admin/config/media/image-styles/add" "Mozilla/5.0 (Macintosh; Intel Mac OS X 10_15_7) AppleWebKit/537.36 (KHTML, like Gecko) Chrome/142.0.0.0 Safari/537.36" 0.841 "2a02:a58:8416:c500:6575:9612:54cc:5b08, 2a02:a58:8416:c500:6575:9612:54cc:5b08, 10.1.18.20"
10.1.17.23 - - [28/Nov/2025:23:54:02 +0000]  "POST /admin/config/media/image-styles/add HTTP/1.1" 303 570 "https://dev-nord-staging.pantheonsite.io/admin/config/media/image-styles/add" "Mozilla/5.0 (Macintosh; Intel Mac OS X 10_15_7) AppleWebKit/537.36 (KHTML, like Gecko) Chrome/142.0.0.0 Safari/537.36" 0.077 "2a02:a58:8416:c500:6575:9612:54cc:5b08, 2a02:a58:8416:c500:6575:9612:54cc:5b08, 10.1.17.23"
10.1.16.20 - - [28/Nov/2025:23:54:03 +0000]  "GET /sites/default/files/css/css_hou3SyeO1TJKMyinmqK_7u6Dsiqp2BLJoIg3i4ysijQ.css?delta=2&language=en&theme=claro&include=eJxVjtEKwzAIRX8obT5p2EQywcShBtZ9_TJIVvqm517xJAaVWFgO4M38ZGolJGmOb-_AMWt_Ae8X2VyED9BRUlxxJmApN-RwMGaFSZtoBaYPBqpQMEKu1IKh-3hoD1c41-UNBnuKeur-T-cepkdcPt1QV-k37zSk7Qt5OVfC HTTP/1.1" 200 527 "https://dev-nord-staging.pantheonsite.io/admin/config/media/image-styles/manage/t" "Mozilla/5.0 (Macintosh; Intel Mac OS X 10_15_7) AppleWebKit/537.36 (KHTML, like Gecko) Chrome/142.0.0.0 Safari/537.36" 0.000 "2a02:a58:8416:c500:6575:9612:54cc:5b08, 2a02:a58:8416:c500:6575:9612:54cc:5b08, 10.1.16.20"
10.1.21.23 - - [28/Nov/2025:23:54:00 +0000]  "GET /sites/default/files/css/css_aoXVFWrwnP8Zrb9yKJvaYb-reCIuFWCf9wbgg49LUHs.css?delta=0&language=en&theme=claro&include=eJxLzMvLL81LTs1NzSspjk9LTU3RTykqLUjM0UvEkNEryc_PSUosAgAtZRTp&exclude=eJxdjmEOwjAIhS_UrWfwJAtjZBJZaYAa5-ndEqvGXzw-HvBQjXJR20D4SQkFTPMqOoMMHrtwWROensVaBRkBg-80HPyW_KoW2KLPep9CVWaw_K6pOVk3nXpk1OL_tpEcodJl2bgcP0vQIxpIX_ySod91ijgC-hQG-yfFL0wzr1PlSrmLF3NcXoQ HTTP/1.1" 200 931 "https://dev-nord-staging.pantheonsite.io/admin/config/media/image-styles/add" "Mozilla/5.0 (Macintosh; Intel Mac OS X 10_15_7) AppleWebKit/537.36 (KHTML, like Gecko) Chrome/142.0.0.0 Safari/537.36" 0.000 "2a02:a58:8416:c500:6575:9612:54cc:5b08, 2a02:a58:8416:c500:6575:9612:54cc:5b08, 10.1.21.23"
10.1.16.19 - - [28/Nov/2025:23:54:03 +0000]  "GET /admin/config/media/image-styles/manage/t HTTP/1.1" 200 11059 "https://dev-nord-staging.pantheonsite.io/admin/config/media/image-styles/add" "Mozilla/5.0 (Macintosh; Intel Mac OS X 10_15_7) AppleWebKit/537.36 (KHTML, like Gecko) Chrome/142.0.0.0 Safari/537.36" 0.760 "2a02:a58:8416:c500:6575:9612:54cc:5b08, 2a02:a58:8416:c500:6575:9612:54cc:5b08, 10.1.16.19"
10.1.21.23 - - [28/Nov/2025:23:54:03 +0000]  "GET /sites/default/files/js/js_bju3-lsE4BPfGeCybUpJsPQjR4jeLZbnKiXHyXoqsDo.js?scope=header&delta=0&language=en&theme=claro&include=eJxljl0OwyAMgy_UnzPsJJWBiGULAUE6dbdfH4omtjf7syXbcdwKF1rdJSaf1eiwHbKGuhfI8iWz5SwO9SxV6jG88YtmYX0OPDAkxwUPHANP8HdWmhWJhsDghEJF_KeVWsnazp2pkRlrbJtVvHtpgNP1cu1vf_xCzaPQLSTWD8CrY4I HTTP/1.1" 200 866 "https://dev-nord-staging.pantheonsite.io/admin/config/media/image-styles/manage/t" "Mozilla/5.0 (Macintosh; Intel Mac OS X 10_15_7) AppleWebKit/537.36 (KHTML, like Gecko) Chrome/142.0.0.0 Safari/537.36" 0.000 "2a02:a58:8416:c500:6575:9612:54cc:5b08, 2a02:a58:8416:c500:6575:9612:54cc:5b08, 10.1.21.23"
10.1.19.28 - - [28/Nov/2025:23:54:03 +0000]  "GET /sites/default/files/styles/t/public/core/modules/image/sample.png?cache_bypass=1764374042&itok=pd_zMKFI HTTP/1.1" 200 211312 "https://dev-nord-staging.pantheonsite.io/admin/config/media/image-styles/manage/t" "Mozilla/5.0 (Macintosh; Intel Mac OS X 10_15_7) AppleWebKit/537.36 (KHTML, like Gecko) Chrome/142.0.0.0 Safari/537.36" 0.000 "2a02:a58:8416:c500:6575:9612:54cc:5b08, 2a02:a58:8416:c500:6575:9612:54cc:5b08, 10.1.19.28"
10.1.22.25 - - [28/Nov/2025:23:54:04 +0000]  "GET /sites/default/files/css/css_96tjX1N5g-Mmnxrlj6yzeyNLIjNAUBxNiZ3aT2JwKBk.css?delta=0&language=en&theme=claro&include=eJxVjtEKwzAIRX8obT5p2EQywcShBtZ9_TJIVvqm517xJAaVWFgO4M38ZGolJGmOb-_AMWt_Ae8X2VyED9BRUlxxJmApN-RwMGaFSZtoBaYPBqpQMEKu1IKh-3hoD1c41-UNBnuKeur-T-cepkdcPt1QV-k37zSk7Qt5OVfC HTTP/1.1" 200 20886 "https://dev-nord-staging.pantheonsite.io/admin/config/media/image-styles/manage/t" "Mozilla/5.0 (Macintosh; Intel Mac OS X 10_15_7) AppleWebKit/537.36 (KHTML, like Gecko) Chrome/142.0.0.0 Safari/537.36" 0.810 "2a02:a58:8416:c500:6575:9612:54cc:5b08, 2a02:a58:8416:c500:6575:9612:54cc:5b08, 10.1.22.25"
10.1.19.28 - - [28/Nov/2025:23:54:05 +0000]  "GET /sites/default/files/js/js_FAPtuWIgqdo6yBGIYZJtUGgTW82QlXO-n5LUp3qps_U.js?scope=footer&delta=1&language=en&theme=claro&include=eJxljl0OwyAMgy_UnzPsJJWBiGULAUE6dbdfH4omtjf7syXbcdwKF1rdJSaf1eiwHbKGuhfI8iWz5SwO9SxV6jG88YtmYX0OPDAkxwUPHANP8HdWmhWJhsDghEJF_KeVWsnazp2pkRlrbJtVvHtpgNP1cu1vf_xCzaPQLSTWD8CrY4I HTTP/1.1" 200 192140 "https://dev-nord-staging.pantheonsite.io/admin/config/media/image-styles/manage/t" "Mozilla/5.0 (Macintosh; Intel Mac OS X 10_15_7) AppleWebKit/537.36 (KHTML, like Gecko) Chrome/142.0.0.0 Safari/537.36" 1.082 "2a02:a58:8416:c500:6575:9612:54cc:5b08, 2a02:a58:8416:c500:6575:9612:54cc:5b08, 10.1.19.28"
10.1.18.20 - - [28/Nov/2025:23:54:03 +0000]  "GET /core/modules/image/sample.png HTTP/1.1" 200 168110 "https://dev-nord-staging.pantheonsite.io/admin/config/media/image-styles/manage/t" "Mozilla/5.0 (Macintosh; Intel Mac OS X 10_15_7) AppleWebKit/537.36 (KHTML, like Gecko) Chrome/142.0.0.0 Safari/537.36" 0.011 "2a02:a58:8416:c500:6575:9612:54cc:5b08, 2a02:a58:8416:c500:6575:9612:54cc:5b08, 10.1.18.20"
10.1.17.23 - - [28/Nov/2025:23:54:04 +0000]  "GET /core/assets/vendor/jquery/jquery.min.js?v=4.0.0-rc.1 HTTP/1.1" 200 32227 "https://dev-nord-staging.pantheonsite.io/admin/config/media/image-styles/manage/t" "Mozilla/5.0 (Macintosh; Intel Mac OS X 10_15_7) AppleWebKit/537.36 (KHTML, like Gecko) Chrome/142.0.0.0 Safari/537.36" 0.000 "2a02:a58:8416:c500:6575:9612:54cc:5b08, 2a02:a58:8416:c500:6575:9612:54cc:5b08, 10.1.17.23"
10.1.18.19 - - [28/Nov/2025:23:54:04 +0000]  "GET /sites/default/files/css/css_UTjv1vCCTsmYEJURqxiI9n0eF30gjViJ9TyDOv1gfzY.css?delta=1&language=en&theme=claro&include=eJxVjtEKwzAIRX8obT5p2EQywcShBtZ9_TJIVvqm517xJAaVWFgO4M38ZGolJGmOb-_AMWt_Ae8X2VyED9BRUlxxJmApN-RwMGaFSZtoBaYPBqpQMEKu1IKh-3hoD1c41-UNBnuKeur-T-cepkdcPt1QV-k37zSk7Qt5OVfC HTTP/1.1" 200 28791 "https://dev-nord-staging.pantheonsite.io/admin/config/media/image-styles/manage/t" "Mozilla/5.0 (Macintosh; Intel Mac OS X 10_15_7) AppleWebKit/537.36 (KHTML, like Gecko) Chrome/142.0.0.0 Safari/537.36" 0.844 "2a02:a58:8416:c500:6575:9612:54cc:5b08, 2a02:a58:8416:c500:6575:9612:54cc:5b08, 10.1.18.19"
10.1.17.23 - - [28/Nov/2025:23:54:07 +0000]  "POST /admin/config/media/image-styles/manage/t HTTP/1.1" 303 570 "https://dev-nord-staging.pantheonsite.io/admin/config/media/image-styles/manage/t" "Mozilla/5.0 (Macintosh; Intel Mac OS X 10_15_7) AppleWebKit/537.36 (KHTML, like Gecko) Chrome/142.0.0.0 Safari/537.36" 0.365 "2a02:a58:8416:c500:6575:9612:54cc:5b08, 2a02:a58:8416:c500:6575:9612:54cc:5b08, 10.1.17.23"
10.1.21.23 - - [28/Nov/2025:23:54:05 +0000]  "GET /core/misc/icons/bebebe/pencil.svg HTTP/1.1" 200 291 "https://dev-nord-staging.pantheonsite.io/sites/default/files/css/css_hou3SyeO1TJKMyinmqK_7u6Dsiqp2BLJoIg3i4ysijQ.css?delta=2&language=en&theme=claro&include=eJxVjtEKwzAIRX8obT5p2EQywcShBtZ9_TJIVvqm517xJAaVWFgO4M38ZGolJGmOb-_AMWt_Ae8X2VyED9BRUlxxJmApN-RwMGaFSZtoBaYPBqpQMEKu1IKh-3hoD1c41-UNBnuKeur-T-cepkdcPt1QV-k37zSk7Qt5OVfC" "Mozilla/5.0 (Macintosh; Intel Mac OS X 10_15_7) AppleWebKit/537.36 (KHTML, like Gecko) Chrome/142.0.0.0 Safari/537.36" 0.000 "2a02:a58:8416:c500:6575:9612:54cc:5b08, 2a02:a58:8416:c500:6575:9612:54cc:5b08, 10.1.21.23"
10.1.21.23 - - [28/Nov/2025:23:54:05 +0000]  "GET /sites/default/files/css/css_aoXVFWrwnP8Zrb9yKJvaYb-reCIuFWCf9wbgg49LUHs.css?delta=0&language=en&theme=claro&include=eJxLzMvLL81LTs1NzSspjk9LTU3RTykqLUjM0UvEkNEryc_PSUosAgAtZRTp&exclude=eJxdjmEOwjAIhS_UrWfwJAtjZBJZaYAa5-ndEqvGXzw-HvBQjXJR20D4SQkFTPMqOoMMHrtwWROensVaBRkBg-80HPyW_KoW2KLPep9CVWaw_K6pOVk3nXpk1OL_tpEcodJl2bgcP0vQIxpIX_ySod91ijgC-hQG-yfFL0wzr1PlSrmLF3NcXoQ HTTP/1.1" 200 931 "https://dev-nord-staging.pantheonsite.io/admin/config/media/image-styles/manage/t" "Mozilla/5.0 (Macintosh; Intel Mac OS X 10_15_7) AppleWebKit/537.36 (KHTML, like Gecko) Chrome/142.0.0.0 Safari/537.36" 0.000 "2a02:a58:8416:c500:6575:9612:54cc:5b08, 2a02:a58:8416:c500:6575:9612:54cc:5b08, 10.1.21.23"
10.1.17.23 - - [28/Nov/2025:23:54:08 +0000]  "GET /admin/config/media/image-styles/manage/t HTTP/1.1" 200 11061 "https://dev-nord-staging.pantheonsite.io/admin/config/media/image-styles/manage/t" "Mozilla/5.0 (Macintosh; Intel Mac OS X 10_15_7) AppleWebKit/537.36 (KHTML, like Gecko) Chrome/142.0.0.0 Safari/537.36" 0.834 "2a02:a58:8416:c500:6575:9612:54cc:5b08, 2a02:a58:8416:c500:6575:9612:54cc:5b08, 10.1.17.23"
10.1.18.20 - - [28/Nov/2025:23:54:08 +0000]  "GET /core/modules/image/sample.png HTTP/1.1" 200 168110 "https://dev-nord-staging.pantheonsite.io/admin/config/media/image-styles/manage/t" "Mozilla/5.0 (Macintosh; Intel Mac OS X 10_15_7) AppleWebKit/537.36 (KHTML, like Gecko) Chrome/142.0.0.0 Safari/537.36" 0.000 "2a02:a58:8416:c500:6575:9612:54cc:5b08, 2a02:a58:8416:c500:6575:9612:54cc:5b08, 10.1.18.20"
10.1.17.23 - - [28/Nov/2025:23:54:08 +0000]  "GET /sites/default/files/css/css_96tjX1N5g-Mmnxrlj6yzeyNLIjNAUBxNiZ3aT2JwKBk.css?delta=0&language=en&theme=claro&include=eJxVjtEKwzAIRX8obT5p2EQywcShBtZ9_TJIVvqm517xJAaVWFgO4M38ZGolJGmOb-_AMWt_Ae8X2VyED9BRUlxxJmApN-RwMGaFSZtoBaYPBqpQMEKu1IKh-3hoD1c41-UNBnuKeur-T-cepkdcPt1QV-k37zSk7Qt5OVfC HTTP/1.1" 200 20886 "https://dev-nord-staging.pantheonsite.io/admin/config/media/image-styles/manage/t" "Mozilla/5.0 (Macintosh; Intel Mac OS X 10_15_7) AppleWebKit/537.36 (KHTML, like Gecko) Chrome/142.0.0.0 Safari/537.36" 0.000 "2a02:a58:8416:c500:6575:9612:54cc:5b08, 2a02:a58:8416:c500:6575:9612:54cc:5b08, 10.1.17.23"
10.1.22.25 - - [28/Nov/2025:23:54:08 +0000]  "GET /sites/default/files/css/css_UTjv1vCCTsmYEJURqxiI9n0eF30gjViJ9TyDOv1gfzY.css?delta=1&language=en&theme=claro&include=eJxVjtEKwzAIRX8obT5p2EQywcShBtZ9_TJIVvqm517xJAaVWFgO4M38ZGolJGmOb-_AMWt_Ae8X2VyED9BRUlxxJmApN-RwMGaFSZtoBaYPBqpQMEKu1IKh-3hoD1c41-UNBnuKeur-T-cepkdcPt1QV-k37zSk7Qt5OVfC HTTP/1.1" 200 28791 "https://dev-nord-staging.pantheonsite.io/admin/config/media/image-styles/manage/t" "Mozilla/5.0 (Macintosh; Intel Mac OS X 10_15_7) AppleWebKit/537.36 (KHTML, like Gecko) Chrome/142.0.0.0 Safari/537.36" 0.000 "2a02:a58:8416:c500:6575:9612:54cc:5b08, 2a02:a58:8416:c500:6575:9612:54cc:5b08, 10.1.22.25"
10.1.22.25 - - [28/Nov/2025:23:54:08 +0000]  "GET /sites/default/files/js/js_bju3-lsE4BPfGeCybUpJsPQjR4jeLZbnKiXHyXoqsDo.js?scope=header&delta=0&language=en&theme=claro&include=eJxljl0OwyAMgy_UnzPsJJWBiGULAUE6dbdfH4omtjf7syXbcdwKF1rdJSaf1eiwHbKGuhfI8iWz5SwO9SxV6jG88YtmYX0OPDAkxwUPHANP8HdWmhWJhsDghEJF_KeVWsnazp2pkRlrbJtVvHtpgNP1cu1vf_xCzaPQLSTWD8CrY4I HTTP/1.1" 200 866 "https://dev-nord-staging.pantheonsite.io/admin/config/media/image-styles/manage/t" "Mozilla/5.0 (Macintosh; Intel Mac OS X 10_15_7) AppleWebKit/537.36 (KHTML, like Gecko) Chrome/142.0.0.0 Safari/537.36" 0.000 "2a02:a58:8416:c500:6575:9612:54cc:5b08, 2a02:a58:8416:c500:6575:9612:54cc:5b08, 10.1.22.25"
10.1.16.20 - - [28/Nov/2025:23:54:09 +0000]  "GET /sites/default/files/styles/t/public/core/modules/image/sample.png?cache_bypass=1764374048&itok=pd_zMKFI HTTP/1.1" 200 211312 "https://dev-nord-staging.pantheonsite.io/admin/config/media/image-styles/manage/t" "Mozilla/5.0 (Macintosh; Intel Mac OS X 10_15_7) AppleWebKit/537.36 (KHTML, like Gecko) Chrome/142.0.0.0 Safari/537.36" 0.001 "2a02:a58:8416:c500:6575:9612:54cc:5b08, 2a02:a58:8416:c500:6575:9612:54cc:5b08, 10.1.16.20"
